Component: ARM Compiler 5.06 update 6 (build 750) Tool: armlink [4d35ed]

==============================================================================

Section Cross References

    main.o(i.LED_thread) refers to main.o(i.MX_GPIO_Init) for MX_GPIO_Init
    main.o(i.LED_thread) refers to stm32f1xx_hal_gpio.o(i.HAL_GPIO_WritePin) for HAL_GPIO_WritePin
    main.o(i.LED_thread) refers to thread.o(i.rt_thread_delay) for rt_thread_delay
    main.o(i.MX_GPIO_Init) refers to stm32f1xx_hal_gpio.o(i.HAL_GPIO_WritePin) for HAL_GPIO_WritePin
    main.o(i.MX_GPIO_Init) refers to stm32f1xx_hal_gpio.o(i.HAL_GPIO_Init) for HAL_GPIO_Init
    main.o(i.main) refers to thread.o(i.rt_thread_create) for rt_thread_create
    main.o(i.main) refers to thread.o(i.rt_thread_startup) for rt_thread_startup
    main.o(i.main) refers to main.o(i.LED_thread) for LED_thread
    main.o(i.main) refers to main.o(.data) for LED_tid
    board.o(i.SysTick_Handler) refers to irq.o(i.rt_interrupt_enter) for rt_interrupt_enter
    board.o(i.SysTick_Handler) refers to clock.o(i.rt_tick_increase) for rt_tick_increase
    board.o(i.SysTick_Handler) refers to irq.o(i.rt_interrupt_leave) for rt_interrupt_leave
    board.o(i.SystemClock_Config) refers to stm32f1xx_hal_rcc.o(i.HAL_RCC_OscConfig) for HAL_RCC_OscConfig
    board.o(i.SystemClock_Config) refers to stm32f1xx_hal_rcc.o(i.HAL_RCC_ClockConfig) for HAL_RCC_ClockConfig
    board.o(i.rt_heap_begin_get) refers to board.o(.bss) for rt_heap
    board.o(i.rt_heap_end_get) refers to board.o(.bss) for rt_heap
    board.o(i.rt_hw_board_init) refers to stm32f1xx_hal.o(i.HAL_Init) for HAL_Init
    board.o(i.rt_hw_board_init) refers to board.o(i.SystemClock_Config) for SystemClock_Config
    board.o(i.rt_hw_board_init) refers to board.o(i._SysTick_Config) for _SysTick_Config
    board.o(i.rt_hw_board_init) refers to board.o(i.rt_heap_end_get) for rt_heap_end_get
    board.o(i.rt_hw_board_init) refers to board.o(i.rt_heap_begin_get) for rt_heap_begin_get
    board.o(i.rt_hw_board_init) refers to mem.o(i.rt_system_heap_init) for rt_system_heap_init
    board.o(i.rt_hw_board_init) refers to system_stm32f1xx.o(.data) for SystemCoreClock
    clock.o(i.rt_tick_get) refers to clock.o(.data) for rt_tick
    clock.o(i.rt_tick_increase) refers to thread.o(i.rt_thread_self) for rt_thread_self
    clock.o(i.rt_tick_increase) refers to thread.o(i.rt_thread_yield) for rt_thread_yield
    clock.o(i.rt_tick_increase) refers to timer.o(i.rt_timer_check) for rt_timer_check
    clock.o(i.rt_tick_increase) refers to clock.o(.data) for rt_tick
    clock.o(i.rt_tick_set) refers to context_rvds.o(.text) for rt_hw_interrupt_disable
    clock.o(i.rt_tick_set) refers to clock.o(.data) for rt_tick
    components.o(i.$Sub$$main) refers to components.o(i.rtthread_startup) for rtthread_startup
    components.o(i.main_thread_entry) refers to main.o(i.main) for $Super$$main
    components.o(i.rt_application_init) refers to thread.o(i.rt_thread_create) for rt_thread_create
    components.o(i.rt_application_init) refers to thread.o(i.rt_thread_startup) for rt_thread_startup
    components.o(i.rt_application_init) refers to components.o(i.main_thread_entry) for main_thread_entry
    components.o(i.rtthread_startup) refers to context_rvds.o(.text) for rt_hw_interrupt_disable
    components.o(i.rtthread_startup) refers to board.o(i.rt_hw_board_init) for rt_hw_board_init
    components.o(i.rtthread_startup) refers to kservice.o(i.rt_show_version) for rt_show_version
    components.o(i.rtthread_startup) refers to timer.o(i.rt_system_timer_init) for rt_system_timer_init
    components.o(i.rtthread_startup) refers to scheduler.o(i.rt_system_scheduler_init) for rt_system_scheduler_init
    components.o(i.rtthread_startup) refers to components.o(i.rt_application_init) for rt_application_init
    components.o(i.rtthread_startup) refers to timer.o(i.rt_system_timer_thread_init) for rt_system_timer_thread_init
    components.o(i.rtthread_startup) refers to idle.o(i.rt_thread_idle_init) for rt_thread_idle_init
    components.o(i.rtthread_startup) refers to scheduler.o(i.rt_system_scheduler_start) for rt_system_scheduler_start
    idle.o(i.rt_thread_idle_entry) refers to idle.o(i.rt_thread_idle_excute) for rt_thread_idle_excute
    idle.o(i.rt_thread_idle_excute) refers to context_rvds.o(.text) for rt_hw_interrupt_disable
    idle.o(i.rt_thread_idle_excute) refers to mem.o(i.rt_free) for rt_free
    idle.o(i.rt_thread_idle_excute) refers to object.o(i.rt_object_delete) for rt_object_delete
    idle.o(i.rt_thread_idle_excute) refers to scheduler.o(.data) for rt_thread_defunct
    idle.o(i.rt_thread_idle_gethandler) refers to idle.o(.bss) for idle
    idle.o(i.rt_thread_idle_init) refers to thread.o(i.rt_thread_init) for rt_thread_init
    idle.o(i.rt_thread_idle_init) refers to thread.o(i.rt_thread_startup) for rt_thread_startup
    idle.o(i.rt_thread_idle_init) refers to idle.o(.bss) for rt_thread_stack
[...]
    ..\Source\MCU\HALLIB\STM32F1xx_HAL_Driver\Src\stm32f1xx_hal_dac_ex.c 0x00000000   Number         0  stm32f1xx_hal_dac_ex.o ABSOLUTE
    ..\Source\MCU\HALLIB\STM32F1xx_HAL_Driver\Src\stm32f1xx_hal_dma.c 0x00000000   Number         0  stm32f1xx_hal_dma.o ABSOLUTE
    ..\Source\MCU\HALLIB\STM32F1xx_HAL_Driver\Src\stm32f1xx_hal_eth.c 0x00000000   Number         0  stm32f1xx_hal_eth.o ABSOLUTE
    ..\Source\MCU\HALLIB\STM32F1xx_HAL_Driver\Src\stm32f1xx_hal_exti.c 0x00000000   Number         0  stm32f1xx_hal_exti.o ABSOLUTE
    ..\Source\MCU\HALLIB\STM32F1xx_HAL_Driver\Src\stm32f1xx_hal_flash.c 0x00000000   Number         0  stm32f1xx_hal_flash.o ABSOLUTE
    ..\Source\MCU\HALLIB\STM32F1xx_HAL_Driver\Src\stm32f1xx_hal_flash_ex.c 0x00000000   Number         0  stm32f1xx_hal_flash_ex.o ABSOLUTE
    ..\Source\MCU\HALLIB\STM32F1xx_HAL_Driver\Src\stm32f1xx_hal_gpio.c 0x00000000   Number         0  stm32f1xx_hal_gpio.o ABSOLUTE
    ..\Source\MCU\HALLIB\STM32F1xx_HAL_Driver\Src\stm32f1xx_hal_gpio_ex.c 0x00000000   Number         0  stm32f1xx_hal_gpio_ex.o ABSOLUTE
    ..\Source\MCU\HALLIB\STM32F1xx_HAL_Driver\Src\stm32f1xx_hal_hcd.c 0x00000000   Number         0  stm32f1xx_hal_hcd.o ABSOLUTE
    ..\Source\MCU\HALLIB\STM32F1xx_HAL_Driver\Src\stm32f1xx_hal_i2c.c 0x00000000   Number         0  stm32f1xx_hal_i2c.o ABSOLUTE
    ..\Source\MCU\HALLIB\STM32F1xx_HAL_Driver\Src\stm32f1xx_hal_i2s.c 0x00000000   Number         0  stm32f1xx_hal_i2s.o ABSOLUTE
    ..\Source\MCU\HALLIB\STM32F1xx_HAL_Driver\Src\stm32f1xx_hal_irda.c 0x00000000   Number         0  stm32f1xx_hal_irda.o ABSOLUTE
    ..\Source\MCU\HALLIB\STM32F1xx_HAL_Driver\Src\stm32f1xx_hal_iwdg.c 0x00000000   Number         0  stm32f1xx_hal_iwdg.o ABSOLUTE
    ..\Source\MCU\HALLIB\STM32F1xx_HAL_Driver\Src\stm32f1xx_hal_mmc.c 0x00000000   Number         0  stm32f1xx_hal_mmc.o ABSOLUTE
    ..\Source\MCU\HALLIB\STM32F1xx_HAL_Driver\Src\stm32f1xx_hal_nand.c 0x00000000   Number         0  stm32f1xx_hal_nand.o ABSOLUTE
    ..\Source\MCU\HALLIB\STM32F1xx_HAL_Driver\Src\stm32f1xx_hal_nor.c 0x00000000   Number         0  stm32f1xx_hal_nor.o ABSOLUTE
    ..\Source\MCU\HALLIB\STM32F1xx_HAL_Driver\Src\stm32f1xx_hal_pccard.c 0x00000000   Number         0  stm32f1xx_hal_pccard.o ABSOLUTE
    ..\Source\MCU\HALLIB\STM32F1xx_HAL_Driver\Src\stm32f1xx_hal_pcd.c 0x00000000   Number         0  stm32f1xx_hal_pcd.o ABSOLUTE
    ..\Source\MCU\HALLIB\STM32F1xx_HAL_Driver\Src\stm32f1xx_hal_pcd_ex.c 0x00000000   Number         0  stm32f1xx_hal_pcd_ex.o ABSOLUTE
    ..\Source\MCU\HALLIB\STM32F1xx_HAL_Driver\Src\stm32f1xx_hal_pwr.c 0x00000000   Number         0  stm32f1xx_hal_pwr.o ABSOLUTE
    ..\Source\MCU\HALLIB\STM32F1xx_HAL_Driver\Src\stm32f1xx_hal_rcc.c 0x00000000   Number         0  stm32f1xx_hal_rcc.o ABSOLUTE
    ..\Source\MCU\HALLIB\STM32F1xx_HAL_Driver\Src\stm32f1xx_hal_rcc_ex.c 0x00000000   Number         0  stm32f1xx_hal_rcc_ex.o ABSOLUTE
    ..\Source\MCU\HALLIB\STM32F1xx_HAL_Driver\Src\stm32f1xx_hal_rtc.c 0x00000000   Number         0  stm32f1xx_hal_rtc.o ABSOLUTE
    ..\Source\MCU\HALLIB\STM32F1xx_HAL_Driver\Src\stm32f1xx_hal_rtc_ex.c 0x00000000   Number         0  stm32f1xx_hal_rtc_ex.o ABSOLUTE
    ..\Source\MCU\HALLIB\STM32F1xx_HAL_Driver\Src\stm32f1xx_hal_sd.c 0x00000000   Number         0  stm32f1xx_hal_sd.o ABSOLUTE
    ..\Source\MCU\HALLIB\STM32F1xx_HAL_Driver\Src\stm32f1xx_hal_smartcard.c 0x00000000   Number         0  stm32f1xx_hal_smartcard.o ABSOLUTE
    ..\Source\MCU\HALLIB\STM32F1xx_HAL_Driver\Src\stm32f1xx_hal_spi.c 0x00000000   Number         0  stm32f1xx_hal_spi.o ABSOLUTE
    ..\Source\MCU\HALLIB\STM32F1xx_HAL_Driver\Src\stm32f1xx_hal_sram.c 0x00000000   Number         0  stm32f1xx_hal_sram.o ABSOLUTE
    ..\Source\MCU\HALLIB\STM32F1xx_HAL_Driver\Src\stm32f1xx_hal_tim.c 0x00000000   Number         0  stm32f1xx_hal_tim.o ABSOLUTE
    ..\Source\MCU\HALLIB\STM32F1xx_HAL_Driver\Src\stm32f1xx_hal_tim_ex.c 0x00000000   Number         0  stm32f1xx_hal_tim_ex.o ABSOLUTE
    ..\Source\MCU\HALLIB\STM32F1xx_HAL_Driver\Src\stm32f1xx_hal_uart.c 0x00000000   Number         0  stm32f1xx_hal_uart.o ABSOLUTE
    ..\Source\MCU\HALLIB\STM32F1xx_HAL_Driver\Src\stm32f1xx_hal_usart.c 0x00000000   Number         0  stm32f1xx_hal_usart.o ABSOLUTE
    ..\Source\MCU\HALLIB\STM32F1xx_HAL_Driver\Src\stm32f1xx_hal_wwdg.c 0x00000000   Number         0  stm32f1xx_hal_wwdg.o ABSOLUTE
    ..\Source\MCU\HALLIB\STM32F1xx_HAL_Driver\Src\stm32f1xx_ll_adc.c 0x00000000   Number         0  stm32f1xx_ll_adc.o ABSOLUTE
    ..\Source\MCU\HALLIB\STM32F1xx_HAL_Driver\Src\stm32f1xx_ll_crc.c 0x00000000   Number         0  stm32f1xx_ll_crc.o ABSOLUTE
    ..\Source\MCU\HALLIB\STM32F1xx_HAL_Driver\Src\stm32f1xx_ll_dac.c 0x00000000   Number         0  stm32f1xx_ll_dac.o ABSOLUTE
    ..\Source\MCU\HALLIB\STM32F1xx_HAL_Driver\Src\stm32f1xx_ll_dma.c 0x00000000   Number         0  stm32f1xx_ll_dma.o ABSOLUTE
    ..\Source\MCU\HALLIB\STM32F1xx_HAL_Driver\Src\stm32f1xx_ll_exti.c 0x00000000   Number         0  stm32f1xx_ll_exti.o ABSOLUTE
    ..\Source\MCU\HALLIB\STM32F1xx_HAL_Driver\Src\stm32f1xx_ll_fsmc.c 0x00000000   Number         0  stm32f1xx_ll_fsmc.o ABSOLUTE
    ..\Source\MCU\HALLIB\STM32F1xx_HAL_Driver\Src\stm32f1xx_ll_gpio.c 0x00000000   Number         0  stm32f1xx_ll_gpio.o ABSOLUTE
    ..\Source\MCU\HALLIB\STM32F1xx_HAL_Driver\Src\stm32f1xx_ll_i2c.c 0x00000000   Number         0  stm32f1xx_ll_i2c.o ABSOLUTE
    ..\Source\MCU\HALLIB\STM32F1xx_HAL_Driver\Src\stm32f1xx_ll_pwr.c 0x00000000   Number         0  stm32f1xx_ll_pwr.o ABSOLUTE
    ..\Source\MCU\HALLIB\STM32F1xx_HAL_Driver\Src\stm32f1xx_ll_rcc.c 0x00000000   Number         0  stm32f1xx_ll_rcc.o ABSOLUTE
    ..\Source\MCU\HALLIB\STM32F1xx_HAL_Driver\Src\stm32f1xx_ll_rtc.c 0x00000000   Number         0  stm32f1xx_ll_rtc.o ABSOLUTE
    ..\Source\MCU\HALLIB\STM32F1xx_HAL_Driver\Src\stm32f1xx_ll_sdmmc.c 0x00000000   Number         0  stm32f1xx_ll_sdmmc.o ABSOLUTE
    ..\Source\MCU\HALLIB\STM32F1xx_HAL_Driver\Src\stm32f1xx_ll_spi.c 0x00000000   Number         0  stm32f1xx_ll_spi.o ABSOLUTE
    ..\Source\MCU\HALLIB\STM32F1xx_HAL_Driver\Src\stm32f1xx_ll_tim.c 0x00000000   Number         0  stm32f1xx_ll_tim.o ABSOLUTE
    ..\Source\MCU\HALLIB\STM32F1xx_HAL_Driver\Src\stm32f1xx_ll_usart.c 0x00000000   Number         0  stm32f1xx_ll_usart.o ABSOLUTE
    ..\Source\MCU\HALLIB\STM32F1xx_HAL_Driver\Src\stm32f1xx_ll_usb.c 0x00000000   Number         0  stm32f1xx_ll_usb.o ABSOLUTE
    ..\Source\MCU\HALLIB\STM32F1xx_HAL_Driver\Src\stm32f1xx_ll_utils.c 0x00000000   Number         0  stm32f1xx_ll_utils.o ABSOLUTE
    ..\Source\MCU\stm32f1xx_hal_msp.c        0x00000000   Number         0  stm32f1xx_hal_msp.o ABSOLUTE
    ..\Source\MCU\system_stm32f1xx.c         0x00000000   Number         0  system_stm32f1xx.o ABSOLUTE
    ..\Source\OS\bsp\board.c                 0x00000000   Number         0  board.o ABSOLUTE
    ..\Source\OS\kernel\src\clock.c          0x00000000   Number         0  clock.o ABSOLUTE
    ..\Source\OS\kernel\src\components.c     0x00000000   Number         0  components.o ABSOLUTE
    ..\Source\OS\kernel\src\cpu.c            0x00000000   Number         0  cpu.o ABSOLUTE
    ..\Source\OS\kernel\src\idle.c           0x00000000   Number         0  idle.o ABSOLUTE
    ..\Source\OS\kernel\src\ipc.c            0x00000000   Number         0  ipc.o ABSOLUTE
    ..\Source\OS\kernel\src\irq.c            0x00000000   Number         0  irq.o ABSOLUTE
    ..\Source\OS\kernel\src\kservice.c       0x00000000   Number         0  kservice.o ABSOLUTE
    ..\Source\OS\kernel\src\mem.c            0x00000000   Number         0  mem.o ABSOLUTE
    ..\Source\OS\kernel\src\memheap.c        0x00000000   Number         0  memheap.o ABSOLUTE
    ..\Source\OS\kernel\src\mempool.c        0x00000000   Number         0  mempool.o ABSOLUTE
    ..\Source\OS\kernel\src\object.c         0x00000000   Number         0  object.o ABSOLUTE
    ..\Source\OS\kernel\src\scheduler.c      0x00000000   Number         0  scheduler.o ABSOLUTE
    ..\Source\OS\kernel\src\slab.c           0x00000000   Number         0  slab.o ABSOLUTE
    ..\Source\OS\kernel\src\thread.c         0x00000000   Number         0  thread.o ABSOLUTE
    ..\Source\OS\kernel\src\timer.c          0x00000000   Number         0  timer.o ABSOLUTE
    ..\Source\OS\port\cortex-m3\context_rvds.S 0x00000000   Number         0  context_rvds.o ABSOLUTE
    ..\Source\OS\port\cortex-m3\cpuport.c    0x00000000   Number         0  cpuport.o ABSOLUTE
    ..\\Source\\APP\\Src\\main.c             0x00000000   Number         0  main.o ABSOLUTE
    ..\\Source\\APP\\Src\\stm32f1xx_it.c     0x00000000   Number         0  stm32f1xx_it.o ABSOLUTE
    ..\\Source\\MCU\\HALLIB\\STM32F1xx_HAL_Driver\\Src\\stm32f1xx_hal.c 0x00000000   Number         0  stm32f1xx_hal.o ABSOLUTE
    ..\\Source\\MCU\\HALLIB\\STM32F1xx_HAL_Driver\\Src\\stm32f1xx_hal_adc.c 0x00000000   Number         0  stm32f1xx_hal_adc.o ABSOLUTE
    ..\\Source\\MCU\\HALLIB\\STM32F1xx_HAL_Driver\\Src\\stm32f1xx_hal_adc_ex.c 0x00000000   Number         0  stm32f1xx_hal_adc_ex.o ABSOLUTE
    ..\\Source\\MCU\\HALLIB\\STM32F1xx_HAL_Driver\\Src\\stm32f1xx_hal_can.c 0x00000000   Number         0  stm32f1xx_hal_can.o ABSOLUTE
    ..\\Source\\MCU\\HALLIB\\STM32F1xx_HAL_Driver\\Src\\stm32f1xx_hal_cec.c 0x00000000   Number         0  stm32f1xx_hal_cec.o ABSOLUTE
    ..\\Source\\MCU\\HALLIB\\STM32F1xx_HAL_Driver\\Src\\stm32f1xx_hal_cortex.c 0x00000000   Number         0  stm32f1xx_hal_cortex.o ABSOLUTE
    ..\\Source\\MCU\\HALLIB\\STM32F1xx_HAL_Driver\\Src\\stm32f1xx_hal_crc.c 0x00000000   Number         0  stm32f1xx_hal_crc.o ABSOLUTE
    ..\\Source\\MCU\\HALLIB\\STM32F1xx_HAL_Driver\\Src\\stm32f1xx_hal_dac.c 0x00000000   Number         0  stm32f1xx_hal_dac.o ABSOLUTE
    ..\\Source\\MCU\\HALLIB\\STM32F1xx_HAL_Driver\\Src\\stm32f1xx_hal_dac_ex.c 0x00000000   Number         0  stm32f1xx_hal_dac_ex.o ABSOLUTE
    ..\\Source\\MCU\\HALLIB\\STM32F1xx_HAL_Driver\\Src\\stm32f1xx_hal_dma.c 0x00000000   Number         0  stm32f1xx_hal_dma.o ABSOLUTE
    ..\\Source\\MCU\\HALLIB\\STM32F1xx_HAL_Driver\\Src\\stm32f1xx_hal_eth.c 0x00000000   Number         0  stm32f1xx_hal_eth.o ABSOLUTE
    ..\\Source\\MCU\\HALLIB\\STM32F1xx_HAL_Driver\\Src\\stm32f1xx_hal_exti.c 0x00000000   Number         0  stm32f1xx_hal_exti.o ABSOLUTE
    ..\\Source\\MCU\\HALLIB\\STM32F1xx_HAL_Driver\\Src\\stm32f1xx_hal_flash.c 0x00000000   Number         0  stm32f1xx_hal_flash.o ABSOLUTE
    ..\\Source\\MCU\\HALLIB\\STM32F1xx_HAL_Driver\\Src\\stm32f1xx_hal_flash_ex.c 0x00000000   Number         0  stm32f1xx_hal_flash_ex.o ABSOLUTE
    ..\\Source\\MCU\\HALLIB\\STM32F1xx_HAL_Driver\\Src\\stm32f1xx_hal_gpio.c 0x00000000   Number         0  stm32f1xx_hal_gpio.o ABSOLUTE
    ..\\Source\\MCU\\HALLIB\\STM32F1xx_HAL_Driver\\Src\\stm32f1xx_hal_gpio_ex.c 0x00000000   Number         0  stm32f1xx_hal_gpio_ex.o ABSOLUTE
    ..\\Source\\MCU\\HALLIB\\STM32F1xx_HAL_Driver\\Src\\stm32f1xx_hal_hcd.c 0x00000000   Number         0  stm32f1xx_hal_hcd.o ABSOLUTE
    ..\\Source\\MCU\\HALLIB\\STM32F1xx_HAL_Driver\\Src\\stm32f1xx_hal_i2c.c 0x00000000   Number         0  stm32f1xx_hal_i2c.o ABSOLUTE
    ..\\Source\\MCU\\HALLIB\\STM32F1xx_HAL_Driver\\Src\\stm32f1xx_hal_i2s.c 0x00000000   Number         0  stm32f1xx_hal_i2s.o ABSOLUTE
    ..\\Source\\MCU\\HALLIB\\STM32F1xx_HAL_Driver\\Src\\stm32f1xx_hal_irda.c 0x00000000   Number         0  stm32f1xx_hal_irda.o ABSOLUTE
    ..\\Source\\MCU\\HALLIB\\STM32F1xx_HAL_Driver\\Src\\stm32f1xx_hal_iwdg.c 0x00000000   Number         0  stm32f1xx_hal_iwdg.o ABSOLUTE
    ..\\Source\\MCU\\HALLIB\\STM32F1xx_HAL_Driver\\Src\\stm32f1xx_hal_mmc.c 0x00000000   Number         0  stm32f1xx_hal_mmc.o ABSOLUTE
    ..\\Source\\MCU\\HALLIB\\STM32F1xx_HAL_Driver\\Src\\stm32f1xx_hal_nand.c 0x00000000   Number         0  stm32f1xx_hal_nand.o ABSOLUTE
    ..\\Source\\MCU\\HALLIB\\STM32F1xx_HAL_Driver\\Src\\stm32f1xx_hal_nor.c 0x00000000   Number         0  stm32f1xx_hal_nor.o ABSOLUTE
    ..\\Source\\MCU\\HALLIB\\STM32F1xx_HAL_Driver\\Src\\stm32f1xx_hal_pccard.c 0x00000000   Number         0  stm32f1xx_hal_pccard.o ABSOLUTE
    ..\\Source\\MCU\\HALLIB\\STM32F1xx_HAL_Driver\\Src\\stm32f1xx_hal_pcd.c 0x00000000   Number         0  stm32f1xx_hal_pcd.o ABSOLUTE
    ..\\Source\\MCU\\HALLIB\\STM32F1xx_HAL_Driver\\Src\\stm32f1xx_hal_pcd_ex.c 0x00000000   Number         0  stm32f1xx_hal_pcd_ex.o ABSOLUTE
    ..\\Source\\MCU\\HALLIB\\STM32F1xx_HAL_Driver\\Src\\stm32f1xx_hal_pwr.c 0x00000000   Number         0  stm32f1xx_hal_pwr.o ABSOLUTE
    ..\\Source\\MCU\\HALLIB\\STM32F1xx_HAL_Driver\\Src\\stm32f1xx_hal_rcc.c 0x00000000   Number         0  stm32f1xx_hal_rcc.o ABSOLUTE
    ..\\Source\\MCU\\HALLIB\\STM32F1xx_HAL_Driver\\Src\\stm32f1xx_hal_rcc_ex.c 0x00000000   Number         0  stm32f1xx_hal_rcc_ex.o ABSOLUTE
    ..\\Source\\MCU\\HALLIB\\STM32F1xx_HAL_Driver\\Src\\stm32f1xx_hal_rtc.c 0x00000000   Number         0  stm32f1xx_hal_rtc.o ABSOLUTE
    ..\\Source\\MCU\\HALLIB\\STM32F1xx_HAL_Driver\\Src\\stm32f1xx_hal_rtc_ex.c 0x00000000   Number         0  stm32f1xx_hal_rtc_ex.o ABSOLUTE
    ..\\Source\\MCU\\HALLIB\\STM32F1xx_HAL_Driver\\Src\\stm32f1xx_hal_sd.c 0x00000000   Number         0  stm32f1xx_hal_sd.o ABSOLUTE
    ..\\Source\\MCU\\HALLIB\\STM32F1xx_HAL_Driver\\Src\\stm32f1xx_hal_smartcard.c 0x00000000   Number         0  stm32f1xx_hal_smartcard.o ABSOLUTE
    ..\\Source\\MCU\\HALLIB\\STM32F1xx_HAL_Driver\\Src\\stm32f1xx_hal_spi.c 0x00000000   Number         0  stm32f1xx_hal_spi.o ABSOLUTE
    ..\\Source\\MCU\\HALLIB\\STM32F1xx_HAL_Driver\\Src\\stm32f1xx_hal_sram.c 0x00000000   Number         0  stm32f1xx_hal_sram.o ABSOLUTE
    ..\\Source\\MCU\\HALLIB\\STM32F1xx_HAL_Driver\\Src\\stm32f1xx_hal_tim.c 0x00000000   Number         0  stm32f1xx_hal_tim.o ABSOLUTE
    ..\\Source\\MCU\\HALLIB\\STM32F1xx_HAL_Driver\\Src\\stm32f1xx_hal_tim_ex.c 0x00000000   Number         0  stm32f1xx_hal_tim_ex.o ABSOLUTE
    ..\\Source\\MCU\\HALLIB\\STM32F1xx_HAL_Driver\\Src\\stm32f1xx_hal_uart.c 0x00000000   Number         0  stm32f1xx_hal_uart.o ABSOLUTE
    ..\\Source\\MCU\\HALLIB\\STM32F1xx_HAL_Driver\\Src\\stm32f1xx_hal_usart.c 0x00000000   Number         0  stm32f1xx_hal_usart.o ABSOLUTE
    ..\\Source\\MCU\\HALLIB\\STM32F1xx_HAL_Driver\\Src\\stm32f1xx_hal_wwdg.c 0x00000000   Number         0  stm32f1xx_hal_wwdg.o ABSOLUTE
    ..\\Source\\MCU\\HALLIB\\STM32F1xx_HAL_Driver\\Src\\stm32f1xx_ll_fsmc.c 0x00000000   Number         0  stm32f1xx_ll_fsmc.o ABSOLUTE
    ..\\Source\\MCU\\HALLIB\\STM32F1xx_HAL_Driver\\Src\\stm32f1xx_ll_sdmmc.c 0x00000000   Number         0  stm32f1xx_ll_sdmmc.o ABSOLUTE
    ..\\Source\\MCU\\HALLIB\\STM32F1xx_HAL_Driver\\Src\\stm32f1xx_ll_usb.c 0x00000000   Number         0  stm32f1xx_ll_usb.o ABSOLUTE
    ..\\Source\\MCU\\HALLIB\\STM32F1xx_HAL_Driver\\Src\\stm32f1xx_ll_utils.c 0x00000000   Number         0  stm32f1xx_ll_utils.o ABSOLUTE
    ..\\Source\\MCU\\stm32f1xx_hal_msp.c     0x00000000   Number         0  stm32f1xx_hal_msp.o ABSOLUTE
    ..\\Source\\MCU\\system_stm32f1xx.c      0x00000000   Number         0  system_stm32f1xx.o ABSOLUTE
    ..\\Source\\OS\\bsp\\board.c             0x00000000   Number         0  board.o ABSOLUTE
    dc.s                                     0x00000000   Number         0  dc.o ABSOLUTE
    RESET                                    0x08000000   Section      304  startup_stm32f103xe.o(RESET)
    !!!main                                  0x08000130   Section        8  __main.o(!!!main)
    !!!scatter                               0x08000138   Section       52  __scatter.o(!!!scatter)
    !!handler_copy                           0x0800016c   Section       26  __scatter_copy.o(!!handler_copy)
    !!handler_zi                             0x08000188   Section       28  __scatter_zi.o(!!handler_zi)
    .ARM.Collect$$libinit$$00000000          0x080001a4   Section        2  libinit.o(.ARM.Collect$$libinit$$00000000)
    .ARM.Collect$$libinit$$00000002          0x080001a6   Section        0  libinit2.o(.ARM.Collect$$libinit$$00000002)
    .ARM.Collect$$libinit$$00000004          0x080001a6   Section        0  libinit2.o(.ARM.Collect$$libinit$$00000004)
    .ARM.Collect$$libinit$$0000000A          0x080001a6   Section        0  libinit2.o(.ARM.Collect$$libinit$$0000000A)
    .ARM.Collect$$libinit$$0000000C          0x080001a6   Section        0  libinit2.o(.ARM.Collect$$libinit$$0000000C)
    .ARM.Collect$$libinit$$0000000E          0x080001a6   Section        0  libinit2.o(.ARM.Collect$$libinit$$0000000E)
    .ARM.Collect$$libinit$$00000011          0x080001a6   Section        0  libinit2.o(.ARM.Collect$$libinit$$00000011)
    .ARM.Collect$$libinit$$00000013          0x080001a6   Section        0  libinit2.o(.ARM.Collect$$libinit$$00000013)
    .ARM.Collect$$libinit$$00000015          0x080001a6   Section        0  libinit2.o(.ARM.Collect$$libinit$$00000015)
    .ARM.Collect$$libinit$$00000017          0x080001a6   Section        0  libinit2.o(.ARM.Collect$$libinit$$00000017)
    .ARM.Collect$$libinit$$00000019          0x080001a6   Section        0  libinit2.o(.ARM.Collect$$libinit$$00000019)
    .ARM.Collect$$libinit$$0000001B          0x080001a6   Section        0  libinit2.o(.ARM.Collect$$libinit$$0000001B)
    .ARM.Collect$$libinit$$0000001D          0x080001a6   Section        0  libinit2.o(.ARM.Collect$$libinit$$0000001D)
    .ARM.Collect$$libinit$$0000001F          0x080001a6   Section        0  libinit2.o(.ARM.Collect$$libinit$$0000001F)
    .ARM.Collect$$libinit$$00000021          0x080001a6   Section        0  libinit2.o(.ARM.Collect$$libinit$$00000021)
    .ARM.Collect$$libinit$$00000023          0x080001a6   Section        0  libinit2.o(.ARM.Collect$$libinit$$00000023)
    .ARM.Collect$$libinit$$00000025          0x080001a6   Section        0  libinit2.o(.ARM.Collect$$libinit$$00000025)
    .ARM.Collect$$libinit$$0000002C          0x080001a6   Section        0  libinit2.o(.ARM.Collect$$libinit$$0000002C)
    .ARM.Collect$$libinit$$0000002E          0x080001a6   Section        0  libinit2.o(.ARM.Collect$$libinit$$0000002E)
    .ARM.Collect$$libinit$$00000030          0x080001a6   Section        0  libinit2.o(.ARM.Collect$$libinit$$00000030)
    .ARM.Collect$$libinit$$00000032          0x080001a6   Section        0  libinit2.o(.ARM.Collect$$libinit$$00000032)
    .ARM.Collect$$libinit$$00000033          0x080001a6   Section        2  libinit2.o(.ARM.Collect$$libinit$$00000033)
    .ARM.Collect$$libshutdown$$00000000      0x080001a8   Section        2  libshutdown.o(.ARM.Collect$$libshutdown$$00000000)
    .ARM.Collect$$libshutdown$$00000002      0x080001aa   Section        0  libshutdown2.o(.ARM.Collect$$libshutdown$$00000002)
    .ARM.Collect$$libshutdown$$00000004      0x080001aa   Section        0  libshutdown2.o(.ARM.Collect$$libshutdown$$00000004)
    .ARM.Collect$$libshutdown$$00000007      0x080001aa   Section        0  libshutdown2.o(.ARM.Collect$$libshutdown$$00000007)
    .ARM.Collect$$libshutdown$$0000000A      0x080001aa   Section        0  libshutdown2.o(.ARM.Collect$$libshutdown$$0000000A)
    .ARM.Collect$$libshutdown$$0000000C      0x080001aa   Section        0  libshutdown2.o(.ARM.Collect$$libshutdown$$0000000C)
    .ARM.Collect$$libshutdown$$0000000F      0x080001aa   Section        0  libshutdown2.o(.ARM.Collect$$libshutdown$$0000000F)
    .ARM.Collect$$libshutdown$$00000010      0x080001aa   Section        2  libshutdown2.o(.ARM.Collect$$libshutdown$$00000010)
    .ARM.Collect$$rtentry$$00000000          0x080001ac   Section        0  __rtentry.o(.ARM.Collect$$rtentry$$00000000)
    .ARM.Collect$$rtentry$$00000002          0x080001ac   Section        0  __rtentry2.o(.ARM.Collect$$rtentry$$00000002)
    .ARM.Collect$$rtentry$$00000004          0x080001ac   Section        6  __rtentry4.o(.ARM.Collect$$rtentry$$00000004)
    .ARM.Collect$$rtentry$$00000009          0x080001b2   Section        0  __rtentry2.o(.ARM.Collect$$rtentry$$00000009)
    .ARM.Collect$$rtentry$$0000000A          0x080001b2   Section        4  __rtentry2.o(.ARM.Collect$$rtentry$$0000000A)
    .ARM.Collect$$rtentry$$0000000C          0x080001b6   Section        0  __rtentry2.o(.ARM.Collect$$rtentry$$0000000C)
    .ARM.Collect$$rtentry$$0000000D          0x080001b6   Section        8  __rtentry2.o(.ARM.Collect$$rtentry$$0000000D)
    .ARM.Collect$$rtexit$$00000000           0x080001be   Section        2  rtexit.o(.ARM.Collect$$rtexit$$00000000)
    .ARM.Collect$$rtexit$$00000002           0x080001c0   Section        0  rtexit2.o(.ARM.Collect$$rtexit$$00000002)
    .ARM.Collect$$rtexit$$00000003           0x080001c0   Section        4  rtexit2.o(.ARM.Collect$$rtexit$$00000003)
    .ARM.Collect$$rtexit$$00000004           0x080001c4   Section        6  rtexit2.o(.ARM.Collect$$rtexit$$00000004)
    .text                                    0x080001cc   Section      244  context_rvds.o(.text)
    .text                                    0x080002c0   Section       64  startup_stm32f103xe.o(.text)
    .text                                    0x08000300   Section        0  heapauxi.o(.text)
    .text                                    0x08000306   Section       74  sys_stackheap_outer.o(.text)
    .text                                    0x08000350   Section        0  exit.o(.text)
    .text                                    0x08000364   Section        8  libspace.o(.text)
    .text                                    0x0800036c   Section        0  sys_exit.o(.text)
    .text                                    0x08000378   Section        2  use_no_semi.o(.text)
    .text                                    0x0800037a   Section        0  indicate_semi.o(.text)
    i.$Sub$$main                             0x0800037a   Section        0  components.o(i.$Sub$$main)
    i.BusFault_Handler                       0x08000384   Section        0  stm32f1xx_it.o(i.BusFault_Handler)
    i.DebugMon_Handler                       0x08000388   Section        0  stm32f1xx_it.o(i.DebugMon_Handler)
    i.HAL_GPIO_Init                          0x0800038c   Section        0  stm32f1xx_hal_gpio.o(i.HAL_GPIO_Init)
    i.HAL_GPIO_WritePin                      0x080006cc   Section        0  stm32f1xx_hal_gpio.o(i.HAL_GPIO_WritePin)
    i.HAL_GetTick                            0x080006d8   Section        0  stm32f1xx_hal.o(i.HAL_GetTick)
    i.HAL_Init                               0x080006e4   Section        0  stm32f1xx_hal.o(i.HAL_Init)
    i.HAL_InitTick                           0x0800070c   Section        0  stm32f1xx_hal.o(i.HAL_InitTick)
    i.HAL_MspInit                            0x08000758   Section        0  stm32f1xx_hal_msp.o(i.HAL_MspInit)
    i.HAL_NVIC_SetPriority                   0x0800075a   Section        0  stm32f1xx_hal_cortex.o(i.HAL_NVIC_SetPriority)
    i.HAL_NVIC_SetPriorityGrouping           0x080007d8   Section        0  stm32f1xx_hal_cortex.o(i.HAL_NVIC_SetPriorityGrouping)
    i.HAL_RCC_ClockConfig                    0x08000800   Section        0  stm32f1xx_hal_rcc.o(i.HAL_RCC_ClockConfig)
    i.HAL_RCC_GetSysClockFreq                0x0800098c   Section        0  stm32f1xx_hal_rcc.o(i.HAL_RCC_GetSysClockFreq)
    i.HAL_RCC_OscConfig                      0x08000a20   Section        0  stm32f1xx_hal_rcc.o(i.HAL_RCC_OscConfig)
    i.HAL_SYSTICK_Config                     0x08000e84   Section        0  stm32f1xx_hal_cortex.o(i.HAL_SYSTICK_Config)
    i.LED_thread                             0x08000eb8   Section        0  main.o(i.LED_thread)
    i.MX_GPIO_Init                           0x08000f00   Section        0  main.o(i.MX_GPIO_Init)
    i.MemManage_Handler                      0x08000fb4   Section        0  stm32f1xx_it.o(i.MemManage_Handler)
    i.NMI_Handler                            0x08000fb8   Section        0  stm32f1xx_it.o(i.NMI_Handler)
    i.RCC_Delay                              0x08000fbc   Section        0  stm32f1xx_hal_rcc.o(i.RCC_Delay)
    RCC_Delay                                0x08000fbd   Thumb Code    36  stm32f1xx_hal_rcc.o(i.RCC_Delay)
    i.SysTick_Handler                        0x08000fe4   Section        0  board.o(i.SysTick_Handler)
    i.SystemClock_Config                     0x08000ff4   Section        0  board.o(i.SystemClock_Config)
    SystemClock_Config                       0x08000ff5   Thumb Code    88  board.o(i.SystemClock_Config)
    i.SystemInit                             0x0800104c   Section        0  system_stm32f1xx.o(i.SystemInit)
    i.UsageFault_Handler                     0x080010a4   Section        0  stm32f1xx_it.o(i.UsageFault_Handler)
    i._SysTick_Config                        0x080010a8   Section        0  board.o(i._SysTick_Config)
    _SysTick_Config                          0x080010a9   Thumb Code    44  board.o(i._SysTick_Config)
    i.__NVIC_GetPriorityGrouping             0x080010d8   Section        0  stm32f1xx_hal_cortex.o(i.__NVIC_GetPriorityGrouping)
    __NVIC_GetPriorityGrouping               0x080010d9   Thumb Code    10  stm32f1xx_hal_cortex.o(i.__NVIC_GetPriorityGrouping)
    i.__NVIC_SetPriority                     0x080010e8   Section        0  stm32f1xx_hal_cortex.o(i.__NVIC_SetPriority)
    __NVIC_SetPriority                       0x080010e9   Thumb Code    32  stm32f1xx_hal_cortex.o(i.__NVIC_SetPriority)
    i.__rt_ffs                               0x08001110   Section        0  kservice.o(i.__rt_ffs)
    i._rt_thread_init                        0x0800115c   Section        0  thread.o(i._rt_thread_init)
    _rt_thread_init                          0x0800115d   Thumb Code   124  thread.o(i._rt_thread_init)
    i._rt_timer_init                         0x080011e0   Section        0  timer.o(i._rt_timer_init)
    _rt_timer_init                           0x080011e1   Thumb Code    66  timer.o(i._rt_timer_init)
    i._rt_timer_remove                       0x08001222   Section        0  timer.o(i._rt_timer_remove)
    _rt_timer_remove                         0x08001223   Thumb Code    28  timer.o(i._rt_timer_remove)
    i._thread_cleanup_execute                0x0800123e   Section        0  thread.o(i._thread_cleanup_execute)
    _thread_cleanup_execute                  0x0800123f   Thumb Code    28  thread.o(i._thread_cleanup_execute)
    i.main                                   0x0800125c   Section        0  main.o(i.main)
    i.main_thread_entry                      0x08001298   Section        0  components.o(i.main_thread_entry)
    i.plug_holes                             0x080012a4   Section        0  mem.o(i.plug_holes)
    plug_holes                               0x080012a5   Thumb Code   108  mem.o(i.plug_holes)
    i.print_number                           0x0800131c   Section        0  kservice.o(i.print_number)
    print_number                             0x0800131d   Thumb Code   400  kservice.o(i.print_number)
    i.rt_application_init                    0x080014b4   Section        0  components.o(i.rt_application_init)
    i.rt_enter_critical                      0x080014e4   Section        0  scheduler.o(i.rt_enter_critical)
    i.rt_exit_critical                       0x08001504   Section        0  scheduler.o(i.rt_exit_critical)
    i.rt_free                                0x08001548   Section        0  mem.o(i.rt_free)
    i.rt_heap_begin_get                      0x08001628   Section        0  board.o(i.rt_heap_begin_get)
    i.rt_heap_end_get                        0x08001630   Section        0  board.o(i.rt_heap_end_get)
    i.rt_hw_board_init                       0x08001638   Section        0  board.o(i.rt_hw_board_init)
    i.rt_hw_console_output                   0x0800166c   Section        0  kservice.o(i.rt_hw_console_output)
    i.rt_hw_hard_fault_exception             0x08001670   Section        0  cpuport.o(i.rt_hw_hard_fault_exception)
    i.rt_hw_stack_init                       0x08001870   Section        0  cpuport.o(i.rt_hw_stack_init)
    i.rt_interrupt_enter                     0x080018bc   Section        0  irq.o(i.rt_interrupt_enter)
    i.rt_interrupt_leave                     0x080018dc   Section        0  irq.o(i.rt_interrupt_leave)
    i.rt_ipc_list_resume                     0x080018fc   Section        0  ipc.o(i.rt_ipc_list_resume)
    rt_ipc_list_resume                       0x080018fd   Thumb Code    20  ipc.o(i.rt_ipc_list_resume)
    i.rt_ipc_list_suspend                    0x08001910   Section        0  ipc.o(i.rt_ipc_list_suspend)
    rt_ipc_list_suspend                      0x08001911   Thumb Code   110  ipc.o(i.rt_ipc_list_suspend)
    i.rt_ipc_object_init                     0x0800197e   Section        0  ipc.o(i.rt_ipc_object_init)
    rt_ipc_object_init                       0x0800197f   Thumb Code    16  ipc.o(i.rt_ipc_object_init)
    i.rt_kprintf                             0x08001990   Section        0  kservice.o(i.rt_kprintf)
    i.rt_list_init                           0x080019c0   Section        0  ipc.o(i.rt_list_init)
    rt_list_init                             0x080019c1   Thumb Code     6  ipc.o(i.rt_list_init)
    i.rt_list_init                           0x080019c6   Section        0  scheduler.o(i.rt_list_init)
    rt_list_init                             0x080019c7   Thumb Code     6  scheduler.o(i.rt_list_init)
    i.rt_list_init                           0x080019cc   Section        0  timer.o(i.rt_list_init)
    rt_list_init                             0x080019cd   Thumb Code     6  timer.o(i.rt_list_init)
    i.rt_list_insert_after                   0x080019d2   Section        0  object.o(i.rt_list_insert_after)
    rt_list_insert_after                     0x080019d3   Thumb Code    14  object.o(i.rt_list_insert_after)
    i.rt_list_insert_after                   0x080019e0   Section        0  thread.o(i.rt_list_insert_after)
    rt_list_insert_after                     0x080019e1   Thumb Code    14  thread.o(i.rt_list_insert_after)
    i.rt_list_insert_after                   0x080019ee   Section        0  timer.o(i.rt_list_insert_after)
    rt_list_insert_after                     0x080019ef   Thumb Code    14  timer.o(i.rt_list_insert_after)
    i.rt_list_insert_before                  0x080019fc   Section        0  ipc.o(i.rt_list_insert_before)
    rt_list_insert_before                    0x080019fd   Thumb Code    14  ipc.o(i.rt_list_insert_before)
    i.rt_list_isempty                        0x08001a0a   Section        0  ipc.o(i.rt_list_isempty)
    rt_list_isempty                          0x08001a0b   Thumb Code    16  ipc.o(i.rt_list_isempty)
    i.rt_list_isempty                        0x08001a1a   Section        0  timer.o(i.rt_list_isempty)
    rt_list_isempty                          0x08001a1b   Thumb Code    16  timer.o(i.rt_list_isempty)
    i.rt_list_remove                         0x08001a2a   Section        0  object.o(i.rt_list_remove)
    rt_list_remove                           0x08001a2b   Thumb Code    18  object.o(i.rt_list_remove)
    i.rt_list_remove                         0x08001a3c   Section        0  thread.o(i.rt_list_remove)
    rt_list_remove                           0x08001a3d   Thumb Code    18  thread.o(i.rt_list_remove)
    i.rt_list_remove                         0x08001a4e   Section        0  timer.o(i.rt_list_remove)
    rt_list_remove                           0x08001a4f   Thumb Code    18  timer.o(i.rt_list_remove)
    i.rt_malloc                              0x08001a60   Section        0  mem.o(i.rt_malloc)
    i.rt_memset                              0x08001bcc   Section        0  kservice.o(i.rt_memset)
    i.rt_object_allocate                     0x08001c14   Section        0  object.o(i.rt_object_allocate)
    i.rt_object_delete                       0x08001c68   Section        0  object.o(i.rt_object_delete)
    i.rt_object_detach                       0x08001c8c   Section        0  object.o(i.rt_object_detach)
    i.rt_object_get_information              0x08001cac   Section        0  object.o(i.rt_object_get_information)
    i.rt_object_init                         0x08001cd4   Section        0  object.o(i.rt_object_init)
    i.rt_object_is_systemobject              0x08001d2a   Section        0  object.o(i.rt_object_is_systemobject)
    i.rt_schedule                            0x08001d3c   Section        0  scheduler.o(i.rt_schedule)
    i.rt_schedule_insert_thread              0x08001dc0   Section        0  scheduler.o(i.rt_schedule_insert_thread)
    i.rt_schedule_remove_thread              0x08001e10   Section        0  scheduler.o(i.rt_schedule_remove_thread)
    i.rt_sem_init                            0x08001e64   Section        0  ipc.o(i.rt_sem_init)
    i.rt_sem_release                         0x08001e8a   Section        0  ipc.o(i.rt_sem_release)
    i.rt_sem_take                            0x08001edc   Section        0  ipc.o(i.rt_sem_take)
    i.rt_show_version                        0x08001f50   Section        0  kservice.o(i.rt_show_version)
    i.rt_strncpy                             0x08002000   Section        0  kservice.o(i.rt_strncpy)
    i.rt_system_heap_init                    0x08002034   Section        0  mem.o(i.rt_system_heap_init)
    i.rt_system_scheduler_init               0x0800212c   Section        0  scheduler.o(i.rt_system_scheduler_init)
    i.rt_system_scheduler_start              0x08002178   Section        0  scheduler.o(i.rt_system_scheduler_start)
    i.rt_system_timer_init                   0x080021a8   Section        0  timer.o(i.rt_system_timer_init)
    i.rt_system_timer_thread_init            0x080021c4   Section        0  timer.o(i.rt_system_timer_thread_init)
    i.rt_thread_create                       0x080021c6   Section        0  thread.o(i.rt_thread_create)
    i.rt_thread_delay                        0x08002216   Section        0  thread.o(i.rt_thread_delay)
    i.rt_thread_exit                         0x08002224   Section        0  thread.o(i.rt_thread_exit)
    i.rt_thread_idle_entry                   0x0800227c   Section        0  idle.o(i.rt_thread_idle_entry)
    rt_thread_idle_entry                     0x0800227d   Thumb Code     8  idle.o(i.rt_thread_idle_entry)
    i.rt_thread_idle_excute                  0x08002284   Section        0  idle.o(i.rt_thread_idle_excute)
    i.rt_thread_idle_init                    0x080022e4   Section        0  idle.o(i.rt_thread_idle_init)
    i.rt_thread_init                         0x08002320   Section        0  thread.o(i.rt_thread_init)
    i.rt_thread_resume                       0x08002354   Section        0  thread.o(i.rt_thread_resume)
    i.rt_thread_self                         0x08002390   Section        0  thread.o(i.rt_thread_self)
    i.rt_thread_sleep                        0x0800239c   Section        0  thread.o(i.rt_thread_sleep)
    i.rt_thread_startup                      0x080023e0   Section        0  thread.o(i.rt_thread_startup)
    i.rt_thread_suspend                      0x0800240c   Section        0  thread.o(i.rt_thread_suspend)
    i.rt_thread_timeout                      0x08002450   Section        0  thread.o(i.rt_thread_timeout)
    i.rt_thread_yield                        0x08002470   Section        0  thread.o(i.rt_thread_yield)
    i.rt_tick_get                            0x080024d4   Section        0  clock.o(i.rt_tick_get)
    i.rt_tick_increase                       0x080024e0   Section        0  clock.o(i.rt_tick_increase)
    i.rt_timer_check                         0x08002510   Section        0  timer.o(i.rt_timer_check)
    i.rt_timer_control                       0x080025b4   Section        0  timer.o(i.rt_timer_control)
    i.rt_timer_detach                        0x08002616   Section        0  timer.o(i.rt_timer_detach)
    i.rt_timer_init                          0x0800263e   Section        0  timer.o(i.rt_timer_init)
    i.rt_timer_start                         0x0800266c   Section        0  timer.o(i.rt_timer_start)
    i.rt_timer_stop                          0x08002758   Section        0  timer.o(i.rt_timer_stop)
    i.rt_vsnprintf                           0x08002788   Section        0  kservice.o(i.rt_vsnprintf)
    i.rtthread_startup                       0x08002ac8   Section        0  components.o(i.rtthread_startup)
    i.skip_atoi                              0x08002af2   Section        0  kservice.o(i.skip_atoi)
    skip_atoi                                0x08002af3   Thumb Code    38  kservice.o(i.skip_atoi)
    .constdata                               0x08002b18   Section      290  kservice.o(.constdata)
    small_digits                             0x08002c18   Data          17  kservice.o(.constdata)
    large_digits                             0x08002c29   Data          17  kservice.o(.constdata)
    .constdata                               0x08002c3a   Section       24  system_stm32f1xx.o(.constdata)
    .data                                    0x20000000   Section        4  main.o(.data)
    LED_tid                                  0x20000000   Data           4  main.o(.data)
    .data                                    0x20000004   Section        4  clock.o(.data)
    rt_tick                                  0x20000004   Data           4  clock.o(.data)
    .data                                    0x20000008   Section        1  irq.o(.data)
    .data                                    0x2000000c   Section       24  mem.o(.data)
    heap_ptr                                 0x2000000c   Data           4  mem.o(.data)
    heap_end                                 0x20000010   Data           4  mem.o(.data)
    lfree                                    0x20000014   Data           4  mem.o(.data)
    mem_size_aligned                         0x20000018   Data           4  mem.o(.data)
    used_mem                                 0x2000001c   Data           4  mem.o(.data)
    max_mem                                  0x20000020   Data           4  mem.o(.data)
    .data                                    0x20000024   Section       64  object.o(.data)
    rt_object_container                      0x20000024   Data          64  object.o(.data)
    .data                                    0x20000064   Section       24  scheduler.o(.data)
    rt_scheduler_lock_nest                   0x20000068   Data           2  scheduler.o(.data)
    .data                                    0x2000007c   Section       12  timer.o(.data)
    rt_timer_list                            0x2000007c   Data           8  timer.o(.data)
    random_nr                                0x20000084   Data           4  timer.o(.data)
    .data                                    0x20000088   Section       16  cpuport.o(.data)
    rt_exception_hook                        0x20000094   Data           4  cpuport.o(.data)
    .data                                    0x20000098   Section        9  stm32f1xx_hal.o(.data)
    .data                                    0x200000a4   Section        4  system_stm32f1xx.o(.data)
    .bss                                     0x200000a8   Section     4096  board.o(.bss)
    rt_heap                                  0x200000a8   Data        4096  board.o(.bss)
    .bss                                     0x200010a8   Section      376  idle.o(.bss)
    idle                                     0x200010a8   Data         120  idle.o(.bss)
    rt_thread_stack                          0x20001120   Data         256  idle.o(.bss)
    .bss                                     0x20001220   Section      128  kservice.o(.bss)
    rt_log_buf                               0x20001220   Data         128  kservice.o(.bss)
    .bss                                     0x200012a0   Section       32  mem.o(.bss)
    heap_sem                                 0x200012a0   Data          32  mem.o(.bss)
    .bss                                     0x200012c0   Section      256  scheduler.o(.bss)
    .bss                                     0x200013c0   Section       96  libspace.o(.bss)
    HEAP                                     0x20001420   Section      512  startup_stm32f103xe.o(HEAP)
    Heap_Mem                                 0x20001420   Data         512  startup_stm32f103xe.o(HEAP)
    STACK                                    0x20001620   Section     1024  startup_stm32f103xe.o(STACK)
    Stack_Mem                                0x20001620   Data        1024  startup_stm32f103xe.o(STACK)
    __initial_sp                             0x20001a20   Data           0  startup_stm32f103xe.o(STACK)

    Global Symbols

    Symbol Name                              Value     Ov Type        Size  Object(Section)

    BuildAttributes$$THM_ISAv4$P$D$K$B$S$PE$A:L22UL41UL21$X:L11$S22US41US21$IEEE1$IW$USESV6$~STKCKD$USESV7$~SHL$OSPACE$ROPI$EBA8$UX$STANDARDLIB$REQ8$PRES8$EABIv2 0x00000000   Number         0  anon$$obj.o ABSOLUTE
    __ARM_use_no_argv                        0x00000000   Number         0  main.o ABSOLUTE
    __ARM_exceptions_init                     - Undefined Weak Reference
    __alloca_initialize                       - Undefined Weak Reference
    __arm_preinit_                            - Undefined Weak Reference
    __cpp_initialize__aeabi_                  - Undefined Weak Reference
    __cxa_finalize                            - Undefined Weak Reference
    __rt_locale                               - Undefined Weak Reference
    __sigvec_lookup                           - Undefined Weak Reference
    _atexit_init                              - Undefined Weak Reference
    _call_atexit_fns                          - Undefined Weak Reference
    _clock_init                               - Undefined Weak Reference
    _fp_trap_init                             - Undefined Weak Reference
    _fp_trap_shutdown                         - Undefined Weak Reference
    _get_lc_collate                           - Undefined Weak Reference
    _get_lc_ctype                             - Undefined Weak Reference
    _get_lc_monetary                          - Undefined Weak Reference
    _get_lc_numeric                           - Undefined Weak Reference
    _get_lc_time                              - Undefined Weak Reference
    _getenv_init                              - Undefined Weak Reference
    _handle_redirection                       - Undefined Weak Reference
    _init_alloc                               - Undefined Weak Reference
    _init_user_alloc                          - Undefined Weak Reference
    _initio                                   - Undefined Weak Reference
    _rand_init                                - Undefined Weak Reference
    _signal_finish                            - Undefined Weak Reference
    _signal_init                              - Undefined Weak Reference
    _terminate_alloc                          - Undefined Weak Reference
    _terminate_user_alloc                     - Undefined Weak Reference
    _terminateio                              - Undefined Weak Reference
    __Vectors_Size                           0x00000130   Number         0  startup_stm32f103xe.o ABSOLUTE
    __Vectors                                0x08000000   Data           4  startup_stm32f103xe.o(RESET)
    __Vectors_End                            0x08000130   Data           0  startup_stm32f103xe.o(RESET)
    __main                                   0x08000131   Thumb Code     8  __main.o(!!!main)
    __scatterload                            0x08000139   Thumb Code     0  __scatter.o(!!!scatter)
    __scatterload_rt2                        0x08000139   Thumb Code    44  __scatter.o(!!!scatter)
    __scatterload_rt2_thumb_only             0x08000139   Thumb Code     0  __scatter.o(!!!scatter)
    __scatterload_null                       0x08000147   Thumb Code     0  __scatter.o(!!!scatter)
    __scatterload_copy                       0x0800016d   Thumb Code    26  __scatter_copy.o(!!handler_copy)
    __scatterload_zeroinit                   0x08000189   Thumb Code    28  __scatter_zi.o(!!handler_zi)
    __rt_lib_init                            0x080001a5   Thumb Code     0  libinit.o(.ARM.Collect$$libinit$$00000000)
    __rt_lib_init_alloca_1                   0x080001a7   Thumb Code     0  libinit2.o(.ARM.Collect$$libinit$$0000002E)
    __rt_lib_init_argv_1                     0x080001a7   Thumb Code     0  libinit2.o(.ARM.Collect$$libinit$$0000002C)
    __rt_lib_init_atexit_1                   0x080001a7   Thumb Code     0  libinit2.o(.ARM.Collect$$libinit$$0000001B)
    __rt_lib_init_clock_1                    0x080001a7   Thumb Code     0  libinit2.o(.ARM.Collect$$libinit$$00000021)
    __rt_lib_init_cpp_1                      0x080001a7   Thumb Code     0  libinit2.o(.ARM.Collect$$libinit$$00000032)
    __rt_lib_init_exceptions_1               0x080001a7   Thumb Code     0  libinit2.o(.ARM.Collect$$libinit$$00000030)
    __rt_lib_init_fp_1                       0x080001a7   Thumb Code     0  libinit2.o(.ARM.Collect$$libinit$$00000002)
    __rt_lib_init_fp_trap_1                  0x080001a7   Thumb Code     0  libinit2.o(.ARM.Collect$$libinit$$0000001F)
    __rt_lib_init_getenv_1                   0x080001a7   Thumb Code     0  libinit2.o(.ARM.Collect$$libinit$$00000023)
    __rt_lib_init_heap_1                     0x080001a7   Thumb Code     0  libinit2.o(.ARM.Collect$$libinit$$0000000A)
    __rt_lib_init_lc_collate_1               0x080001a7   Thumb Code     0  libinit2.o(.ARM.Collect$$libinit$$00000011)
    __rt_lib_init_lc_ctype_1                 0x080001a7   Thumb Code     0  libinit2.o(.ARM.Collect$$libinit$$00000013)
    __rt_lib_init_lc_monetary_1              0x080001a7   Thumb Code     0  libinit2.o(.ARM.Collect$$libinit$$00000015)
    __rt_lib_init_lc_numeric_1               0x080001a7   Thumb Code     0  libinit2.o(.ARM.Collect$$libinit$$00000017)
    __rt_lib_init_lc_time_1                  0x080001a7   Thumb Code     0  libinit2.o(.ARM.Collect$$libinit$$00000019)
    __rt_lib_init_preinit_1                  0x080001a7   Thumb Code     0  libinit2.o(.ARM.Collect$$libinit$$00000004)
    __rt_lib_init_rand_1                     0x080001a7   Thumb Code     0  libinit2.o(.ARM.Collect$$libinit$$0000000E)
    __rt_lib_init_return                     0x080001a7   Thumb Code     0  libinit2.o(.ARM.Collect$$libinit$$00000033)
    __rt_lib_init_signal_1                   0x080001a7   Thumb Code     0  libinit2.o(.ARM.Collect$$libinit$$0000001D)
    __rt_lib_init_stdio_1                    0x080001a7   Thumb Code     0  libinit2.o(.ARM.Collect$$libinit$$00000025)
    __rt_lib_init_user_alloc_1               0x080001a7   Thumb Code     0  libinit2.o(.ARM.Collect$$libinit$$0000000C)
    __rt_lib_shutdown                        0x080001a9   Thumb Code     0  libshutdown.o(.ARM.Collect$$libshutdown$$00000000)
    __rt_lib_shutdown_cpp_1                  0x080001ab   Thumb Code     0  libshutdown2.o(.ARM.Collect$$libshutdown$$00000002)
    __rt_lib_shutdown_fp_trap_1              0x080001ab   Thumb Code     0  libshutdown2.o(.ARM.Collect$$libshutdown$$00000007)
    __rt_lib_shutdown_heap_1                 0x080001ab   Thumb Code     0  libshutdown2.o(.ARM.Collect$$libshutdown$$0000000F)
    __rt_lib_shutdown_return                 0x080001ab   Thumb Code     0  libshutdown2.o(.ARM.Collect$$libshutdown$$00000010)
    __rt_lib_shutdown_signal_1               0x080001ab   Thumb Code     0  libshutdown2.o(.ARM.Collect$$libshutdown$$0000000A)
    __rt_lib_shutdown_stdio_1                0x080001ab   Thumb Code     0  libshutdown2.o(.ARM.Collect$$libshutdown$$00000004)
    __rt_lib_shutdown_user_alloc_1           0x080001ab   Thumb Code     0  libshutdown2.o(.ARM.Collect$$libshutdown$$0000000C)
    __rt_entry                               0x080001ad   Thumb Code     0  __rtentry.o(.ARM.Collect$$rtentry$$00000000)
    __rt_entry_presh_1                       0x080001ad   Thumb Code     0  __rtentry2.o(.ARM.Collect$$rtentry$$00000002)
    __rt_entry_sh                            0x080001ad   Thumb Code     0  __rtentry4.o(.ARM.Collect$$rtentry$$00000004)
    __rt_entry_li                            0x080001b3   Thumb Code     0  __rtentry2.o(.ARM.Collect$$rtentry$$0000000A)
    __rt_entry_postsh_1                      0x080001b3   Thumb Code     0  __rtentry2.o(.ARM.Collect$$rtentry$$00000009)
    __rt_entry_main                          0x080001b7   Thumb Code     0  __rtentry2.o(.ARM.Collect$$rtentry$$0000000D)
    __rt_entry_postli_1                      0x080001b7   Thumb Code     0  __rtentry2.o(.ARM.Collect$$rtentry$$0000000C)
    __rt_exit                                0x080001bf   Thumb Code     0  rtexit.o(.ARM.Collect$$rtexit$$00000000)
    __rt_exit_ls                             0x080001c1   Thumb Code     0  rtexit2.o(.ARM.Collect$$rtexit$$00000003)
    __rt_exit_prels_1                        0x080001c1   Thumb Code     0  rtexit2.o(.ARM.Collect$$rtexit$$00000002)
    __rt_exit_exit                           0x080001c5   Thumb Code     0  rtexit2.o(.ARM.Collect$$rtexit$$00000004)
    rt_hw_interrupt_disable                  0x080001cd   Thumb Code     8  context_rvds.o(.text)
    rt_hw_interrupt_enable                   0x080001d5   Thumb Code     6  context_rvds.o(.text)
    rt_hw_context_switch                     0x080001db   Thumb Code    32  context_rvds.o(.text)
    rt_hw_context_switch_interrupt           0x080001db   Thumb Code     0  context_rvds.o(.text)
    PendSV_Handler                           0x080001fb   Thumb Code    60  context_rvds.o(.text)
    rt_hw_context_switch_to                  0x08000237   Thumb Code    56  context_rvds.o(.text)
    rt_hw_interrupt_thread_switch            0x0800026f   Thumb Code     2  context_rvds.o(.text)
    HardFault_Handler                        0x08000271   Thumb Code    52  context_rvds.o(.text)
    Reset_Handler                            0x080002c1   Thumb Code     8  startup_stm32f103xe.o(.text)
    SVC_Handler                              0x080002d3   Thumb Code     2  startup_stm32f103xe.o(.text)
    ADC1_2_IRQHandler                        0x080002db   Thumb Code     0  startup_stm32f103xe.o(.text)
    ADC3_IRQHandler                          0x080002db   Thumb Code     0  startup_stm32f103xe.o(.text)
    CAN1_RX1_IRQHandler                      0x080002db   Thumb Code     0  startup_stm32f103xe.o(.text)
    CAN1_SCE_IRQHandler                      0x080002db   Thumb Code     0  startup_stm32f103xe.o(.text)
    DMA1_Channel1_IRQHandler                 0x080002db   Thumb Code     0  startup_stm32f103xe.o(.text)
    DMA1_Channel2_IRQHandler                 0x080002db   Thumb Code     0  startup_stm32f103xe.o(.text)
    DMA1_Channel3_IRQHandler                 0x080002db   Thumb Code     0  startup_stm32f103xe.o(.text)
    DMA1_Channel4_IRQHandler                 0x080002db   Thumb Code     0  startup_stm32f103xe.o(.text)
    DMA1_Channel5_IRQHandler                 0x080002db   Thumb Code     0  startup_stm32f103xe.o(.text)
    DMA1_Channel6_IRQHandler                 0x080002db   Thumb Code     0  startup_stm32f103xe.o(.text)
    DMA1_Channel7_IRQHandler                 0x080002db   Thumb Code     0  startup_stm32f103xe.o(.text)
    DMA2_Channel1_IRQHandler                 0x080002db   Thumb Code     0  startup_stm32f103xe.o(.text)
    DMA2_Channel2_IRQHandler                 0x080002db   Thumb Code     0  startup_stm32f103xe.o(.text)
    DMA2_Channel3_IRQHandler                 0x080002db   Thumb Code     0  startup_stm32f103xe.o(.text)
    DMA2_Channel4_5_IRQHandler               0x080002db   Thumb Code     0  startup_stm32f103xe.o(.text)
    EXTI0_IRQHandler                         0x080002db   Thumb Code     0  startup_stm32f103xe.o(.text)
    EXTI15_10_IRQHandler                     0x080002db   Thumb Code     0  startup_stm32f103xe.o(.text)
    EXTI1_IRQHandler                         0x080002db   Thumb Code     0  startup_stm32f103xe.o(.text)
    EXTI2_IRQHandler                         0x080002db   Thumb Code     0  startup_stm32f103xe.o(.text)
    EXTI3_IRQHandler                         0x080002db   Thumb Code     0  startup_stm32f103xe.o(.text)
    EXTI4_IRQHandler                         0x080002db   Thumb Code     0  startup_stm32f103xe.o(.text)
    EXTI9_5_IRQHandler                       0x080002db   Thumb Code     0  startup_stm32f103xe.o(.text)
    FLASH_IRQHandler                         0x080002db   Thumb Code     0  startup_stm32f103xe.o(.text)
    FSMC_IRQHandler                          0x080002db   Thumb Code     0  startup_stm32f103xe.o(.text)
    I2C1_ER_IRQHandler                       0x080002db   Thumb Code     0  startup_stm32f103xe.o(.text)
    I2C1_EV_IRQHandler                       0x080002db   Thumb Code     0  startup_stm32f103xe.o(.text)
    I2C2_ER_IRQHandler                       0x080002db   Thumb Code     0  startup_stm32f103xe.o(.text)
    I2C2_EV_IRQHandler                       0x080002db   Thumb Code     0  startup_stm32f103xe.o(.text)
    PVD_IRQHandler                           0x080002db   Thumb Code     0  startup_stm32f103xe.o(.text)
    RCC_IRQHandler                           0x080002db   Thumb Code     0  startup_stm32f103xe.o(.text)
    RTC_Alarm_IRQHandler                     0x080002db   Thumb Code     0  startup_stm32f103xe.o(.text)
    RTC_IRQHandler                           0x080002db   Thumb Code     0  startup_stm32f103xe.o(.text)
    SDIO_IRQHandler                          0x080002db   Thumb Code     0  startup_stm32f103xe.o(.text)
    SPI1_IRQHandler                          0x080002db   Thumb Code     0  startup_stm32f103xe.o(.text)
    SPI2_IRQHandler                          0x080002db   Thumb Code     0  startup_stm32f103xe.o(.text)
    SPI3_IRQHandler                          0x080002db   Thumb Code     0  startup_stm32f103xe.o(.text)
    TAMPER_IRQHandler                        0x080002db   Thumb Code     0  startup_stm32f103xe.o(.text)
    TIM1_BRK_IRQHandler                      0x080002db   Thumb Code     0  startup_stm32f103xe.o(.text)
    TIM1_CC_IRQHandler                       0x080002db   Thumb Code     0  startup_stm32f103xe.o(.text)
    TIM1_TRG_COM_IRQHandler                  0x080002db   Thumb Code     0  startup_stm32f103xe.o(.text)
    TIM1_UP_IRQHandler                       0x080002db   Thumb Code     0  startup_stm32f103xe.o(.text)
    TIM2_IRQHandler                          0x080002db   Thumb Code     0  startup_stm32f103xe.o(.text)
    TIM3_IRQHandler                          0x080002db   Thumb Code     0  startup_stm32f103xe.o(.text)
    TIM4_IRQHandler                          0x080002db   Thumb Code     0  startup_stm32f103xe.o(.text)
    TIM5_IRQHandler                          0x080002db   Thumb Code     0  startup_stm32f103xe.o(.text)
    TIM6_IRQHandler                          0x080002db   Thumb Code     0  startup_stm32f103xe.o(.text)
    TIM7_IRQHandler                          0x080002db   Thumb Code     0  startup_stm32f103xe.o(.text)
    TIM8_BRK_IRQHandler                      0x080002db   Thumb Code     0  startup_stm32f103xe.o(.text)
    TIM8_CC_IRQHandler                       0x080002db   Thumb Code     0  startup_stm32f103xe.o(.text)
    TIM8_TRG_COM_IRQHandler                  0x080002db   Thumb Code     0  startup_stm32f103xe.o(.text)
    TIM8_UP_IRQHandler                       0x080002db   Thumb Code     0  startup_stm32f103xe.o(.text)
    UART4_IRQHandler                         0x080002db   Thumb Code     0  startup_stm32f103xe.o(.text)
    UART5_IRQHandler                         0x080002db   Thumb Code     0  startup_stm32f103xe.o(.text)
    USART1_IRQHandler                        0x080002db   Thumb Code     0  startup_stm32f103xe.o(.text)
    USART2_IRQHandler                        0x080002db   Thumb Code     0  startup_stm32f103xe.o(.text)
    USART3_IRQHandler                        0x080002db   Thumb Code     0  startup_stm32f103xe.o(.text)
    USBWakeUp_IRQHandler                     0x080002db   Thumb Code     0  startup_stm32f103xe.o(.text)
    USB_HP_CAN1_TX_IRQHandler                0x080002db   Thumb Code     0  startup_stm32f103xe.o(.text)
    USB_LP_CAN1_RX0_IRQHandler               0x080002db   Thumb Code     0  startup_stm32f103xe.o(.text)
    WWDG_IRQHandler                          0x080002db   Thumb Code     0  startup_stm32f103xe.o(.text)
    __user_initial_stackheap                 0x080002dd   Thumb Code     0  startup_stm32f103xe.o(.text)
    __use_two_region_memory                  0x08000301   Thumb Code     2  heapauxi.o(.text)
    __rt_heap_escrow$2region                 0x08000303   Thumb Code     2  heapauxi.o(.text)
    __rt_heap_expand$2region                 0x08000305   Thumb Code     2  heapauxi.o(.text)
    __user_setup_stackheap                   0x08000307   Thumb Code    74  sys_stackheap_outer.o(.text)
    exit                                     0x08000351   Thumb Code    18  exit.o(.text)
    __user_libspace                          0x08000365   Thumb Code     8  libspace.o(.text)
    __user_perproc_libspace                  0x08000365   Thumb Code     0  libspace.o(.text)
    __user_perthread_libspace                0x08000365   Thumb Code     0  libspace.o(.text)
    _sys_exit                                0x0800036d   Thumb Code     8  sys_exit.o(.text)
    __I$use$semihosting                      0x08000379   Thumb Code     0  use_no_semi.o(.text)
    __use_no_semihosting_swi                 0x08000379   Thumb Code     2  use_no_semi.o(.text)
    __semihosting_library_function           0x0800037b   Thumb Code     0  indicate_semi.o(.text)
    main                                     0x0800037b   Thumb Code    10  components.o(i.$Sub$$main)
    BusFault_Handler                         0x08000385   Thumb Code     4  stm32f1xx_it.o(i.BusFault_Handler)
    DebugMon_Handler                         0x08000389   Thumb Code     2  stm32f1xx_it.o(i.DebugMon_Handler)
    HAL_GPIO_Init                            0x0800038d   Thumb Code   792  stm32f1xx_hal_gpio.o(i.HAL_GPIO_Init)
    HAL_GPIO_WritePin                        0x080006cd   Thumb Code    12  stm32f1xx_hal_gpio.o(i.HAL_GPIO_WritePin)
    HAL_GetTick                              0x080006d9   Thumb Code     6  stm32f1xx_hal.o(i.HAL_GetTick)
    HAL_Init                                 0x080006e5   Thumb Code    34  stm32f1xx_hal.o(i.HAL_Init)
    HAL_InitTick                             0x0800070d   Thumb Code    64  stm32f1xx_hal.o(i.HAL_InitTick)
    HAL_MspInit                              0x08000759   Thumb Code     2  stm32f1xx_hal_msp.o(i.HAL_MspInit)
    HAL_NVIC_SetPriority                     0x0800075b   Thumb Code   124  stm32f1xx_hal_cortex.o(i.HAL_NVIC_SetPriority)
    HAL_NVIC_SetPriorityGrouping             0x080007d9   Thumb Code    32  stm32f1xx_hal_cortex.o(i.HAL_NVIC_SetPriorityGrouping)
    HAL_RCC_ClockConfig                      0x08000801   Thumb Code   376  stm32f1xx_hal_rcc.o(i.HAL_RCC_ClockConfig)
    HAL_RCC_GetSysClockFreq                  0x0800098d   Thumb Code   116  stm32f1xx_hal_rcc.o(i.HAL_RCC_GetSysClockFreq)
    HAL_RCC_OscConfig                        0x08000a21   Thumb Code  1114  stm32f1xx_hal_rcc.o(i.HAL_RCC_OscConfig)
    HAL_SYSTICK_Config                       0x08000e85   Thumb Code    52  stm32f1xx_hal_cortex.o(i.HAL_SYSTICK_Config)
    LED_thread                               0x08000eb9   Thumb Code    64  main.o(i.LED_thread)
    MX_GPIO_Init                             0x08000f01   Thumb Code   166  main.o(i.MX_GPIO_Init)
    MemManage_Handler                        0x08000fb5   Thumb Code     4  stm32f1xx_it.o(i.MemManage_Handler)
    NMI_Handler                              0x08000fb9   Thumb Code     2  stm32f1xx_it.o(i.NMI_Handler)
    SysTick_Handler                          0x08000fe5   Thumb Code    16  board.o(i.SysTick_Handler)
    SystemInit                               0x0800104d   Thumb Code    70  system_stm32f1xx.o(i.SystemInit)
    UsageFault_Handler                       0x080010a5   Thumb Code     4  stm32f1xx_it.o(i.UsageFault_Handler)
    __rt_ffs                                 0x08001111   Thumb Code    70  kservice.o(i.__rt_ffs)
    $Super$$main                             0x0800125d   Thumb Code    42  main.o(i.main)
    main_thread_entry                        0x08001299   Thumb Code    10  components.o(i.main_thread_entry)
    rt_application_init                      0x080014b5   Thumb Code    34  components.o(i.rt_application_init)
    rt_enter_critical                        0x080014e5   Thumb Code    28  scheduler.o(i.rt_enter_critical)
    rt_exit_critical                         0x08001505   Thumb Code    60  scheduler.o(i.rt_exit_critical)
    rt_free                                  0x08001549   Thumb Code   128  mem.o(i.rt_free)
    rt_heap_begin_get                        0x08001629   Thumb Code     4  board.o(i.rt_heap_begin_get)
    rt_heap_end_get                          0x08001631   Thumb Code     4  board.o(i.rt_heap_end_get)
    rt_hw_board_init                         0x08001639   Thumb Code    48  board.o(i.rt_hw_board_init)
    rt_hw_console_output                     0x0800166d   Thumb Code     2  kservice.o(i.rt_hw_console_output)
    rt_hw_hard_fault_exception               0x08001671   Thumb Code   190  cpuport.o(i.rt_hw_hard_fault_exception)
    rt_hw_stack_init                         0x08001871   Thumb Code    70  cpuport.o(i.rt_hw_stack_init)
    rt_interrupt_enter                       0x080018bd   Thumb Code    26  irq.o(i.rt_interrupt_enter)
    rt_interrupt_leave                       0x080018dd   Thumb Code    26  irq.o(i.rt_interrupt_leave)
    rt_kprintf                               0x08001991   Thumb Code    44  kservice.o(i.rt_kprintf)
    rt_malloc                                0x08001a61   Thumb Code   336  mem.o(i.rt_malloc)
    rt_memset                                0x08001bcd   Thumb Code    72  kservice.o(i.rt_memset)
    rt_object_allocate                       0x08001c15   Thumb Code    84  object.o(i.rt_object_allocate)
    rt_object_delete                         0x08001c69   Thumb Code    36  object.o(i.rt_object_delete)
    rt_object_detach                         0x08001c8d   Thumb Code    30  object.o(i.rt_object_detach)
    rt_object_get_information                0x08001cad   Thumb Code    36  object.o(i.rt_object_get_information)
    rt_object_init                           0x08001cd5   Thumb Code    86  object.o(i.rt_object_init)
    rt_object_is_systemobject                0x08001d2b   Thumb Code    18  object.o(i.rt_object_is_systemobject)
    rt_schedule                              0x08001d3d   Thumb Code   106  scheduler.o(i.rt_schedule)
    rt_schedule_insert_thread                0x08001dc1   Thumb Code    72  scheduler.o(i.rt_schedule_insert_thread)
    rt_schedule_remove_thread                0x08001e11   Thumb Code    76  scheduler.o(i.rt_schedule_remove_thread)
    rt_sem_init                              0x08001e65   Thumb Code    38  ipc.o(i.rt_sem_init)
    rt_sem_release                           0x08001e8b   Thumb Code    82  ipc.o(i.rt_sem_release)
    rt_sem_take                              0x08001edd   Thumb Code   116  ipc.o(i.rt_sem_take)
    rt_show_version                          0x08001f51   Thumb Code    38  kservice.o(i.rt_show_version)
    rt_strncpy                               0x08002001   Thumb Code    52  kservice.o(i.rt_strncpy)
    rt_system_heap_init                      0x08002035   Thumb Code   160  mem.o(i.rt_system_heap_init)
    rt_system_scheduler_init                 0x0800212d   Thumb Code    52  scheduler.o(i.rt_system_scheduler_init)
    rt_system_scheduler_start                0x08002179   Thumb Code    36  scheduler.o(i.rt_system_scheduler_start)
    rt_system_timer_init                     0x080021a9   Thumb Code    24  timer.o(i.rt_system_timer_init)
    rt_system_timer_thread_init              0x080021c5   Thumb Code     2  timer.o(i.rt_system_timer_thread_init)
    rt_thread_create                         0x080021c7   Thumb Code    80  thread.o(i.rt_thread_create)
    rt_thread_delay                          0x08002217   Thumb Code    12  thread.o(i.rt_thread_delay)
    rt_thread_exit                           0x08002225   Thumb Code    78  thread.o(i.rt_thread_exit)
    rt_thread_idle_excute                    0x08002285   Thumb Code    92  idle.o(i.rt_thread_idle_excute)
    rt_thread_idle_init                      0x080022e5   Thumb Code    38  idle.o(i.rt_thread_idle_init)
    rt_thread_init                           0x08002321   Thumb Code    52  thread.o(i.rt_thread_init)
    rt_thread_resume                         0x08002355   Thumb Code    60  thread.o(i.rt_thread_resume)
    rt_thread_self                           0x08002391   Thumb Code     6  thread.o(i.rt_thread_self)
    rt_thread_sleep                          0x0800239d   Thumb Code    62  thread.o(i.rt_thread_sleep)
    rt_thread_startup                        0x080023e1   Thumb Code    44  thread.o(i.rt_thread_startup)
    rt_thread_suspend                        0x0800240d   Thumb Code    68  thread.o(i.rt_thread_suspend)
    rt_thread_timeout                        0x08002451   Thumb Code    32  thread.o(i.rt_thread_timeout)
    rt_thread_yield                          0x08002471   Thumb Code    92  thread.o(i.rt_thread_yield)
    rt_tick_get                              0x080024d5   Thumb Code     6  clock.o(i.rt_tick_get)
    rt_tick_increase                         0x080024e1   Thumb Code    42  clock.o(i.rt_tick_increase)
    rt_timer_check                           0x08002511   Thumb Code   160  timer.o(i.rt_timer_check)
    rt_timer_control                         0x080025b5   Thumb Code    98  timer.o(i.rt_timer_control)
    rt_timer_detach                          0x08002617   Thumb Code    40  timer.o(i.rt_timer_detach)
    rt_timer_init                            0x0800263f   Thumb Code    46  timer.o(i.rt_timer_init)
    rt_timer_start                           0x0800266d   Thumb Code   226  timer.o(i.rt_timer_start)
    rt_timer_stop                            0x08002759   Thumb Code    48  timer.o(i.rt_timer_stop)
    rt_vsnprintf                             0x08002789   Thumb Code   824  kservice.o(i.rt_vsnprintf)
    rtthread_startup                         0x08002ac9   Thumb Code    42  components.o(i.rtthread_startup)
    __lowest_bit_bitmap                      0x08002b18   Data         256  kservice.o(.constdata)
    AHBPrescTable                            0x08002c3a   Data          16  system_stm32f1xx.o(.constdata)
    APBPrescTable                            0x08002c4a   Data           8  system_stm32f1xx.o(.constdata)
    Region$$Table$$Base                      0x08002c54   Number         0  anon$$obj.o(Region$$Table)
    Region$$Table$$Limit                     0x08002c74   Number         0  anon$$obj.o(Region$$Table)
    rt_interrupt_nest                        0x20000008   Data           1  irq.o(.data)
    rt_thread_ready_priority_group           0x20000064   Data           4  scheduler.o(.data)
    rt_current_thread                        0x2000006c   Data           4  scheduler.o(.data)
    rt_current_priority                      0x20000070   Data           1  scheduler.o(.data)
    rt_thread_defunct                        0x20000074   Data           8  scheduler.o(.data)
    rt_interrupt_from_thread                 0x20000088   Data           4  cpuport.o(.data)
    rt_interrupt_to_thread                   0x2000008c   Data           4  cpuport.o(.data)
    rt_thread_switch_interrupt_flag          0x20000090   Data           4  cpuport.o(.data)
    uwTick                                   0x20000098   Data           4  stm32f1xx_hal.o(.data)
    uwTickPrio                               0x2000009c   Data           4  stm32f1xx_hal.o(.data)
    uwTickFreq                               0x200000a0   Data           1  stm32f1xx_hal.o(.data)
    SystemCoreClock                          0x200000a4   Data           4  system_stm32f1xx.o(.data)
    rt_thread_priority_table                 0x200012c0   Data         256  scheduler.o(.bss)
    __libspace_start                         0x200013c0   Data          96  libspace.o(.bss)
    __temporary_stack_top$libspace           0x20001420   Data           0  libspace.o(.bss)



==============================================================================

Memory Map of the image

  Image Entry point : 0x08000131

  Load Region LR_IROM1 (Base: 0x08000000, Size: 0x00002d1c, Max: 0x01000000, ABSOLUTE)

    Execution Region ER_IROM1 (Exec base: 0x08000000, Load base: 0x08000000, Size: 0x00002c74, Max: 0x01000000, ABSOLUTE)

    Exec Addr    Load Addr    Size         Type   Attr      Idx    E Section Name        Object

    0x08000000   0x08000000   0x00000130   Data   RO         8831    RESET               startup_stm32f103xe.o
    0x08000130   0x08000130   0x00000008   Code   RO         8844  * !!!main             c_w.l(__main.o)
    0x08000138   0x08000138   0x00000034   Code   RO         9001    !!!scatter          c_w.l(__scatter.o)
    0x0800016c   0x0800016c   0x0000001a   Code   RO         9003    !!handler_copy      c_w.l(__scatter_copy.o)
    0x08000186   0x08000186   0x00000002   PAD
    0x08000188   0x08000188   0x0000001c   Code   RO         9005    !!handler_zi        c_w.l(__scatter_zi.o)
    0x080001a4   0x080001a4   0x00000002   Code   RO         8871    .ARM.Collect$$libinit$$00000000  c_w.l(libinit.o)
    0x080001a6   0x080001a6   0x00000000   Code   RO         8878    .ARM.Collect$$libinit$$00000002  c_w.l(libinit2.o)
    0x080001a6   0x080001a6   0x00000000   Code   RO         8880    .ARM.Collect$$libinit$$00000004  c_w.l(libinit2.o)
    0x080001a6   0x080001a6   0x00000000   Code   RO         8883    .ARM.Collect$$libinit$$0000000A  c_w.l(libinit2.o)
    0x080001a6   0x080001a6   0x00000000   Code   RO         8885    .ARM.Collect$$libinit$$0000000C  c_w.l(libinit2.o)
    0x080001a6   0x080001a6   0x00000000   Code   RO         8887    .ARM.Collect$$libinit$$0000000E  c_w.l(libinit2.o)
    0x080001a6   0x080001a6   0x00000000   Code   RO         8890    .ARM.Collect$$libinit$$00000011  c_w.l(libinit2.o)
    0x080001a6   0x080001a6   0x00000000   Code   RO         8892    .ARM.Collect$$libinit$$00000013  c_w.l(libinit2.o)
    0x080001a6   0x080001a6   0x00000000   Code   RO         8894    .ARM.Collect$$libinit$$00000015  c_w.l(libinit2.o)
    0x080001a6   0x080001a6   0x00000000   Code   RO         8896    .ARM.Collect$$libinit$$00000017  c_w.l(libinit2.o)
    0x080001a6   0x080001a6   0x00000000   Code   RO         8898    .ARM.Collect$$libinit$$00000019  c_w.l(libinit2.o)
    0x080001a6   0x080001a6   0x00000000   Code   RO         8900    .ARM.Collect$$libinit$$0000001B  c_w.l(libinit2.o)
    0x080001a6   0x080001a6   0x00000000   Code   RO         8902    .ARM.Collect$$libinit$$0000001D  c_w.l(libinit2.o)
    0x080001a6   0x080001a6   0x00000000   Code   RO         8904    .ARM.Collect$$libinit$$0000001F  c_w.l(libinit2.o)
    0x080001a6   0x080001a6   0x00000000   Code   RO         8906    .ARM.Collect$$libinit$$00000021  c_w.l(libinit2.o)
    0x080001a6   0x080001a6   0x00000000   Code   RO         8908    .ARM.Collect$$libinit$$00000023  c_w.l(libinit2.o)
    0x080001a6   0x080001a6   0x00000000   Code   RO         8910    .ARM.Collect$$libinit$$00000025  c_w.l(libinit2.o)
    0x080001a6   0x080001a6   0x00000000   Code   RO         8914    .ARM.Collect$$libinit$$0000002C  c_w.l(libinit2.o)
    0x080001a6   0x080001a6   0x00000000   Code   RO         8916    .ARM.Collect$$libinit$$0000002E  c_w.l(libinit2.o)
    0x080001a6   0x080001a6   0x00000000   Code   RO         8918    .ARM.Collect$$libinit$$00000030  c_w.l(libinit2.o)
    0x080001a6   0x080001a6   0x00000000   Code   RO         8920    .ARM.Collect$$libinit$$00000032  c_w.l(libinit2.o)
    0x080001a6   0x080001a6   0x00000002   Code   RO         8921    .ARM.Collect$$libinit$$00000033  c_w.l(libinit2.o)
    0x080001a8   0x080001a8   0x00000002   Code   RO         8941    .ARM.Collect$$libshutdown$$00000000  c_w.l(libshutdown.o)
    0x080001aa   0x080001aa   0x00000000   Code   RO         8954    .ARM.Collect$$libshutdown$$00000002  c_w.l(libshutdown2.o)
    0x080001aa   0x080001aa   0x00000000   Code   RO         8956    .ARM.Collect$$libshutdown$$00000004  c_w.l(libshutdown2.o)
    0x080001aa   0x080001aa   0x00000000   Code   RO         8959    .ARM.Collect$$libshutdown$$00000007  c_w.l(libshutdown2.o)
    0x080001aa   0x080001aa   0x00000000   Code   RO         8962    .ARM.Collect$$libshutdown$$0000000A  c_w.l(libshutdown2.o)
    0x080001aa   0x080001aa   0x00000000   Code   RO         8964    .ARM.Collect$$libshutdown$$0000000C  c_w.l(libshutdown2.o)
    0x080001aa   0x080001aa   0x00000000   Code   RO         8967    .ARM.Collect$$libshutdown$$0000000F  c_w.l(libshutdown2.o)
    0x080001aa   0x080001aa   0x00000002   Code   RO         8968    .ARM.Collect$$libshutdown$$00000010  c_w.l(libshutdown2.o)
    0x080001ac   0x080001ac   0x00000000   Code   RO         8846    .ARM.Collect$$rtentry$$00000000  c_w.l(__rtentry.o)
    0x080001ac   0x080001ac   0x00000000   Code   RO         8848    .ARM.Collect$$rtentry$$00000002  c_w.l(__rtentry2.o)
    0x080001ac   0x080001ac   0x00000006   Code   RO         8860    .ARM.Collect$$rtentry$$00000004  c_w.l(__rtentry4.o)
    0x080001b2   0x080001b2   0x00000000   Code   RO         8850    .ARM.Collect$$rtentry$$00000009  c_w.l(__rtentry2.o)
    0x080001b2   0x080001b2   0x00000004   Code   RO         8851    .ARM.Collect$$rtentry$$0000000A  c_w.l(__rtentry2.o)
    0x080001b6   0x080001b6   0x00000000   Code   RO         8853    .ARM.Collect$$rtentry$$0000000C  c_w.l(__rtentry2.o)
    0x080001b6   0x080001b6   0x00000008   Code   RO         8854    .ARM.Collect$$rtentry$$0000000D  c_w.l(__rtentry2.o)
    0x080001be   0x080001be   0x00000002   Code   RO         8875    .ARM.Collect$$rtexit$$00000000  c_w.l(rtexit.o)
    0x080001c0   0x080001c0   0x00000000   Code   RO         8923    .ARM.Collect$$rtexit$$00000002  c_w.l(rtexit2.o)
    0x080001c0   0x080001c0   0x00000004   Code   RO         8924    .ARM.Collect$$rtexit$$00000003  c_w.l(rtexit2.o)
    0x080001c4   0x080001c4   0x00000006   Code   RO         8925    .ARM.Collect$$rtexit$$00000004  c_w.l(rtexit2.o)
    0x080001ca   0x080001ca   0x00000002   PAD
    0x080001cc   0x080001cc   0x000000f4   Code   RO         1406    .text               context_rvds.o
    0x080002c0   0x080002c0   0x00000040   Code   RO         8832    .text               startup_stm32f103xe.o
    0x08000300   0x08000300   0x00000006   Code   RO         8842    .text               c_w.l(heapauxi.o)
    0x08000306   0x08000306   0x0000004a   Code   RO         8862    .text               c_w.l(sys_stackheap_outer.o)
    0x08000350   0x08000350   0x00000012   Code   RO         8864    .text               c_w.l(exit.o)
    0x08000362   0x08000362   0x00000002   PAD
    0x08000364   0x08000364   0x00000008   Code   RO         8872    .text               c_w.l(libspace.o)
    0x0800036c   0x0800036c   0x0000000c   Code   RO         8933    .text               c_w.l(sys_exit.o)
    0x08000378   0x08000378   0x00000002   Code   RO         8944    .text               c_w.l(use_no_semi.o)
    0x0800037a   0x0800037a   0x00000000   Code   RO         8946    .text               c_w.l(indicate_semi.o)
    0x0800037a   0x0800037a   0x0000000a   Code   RO          525    i.$Sub$$main        components.o
    0x08000384   0x08000384   0x00000004   Code   RO          240    i.BusFault_Handler  stm32f1xx_it.o
    0x08000388   0x08000388   0x00000002   Code   RO          241    i.DebugMon_Handler  stm32f1xx_it.o
    0x0800038a   0x0800038a   0x00000002   PAD
    0x0800038c   0x0800038c   0x00000340   Code   RO         2961    i.HAL_GPIO_Init     stm32f1xx_hal_gpio.o
    0x080006cc   0x080006cc   0x0000000c   Code   RO         2965    i.HAL_GPIO_WritePin  stm32f1xx_hal_gpio.o
    0x080006d8   0x080006d8   0x0000000c   Code   RO         1463    i.HAL_GetTick       stm32f1xx_hal.o
    0x080006e4   0x080006e4   0x00000028   Code   RO         1470    i.HAL_Init          stm32f1xx_hal.o
    0x0800070c   0x0800070c   0x0000004c   Code   RO         1471    i.HAL_InitTick      stm32f1xx_hal.o
    0x08000758   0x08000758   0x00000002   Code   RO         8766    i.HAL_MspInit       stm32f1xx_hal_msp.o
    0x0800075a   0x0800075a   0x0000007c   Code   RO         2162    i.HAL_NVIC_SetPriority  stm32f1xx_hal_cortex.o
    0x080007d6   0x080007d6   0x00000002   PAD
    0x080007d8   0x080007d8   0x00000028   Code   RO         2163    i.HAL_NVIC_SetPriorityGrouping  stm32f1xx_hal_cortex.o
    0x08000800   0x08000800   0x0000018c   Code   RO         5041    i.HAL_RCC_ClockConfig  stm32f1xx_hal_rcc.o
    0x0800098c   0x0800098c   0x00000094   Code   RO         5050    i.HAL_RCC_GetSysClockFreq  stm32f1xx_hal_rcc.o
    0x08000a20   0x08000a20   0x00000464   Code   RO         5053    i.HAL_RCC_OscConfig  stm32f1xx_hal_rcc.o
    0x08000e84   0x08000e84   0x00000034   Code   RO         2167    i.HAL_SYSTICK_Config  stm32f1xx_hal_cortex.o
    0x08000eb8   0x08000eb8   0x00000048   Code   RO            4    i.LED_thread        main.o
    0x08000f00   0x08000f00   0x000000b4   Code   RO            5    i.MX_GPIO_Init      main.o
    0x08000fb4   0x08000fb4   0x00000004   Code   RO          242    i.MemManage_Handler  stm32f1xx_it.o
    0x08000fb8   0x08000fb8   0x00000002   Code   RO          243    i.NMI_Handler       stm32f1xx_it.o
    0x08000fba   0x08000fba   0x00000002   PAD
    0x08000fbc   0x08000fbc   0x00000028   Code   RO         5054    i.RCC_Delay         stm32f1xx_hal_rcc.o
    0x08000fe4   0x08000fe4   0x00000010   Code   RO          433    i.SysTick_Handler   board.o
    0x08000ff4   0x08000ff4   0x00000058   Code   RO          434    i.SystemClock_Config  board.o
    0x0800104c   0x0800104c   0x00000058   Code   RO         8796    i.SystemInit        system_stm32f1xx.o
    0x080010a4   0x080010a4   0x00000004   Code   RO          244    i.UsageFault_Handler  stm32f1xx_it.o
    0x080010a8   0x080010a8   0x00000030   Code   RO          435    i._SysTick_Config   board.o
    0x080010d8   0x080010d8   0x00000010   Code   RO         2169    i.__NVIC_GetPriorityGrouping  stm32f1xx_hal_cortex.o
    0x080010e8   0x080010e8   0x00000028   Code   RO         2170    i.__NVIC_SetPriority  stm32f1xx_hal_cortex.o
    0x08001110   0x08001110   0x0000004c   Code   RO          763    i.__rt_ffs          kservice.o
    0x0800115c   0x0800115c   0x00000084   Code   RO         1162    i._rt_thread_init   thread.o
    0x080011e0   0x080011e0   0x00000042   Code   RO         1294    i._rt_timer_init    timer.o
    0x08001222   0x08001222   0x0000001c   Code   RO         1295    i._rt_timer_remove  timer.o
    0x0800123e   0x0800123e   0x0000001c   Code   RO         1163    i._thread_cleanup_execute  thread.o
    0x0800125a   0x0800125a   0x00000002   PAD
    0x0800125c   0x0800125c   0x0000003c   Code   RO            6    i.main              main.o
    0x08001298   0x08001298   0x0000000a   Code   RO          526    i.main_thread_entry  components.o
    0x080012a2   0x080012a2   0x00000002   PAD
    0x080012a4   0x080012a4   0x00000078   Code   RO          940    i.plug_holes        mem.o
    0x0800131c   0x0800131c   0x00000198   Code   RO          765    i.print_number      kservice.o
    0x080014b4   0x080014b4   0x00000030   Code   RO          527    i.rt_application_init  components.o
    0x080014e4   0x080014e4   0x00000020   Code   RO         1090    i.rt_enter_critical  scheduler.o
    0x08001504   0x08001504   0x00000044   Code   RO         1091    i.rt_exit_critical  scheduler.o
    0x08001548   0x08001548   0x000000e0   Code   RO          942    i.rt_free           mem.o
    0x08001628   0x08001628   0x00000008   Code   RO          436    i.rt_heap_begin_get  board.o
    0x08001630   0x08001630   0x00000008   Code   RO          437    i.rt_heap_end_get   board.o
    0x08001638   0x08001638   0x00000034   Code   RO          438    i.rt_hw_board_init  board.o
    0x0800166c   0x0800166c   0x00000002   Code   RO          768    i.rt_hw_console_output  kservice.o
    0x0800166e   0x0800166e   0x00000002   PAD
    0x08001670   0x08001670   0x00000200   Code   RO         1413    i.rt_hw_hard_fault_exception  cpuport.o
    0x08001870   0x08001870   0x0000004c   Code   RO         1414    i.rt_hw_stack_init  cpuport.o
    0x080018bc   0x080018bc   0x00000020   Code   RO          736    i.rt_interrupt_enter  irq.o
    0x080018dc   0x080018dc   0x00000020   Code   RO          738    i.rt_interrupt_leave  irq.o
    0x080018fc   0x080018fc   0x00000014   Code   RO          596    i.rt_ipc_list_resume  ipc.o
    0x08001910   0x08001910   0x0000006e   Code   RO          598    i.rt_ipc_list_suspend  ipc.o
    0x0800197e   0x0800197e   0x00000010   Code   RO          599    i.rt_ipc_object_init  ipc.o
    0x0800198e   0x0800198e   0x00000002   PAD
    0x08001990   0x08001990   0x00000030   Code   RO          769    i.rt_kprintf        kservice.o
    0x080019c0   0x080019c0   0x00000006   Code   RO          600    i.rt_list_init      ipc.o
    0x080019c6   0x080019c6   0x00000006   Code   RO         1092    i.rt_list_init      scheduler.o
    0x080019cc   0x080019cc   0x00000006   Code   RO         1296    i.rt_list_init      timer.o
    0x080019d2   0x080019d2   0x0000000e   Code   RO         1002    i.rt_list_insert_after  object.o
    0x080019e0   0x080019e0   0x0000000e   Code   RO         1164    i.rt_list_insert_after  thread.o
    0x080019ee   0x080019ee   0x0000000e   Code   RO         1297    i.rt_list_insert_after  timer.o
    0x080019fc   0x080019fc   0x0000000e   Code   RO          601    i.rt_list_insert_before  ipc.o
    0x08001a0a   0x08001a0a   0x00000010   Code   RO          602    i.rt_list_isempty   ipc.o
    0x08001a1a   0x08001a1a   0x00000010   Code   RO         1298    i.rt_list_isempty   timer.o
    0x08001a2a   0x08001a2a   0x00000012   Code   RO         1003    i.rt_list_remove    object.o
    0x08001a3c   0x08001a3c   0x00000012   Code   RO         1165    i.rt_list_remove    thread.o
    0x08001a4e   0x08001a4e   0x00000012   Code   RO         1299    i.rt_list_remove    timer.o
    0x08001a60   0x08001a60   0x0000016c   Code   RO          943    i.rt_malloc         mem.o
    0x08001bcc   0x08001bcc   0x00000048   Code   RO          775    i.rt_memset         kservice.o
    0x08001c14   0x08001c14   0x00000054   Code   RO         1004    i.rt_object_allocate  object.o
    0x08001c68   0x08001c68   0x00000024   Code   RO         1005    i.rt_object_delete  object.o
    0x08001c8c   0x08001c8c   0x0000001e   Code   RO         1006    i.rt_object_detach  object.o
    0x08001caa   0x08001caa   0x00000002   PAD
    0x08001cac   0x08001cac   0x00000028   Code   RO         1008    i.rt_object_get_information  object.o
    0x08001cd4   0x08001cd4   0x00000056   Code   RO         1012    i.rt_object_init    object.o
    0x08001d2a   0x08001d2a   0x00000012   Code   RO         1013    i.rt_object_is_systemobject  object.o
    0x08001d3c   0x08001d3c   0x00000084   Code   RO         1093    i.rt_schedule       scheduler.o
    0x08001dc0   0x08001dc0   0x00000050   Code   RO         1094    i.rt_schedule_insert_thread  scheduler.o
    0x08001e10   0x08001e10   0x00000054   Code   RO         1095    i.rt_schedule_remove_thread  scheduler.o
    0x08001e64   0x08001e64   0x00000026   Code   RO          615    i.rt_sem_init       ipc.o
    0x08001e8a   0x08001e8a   0x00000052   Code   RO          616    i.rt_sem_release    ipc.o
    0x08001edc   0x08001edc   0x00000074   Code   RO          617    i.rt_sem_take       ipc.o
    0x08001f50   0x08001f50   0x000000b0   Code   RO          777    i.rt_show_version   kservice.o
    0x08002000   0x08002000   0x00000034   Code   RO          785    i.rt_strncpy        kservice.o
    0x08002034   0x08002034   0x000000f8   Code   RO          946    i.rt_system_heap_init  mem.o
    0x0800212c   0x0800212c   0x0000004c   Code   RO         1096    i.rt_system_scheduler_init  scheduler.o
    0x08002178   0x08002178   0x00000030   Code   RO         1097    i.rt_system_scheduler_start  scheduler.o
    0x080021a8   0x080021a8   0x0000001c   Code   RO         1300    i.rt_system_timer_init  timer.o
    0x080021c4   0x080021c4   0x00000002   Code   RO         1301    i.rt_system_timer_thread_init  timer.o
    0x080021c6   0x080021c6   0x00000050   Code   RO         1167    i.rt_thread_create  thread.o
    0x08002216   0x08002216   0x0000000c   Code   RO         1168    i.rt_thread_delay   thread.o
    0x08002222   0x08002222   0x00000002   PAD
    0x08002224   0x08002224   0x00000058   Code   RO         1172    i.rt_thread_exit    thread.o
    0x0800227c   0x0800227c   0x00000008   Code   RO          561    i.rt_thread_idle_entry  idle.o
    0x08002284   0x08002284   0x00000060   Code   RO          562    i.rt_thread_idle_excute  idle.o
    0x080022e4   0x080022e4   0x0000003c   Code   RO          564    i.rt_thread_idle_init  idle.o
    0x08002320   0x08002320   0x00000034   Code   RO         1174    i.rt_thread_init    thread.o
    0x08002354   0x08002354   0x0000003c   Code   RO         1176    i.rt_thread_resume  thread.o
    0x08002390   0x08002390   0x0000000c   Code   RO         1177    i.rt_thread_self    thread.o
    0x0800239c   0x0800239c   0x00000044   Code   RO         1178    i.rt_thread_sleep   thread.o
    0x080023e0   0x080023e0   0x0000002c   Code   RO         1179    i.rt_thread_startup  thread.o
    0x0800240c   0x0800240c   0x00000044   Code   RO         1180    i.rt_thread_suspend  thread.o
    0x08002450   0x08002450   0x00000020   Code   RO         1181    i.rt_thread_timeout  thread.o
    0x08002470   0x08002470   0x00000064   Code   RO         1182    i.rt_thread_yield   thread.o
    0x080024d4   0x080024d4   0x0000000c   Code   RO          489    i.rt_tick_get       clock.o
    0x080024e0   0x080024e0   0x00000030   Code   RO          490    i.rt_tick_increase  clock.o
    0x08002510   0x08002510   0x000000a4   Code   RO         1302    i.rt_timer_check    timer.o
    0x080025b4   0x080025b4   0x00000062   Code   RO         1303    i.rt_timer_control  timer.o
    0x08002616   0x08002616   0x00000028   Code   RO         1306    i.rt_timer_detach   timer.o
    0x0800263e   0x0800263e   0x0000002e   Code   RO         1307    i.rt_timer_init     timer.o
    0x0800266c   0x0800266c   0x000000ec   Code   RO         1310    i.rt_timer_start    timer.o
    0x08002758   0x08002758   0x00000030   Code   RO         1311    i.rt_timer_stop     timer.o
    0x08002788   0x08002788   0x00000340   Code   RO          788    i.rt_vsnprintf      kservice.o
    0x08002ac8   0x08002ac8   0x0000002a   Code   RO          528    i.rtthread_startup  components.o
    0x08002af2   0x08002af2   0x00000026   Code   RO          790    i.skip_atoi         kservice.o
    0x08002b18   0x08002b18   0x00000122   Data   RO          792    .constdata          kservice.o
    0x08002c3a   0x08002c3a   0x00000018   Data   RO         8797    .constdata          system_stm32f1xx.o
    0x08002c52   0x08002c52   0x00000002   PAD
    0x08002c54   0x08002c54   0x00000020   Data   RO         8999    Region$$Table       anon$$obj.o


    Execution Region RW_IRAM1 (Exec base: 0x20000000, Load base: 0x08002c74, Size: 0x00001a20, Max: 0x00010000, ABSOLUTE)

    Exec Addr    Load Addr    Size         Type   Attr      Idx    E Section Name        Object

    0x20000000   0x08002c74   0x00000004   Data   RW            7    .data               main.o
    0x20000004   0x08002c78   0x00000004   Data   RW          492    .data               clock.o
    0x20000008   0x08002c7c   0x00000001   Data   RW          739    .data               irq.o
    0x20000009   0x08002c7d   0x00000003   PAD
    0x2000000c   0x08002c80   0x00000018   Data   RW          948    .data               mem.o
    0x20000024   0x08002c98   0x00000040   Data   RW         1015    .data               object.o
    0x20000064   0x08002cd8   0x00000018   Data   RW         1099    .data               scheduler.o
    0x2000007c   0x08002cf0   0x0000000c   Data   RW         1312    .data               timer.o
    0x20000088   0x08002cfc   0x00000010   Data   RW         1415    .data               cpuport.o
    0x20000098   0x08002d0c   0x00000009   Data   RW         1477    .data               stm32f1xx_hal.o
    0x200000a1   0x08002d15   0x00000003   PAD
    0x200000a4   0x08002d18   0x00000004   Data   RW         8798    .data               system_stm32f1xx.o
    0x200000a8        -       0x00001000   Zero   RW          439    .bss                board.o
    0x200010a8        -       0x00000178   Zero   RW          565    .bss                idle.o
    0x20001220        -       0x00000080   Zero   RW          791    .bss                kservice.o
    0x200012a0        -       0x00000020   Zero   RW          947    .bss                mem.o
    0x200012c0        -       0x00000100   Zero   RW         1098    .bss                scheduler.o
    0x200013c0        -       0x00000060   Zero   RW         8873    .bss                c_w.l(libspace.o)
    0x20001420        -       0x00000200   Zero   RW         8830    HEAP                startup_stm32f103xe.o
    0x20001620        -       0x00000400   Zero   RW         8829    STACK               startup_stm32f103xe.o


==============================================================================

Image component sizes


      Code (inc. data)   RO Data    RW Data    ZI Data      Debug   Object Name

       220         16          0          0       4096       3775   board.o
        60         12          0          4          0       1113   clock.o
       110         14          0          0          0       2014   components.o
       244         28          0          0          0        748   context_rvds.o
       588        328          0         16          0       3118   cpuport.o
       164         26          0          0        376       4930   idle.o
       418          0          0          0          0       8005   ipc.o
        64         12          0          1          0       1482   irq.o
      1704        164        290          0        128       8495   kservice.o
       312         40          0          4          0     446487   main.o
       956        224          0         24         32       3748   mem.o
       326          4          0         64          0       7948   object.o
       526         90          0         24        256       8146   scheduler.o
        64         26        304          0       1536        800   startup_stm32f103xe.o
       128         24          0          9          0       5459   stm32f1xx_hal.o
       272         22          0          0          0      28678   stm32f1xx_hal_cortex.o
       844         40          0          0          0       2700   stm32f1xx_hal_gpio.o
         2          0          0          0          0        418   stm32f1xx_hal_msp.o
      1708         84          0          0          0       4396   stm32f1xx_hal_rcc.o
        16          0          0          0          0      46325   stm32f1xx_it.o
        88         18         24          4          0       1099   system_stm32f1xx.o
       808         38          0          0          0      11895   thread.o
       810         24          0         12          0      11128   timer.o

    ----------------------------------------------------------------------
     10450       1234        652        168       6424     612907   Object Totals
         0          0         32          0          0          0   (incl. Generated)
        18          0          2          6          0          0   (incl. Padding)

    ----------------------------------------------------------------------

      Code (inc. data)   RO Data    RW Data    ZI Data      Debug   Library Member Name

         8          0          0          0          0         68   __main.o
         0          0          0          0          0          0   __rtentry.o
        12          0          0          0          0          0   __rtentry2.o
         6          0          0          0          0          0   __rtentry4.o
        52          8          0          0          0          0   __scatter.o
        26          0          0          0          0          0   __scatter_copy.o
        28          0          0          0          0          0   __scatter_zi.o
        18          0          0          0          0         80   exit.o
         6          0          0          0          0        152   heapauxi.o
         0          0          0          0          0          0   indicate_semi.o
         2          0          0          0          0          0   libinit.o
         2          0          0          0          0          0   libinit2.o
         2          0          0          0          0          0   libshutdown.o
         2          0          0          0          0          0   libshutdown2.o
         8          4          0          0         96         68   libspace.o
         2          0          0          0          0          0   rtexit.o
        10          0          0          0          0          0   rtexit2.o
        12          4          0          0          0         68   sys_exit.o
        74          0          0          0          0         80   sys_stackheap_outer.o
         2          0          0          0          0         68   use_no_semi.o

    ----------------------------------------------------------------------
       278         16          0          0         96        584   Library Totals
         6          0          0          0          0          0   (incl. Padding)

    ----------------------------------------------------------------------

      Code (inc. data)   RO Data    RW Data    ZI Data      Debug   Library Name

       272         16          0          0         96        584   c_w.l

    ----------------------------------------------------------------------
       278         16          0          0         96        584   Library Totals

    ----------------------------------------------------------------------

==============================================================================


      Code (inc. data)   RO Data    RW Data    ZI Data      Debug   

     10728       1250        652        168       6520     607819   Grand Totals
     10728       1250        652        168       6520     607819   ELF Image Totals
     10728       1250        652        168          0          0   ROM Totals

==============================================================================

    Total RO  Size (Code + RO Data)                11380 (  11.11kB)
    Total RW  Size (RW Data + ZI Data)              6688 (   6.53kB)
    Total ROM Size (Code + RO Data + RW Data)      11548 (  11.28kB)

==============================================================================

