Component: ARM Compiler 5.06 update 6 (build 750) Tool: armlink [4d35ed]

==============================================================================

Section Cross References

    main.o(i.LED_thread) refers to stm32f1xx_hal_gpio.o(i.HAL_GPIO_WritePin) for HAL_GPIO_WritePin
    main.o(i.LED_thread) refers to thread.o(i.rt_thread_delay) for rt_thread_delay
    main.o(i.MX_GPIO_Init) refers to stm32f1xx_hal_gpio.o(i.HAL_GPIO_WritePin) for HAL_GPIO_WritePin
    main.o(i.MX_GPIO_Init) refers to stm32f1xx_hal_gpio.o(i.HAL_GPIO_Init) for HAL_GPIO_Init
    main.o(i.init_all) refers to main.o(i.MX_GPIO_Init) for MX_GPIO_Init
    main.o(i.init_all) refers to uart.o(i.MX_USART1_UART_Init) for MX_USART1_UART_Init
    main.o(i.main) refers to thread.o(i.rt_thread_create) for rt_thread_create
    main.o(i.main) refers to thread.o(i.rt_thread_startup) for rt_thread_startup
    main.o(i.main) refers to main.o(i.LED_thread) for LED_thread
    main.o(.rti_fn.3) refers to main.o(i.init_all) for init_all
    board.o(i.SysTick_Handler) refers to irq.o(i.rt_interrupt_enter) for rt_interrupt_enter
    board.o(i.SysTick_Handler) refers to clock.o(i.rt_tick_increase) for rt_tick_increase
    board.o(i.SysTick_Handler) refers to irq.o(i.rt_interrupt_leave) for rt_interrupt_leave
    board.o(i.rt_heap_begin_get) refers to board.o(.bss) for .bss
    board.o(i.rt_heap_end_get) refers to board.o(.bss) for .bss
    board.o(i.rt_hw_board_init) refers to stm32f1xx_hal.o(i.HAL_Init) for HAL_Init
    board.o(i.rt_hw_board_init) refers to stm32f1xx_hal_rcc.o(i.HAL_RCC_OscConfig) for HAL_RCC_OscConfig
    board.o(i.rt_hw_board_init) refers to stm32f1xx_hal_rcc.o(i.HAL_RCC_ClockConfig) for HAL_RCC_ClockConfig
    board.o(i.rt_hw_board_init) refers to components.o(i.rt_components_board_init) for rt_components_board_init
    board.o(i.rt_hw_board_init) refers to board.o(i.rt_heap_end_get) for rt_heap_end_get
    board.o(i.rt_hw_board_init) refers to board.o(i.rt_heap_begin_get) for rt_heap_begin_get
    board.o(i.rt_hw_board_init) refers to mem.o(i.rt_system_heap_init) for rt_system_heap_init
    board.o(i.rt_hw_board_init) refers to system_stm32f1xx.o(.data) for SystemCoreClock
    uart.o(i.DMA1_Channel4_IRQHandler) refers to stm32f1xx_hal_dma.o(i.HAL_DMA_IRQHandler) for HAL_DMA_IRQHandler
    uart.o(i.DMA1_Channel4_IRQHandler) refers to uart.o(.bss) for .bss
    uart.o(i.DMA1_Channel5_IRQHandler) refers to irq.o(i.rt_interrupt_enter) for rt_interrupt_enter
    uart.o(i.DMA1_Channel5_IRQHandler) refers to uart.o(i.usart_rx_check) for usart_rx_check
    uart.o(i.DMA1_Channel5_IRQHandler) refers to irq.o(i.rt_interrupt_leave) for rt_interrupt_leave
    uart.o(i.DMA1_Channel5_IRQHandler) refers to uart.o(.bss) for .bss
    uart.o(i.MX_USART1_UART_Init) refers to stm32f1xx_hal_gpio.o(i.HAL_GPIO_Init) for HAL_GPIO_Init
    uart.o(i.MX_USART1_UART_Init) refers to stm32f1xx_hal_dma.o(i.HAL_DMA_Init) for HAL_DMA_Init
    uart.o(i.MX_USART1_UART_Init) refers to stm32f1xx_hal_uart.o(i.HAL_UART_Init) for HAL_UART_Init
    uart.o(i.MX_USART1_UART_Init) refers to stm32f1xx_hal_cortex.o(i.HAL_NVIC_SetPriority) for HAL_NVIC_SetPriority
    uart.o(i.MX_USART1_UART_Init) refers to uart.o(i.__NVIC_EnableIRQ) for __NVIC_EnableIRQ
    uart.o(i.MX_USART1_UART_Init) refers to stm32f1xx_hal_uart.o(i.HAL_UART_Receive_DMA) for HAL_UART_Receive_DMA
    uart.o(i.MX_USART1_UART_Init) refers to uart.o(.bss) for .bss
    uart.o(i.USART1_IRQHandler) refers to irq.o(i.rt_interrupt_enter) for rt_interrupt_enter
    uart.o(i.USART1_IRQHandler) refers to uart.o(i.usart_rx_check) for usart_rx_check
    uart.o(i.USART1_IRQHandler) refers to irq.o(i.rt_interrupt_leave) for rt_interrupt_leave
    uart.o(i.USART1_IRQHandler) refers to uart.o(.bss) for .bss
    uart.o(i.usart_process_data) refers to log.o(i.log_printf) for log_printf
    uart.o(i.usart_rx_check) refers to uart.o(i.usart_process_data) for usart_process_data
    uart.o(i.usart_rx_check) refers to uart.o(.bss) for .bss
    uart.o(i.usart_rx_check) refers to uart.o(.data) for .data
    log.o(i.FloatToS32) refers to fflt_clz.o(x$fpl$ffltu) for __aeabi_ui2f
    log.o(i.FloatToS32) refers to fmul.o(x$fpl$fmul) for __aeabi_fmul
    log.o(i.FloatToS32) refers to ffix.o(x$fpl$ffix) for __aeabi_f2iz
    log.o(i.FloatToU32) refers to fflt_clz.o(x$fpl$ffltu) for __aeabi_ui2f
    log.o(i.FloatToU32) refers to fmul.o(x$fpl$fmul) for __aeabi_fmul
    log.o(i.FloatToU32) refers to ffixu.o(x$fpl$ffixu) for __aeabi_f2uiz
    log.o(i.log_printf) refers to rt_memclr_w.o(.text) for __aeabi_memclr4
    log.o(i.log_printf) refers to vsprintf.o(.text) for vsprintf
    log.o(i.log_printf) refers to strlen.o(.text) for strlen
    log.o(i.log_printf) refers to stm32f1xx_hal_uart.o(i.HAL_UART_Transmit) for HAL_UART_Transmit
    log.o(i.log_printf) refers to uart.o(.bss) for huart1
    clock.o(i.rt_tick_get) refers to clock.o(.data) for .data
    clock.o(i.rt_tick_increase) refers to thread.o(i.rt_thread_self) for rt_thread_self
[...]
    i.usart_process_data                     0x08004604   Section        0  uart.o(i.usart_process_data)
    i.usart_rx_check                         0x08004618   Section        0  uart.o(i.usart_rx_check)
    locale$$code                             0x0800465c   Section       44  lc_numeric_c.o(locale$$code)
    locale$$code                             0x08004688   Section       44  lc_ctype_c.o(locale$$code)
    x$fpl$printf1                            0x080046b4   Section        4  printf1.o(x$fpl$printf1)
    x$fpl$printf2                            0x080046b8   Section        4  printf2.o(x$fpl$printf2)
    .constdata                               0x080046bc   Section      290  kservice.o(.constdata)
    x$fpl$usenofp                            0x080046bc   Section        0  usenofp.o(x$fpl$usenofp)
    small_digits                             0x080047bc   Data          17  kservice.o(.constdata)
    large_digits                             0x080047cd   Data          17  kservice.o(.constdata)
    .constdata                               0x080047de   Section       16  system_stm32f1xx.o(.constdata)
    .constdata                               0x080047ee   Section        8  system_stm32f1xx.o(.constdata)
    .constdata                               0x080047f8   Section        8  _printf_wctomb.o(.constdata)
    initial_mbstate                          0x080047f8   Data           8  _printf_wctomb.o(.constdata)
    .constdata                               0x08004800   Section       40  _printf_hex_int_ll_ptr.o(.constdata)
    uc_hextab                                0x08004800   Data          20  _printf_hex_int_ll_ptr.o(.constdata)
    lc_hextab                                0x08004814   Data          20  _printf_hex_int_ll_ptr.o(.constdata)
    .constdata                               0x08004828   Section       17  __printf_flags_ss_wp.o(.constdata)
    maptable                                 0x08004828   Data          17  __printf_flags_ss_wp.o(.constdata)
    .constdata                               0x08004839   Section       38  _printf_fp_hex.o(.constdata)
    lc_hextab                                0x08004839   Data          19  _printf_fp_hex.o(.constdata)
    uc_hextab                                0x0800484c   Data          19  _printf_fp_hex.o(.constdata)
    .constdata                               0x08004860   Section      148  bigflt0.o(.constdata)
    tenpwrs_x                                0x08004860   Data          60  bigflt0.o(.constdata)
    tenpwrs_i                                0x0800489c   Data          64  bigflt0.o(.constdata)
    .rti_fn.0                                0x080048f4   Section        4  components.o(.rti_fn.0)
    __tagsym$$used                           0x080048f4   Number         0  components.o(.rti_fn.0)
    .rti_fn.0.end                            0x080048f8   Section        4  components.o(.rti_fn.0.end)
    __tagsym$$used                           0x080048f8   Number         0  components.o(.rti_fn.0.end)
    .rti_fn.1.end                            0x080048fc   Section        4  components.o(.rti_fn.1.end)
    __tagsym$$used                           0x080048fc   Number         0  components.o(.rti_fn.1.end)
    .rti_fn.3                                0x08004900   Section        4  main.o(.rti_fn.3)
    __tagsym$$used                           0x08004900   Number         0  main.o(.rti_fn.3)
    .rti_fn.6.end                            0x08004904   Section        4  components.o(.rti_fn.6.end)
    __tagsym$$used                           0x08004904   Number         0  components.o(.rti_fn.6.end)
    locale$$data                             0x08004928   Section       28  lc_numeric_c.o(locale$$data)
    __lcnum_c_name                           0x0800492c   Data           2  lc_numeric_c.o(locale$$data)
    __lcnum_c_start                          0x08004934   Data           0  lc_numeric_c.o(locale$$data)
    __lcnum_c_point                          0x08004940   Data           0  lc_numeric_c.o(locale$$data)
    __lcnum_c_thousands                      0x08004942   Data           0  lc_numeric_c.o(locale$$data)
    __lcnum_c_grouping                       0x08004943   Data           0  lc_numeric_c.o(locale$$data)
    locale$$data                             0x08004944   Section      272  lc_ctype_c.o(locale$$data)
    __lcnum_c_end                            0x08004944   Data           0  lc_numeric_c.o(locale$$data)
    __lcctype_c_name                         0x08004948   Data           2  lc_ctype_c.o(locale$$data)
    __lcctype_c_start                        0x08004950   Data           0  lc_ctype_c.o(locale$$data)
    __lcctype_c_end                          0x08004a54   Data           0  lc_ctype_c.o(locale$$data)
    .data                                    0x20000000   Section        2  uart.o(.data)
    old_pos                                  0x20000000   Data           2  uart.o(.data)
    .data                                    0x20000004   Section        4  clock.o(.data)
    rt_tick                                  0x20000004   Data           4  clock.o(.data)
    .data                                    0x20000008   Section        1  irq.o(.data)
    .data                                    0x2000000c   Section       24  mem.o(.data)
    heap_ptr                                 0x2000000c   Data           4  mem.o(.data)
    heap_end                                 0x20000010   Data           4  mem.o(.data)
    lfree                                    0x20000014   Data           4  mem.o(.data)
    mem_size_aligned                         0x20000018   Data           4  mem.o(.data)
    used_mem                                 0x2000001c   Data           4  mem.o(.data)
    max_mem                                  0x20000020   Data           4  mem.o(.data)
    .data                                    0x20000024   Section       64  object.o(.data)
    rt_object_container                      0x20000024   Data          64  object.o(.data)
    .data                                    0x20000064   Section       20  scheduler.o(.data)
    rt_scheduler_lock_nest                   0x20000066   Data           2  scheduler.o(.data)
    .data                                    0x20000078   Section       12  timer.o(.data)
    random_nr                                0x20000078   Data           4  timer.o(.data)
    rt_timer_list                            0x2000007c   Data           8  timer.o(.data)
    .data                                    0x20000084   Section        4  cpuport.o(.data)
    rt_exception_hook                        0x20000084   Data           4  cpuport.o(.data)
    .data                                    0x20000088   Section        4  cpuport.o(.data)
    .data                                    0x2000008c   Section        4  cpuport.o(.data)
    .data                                    0x20000090   Section        4  cpuport.o(.data)
    .data                                    0x20000094   Section       12  stm32f1xx_hal.o(.data)
    .data                                    0x200000a0   Section        4  system_stm32f1xx.o(.data)
    .bss                                     0x200000a4   Section     4096  board.o(.bss)
    rt_heap                                  0x200000a4   Data        4096  board.o(.bss)
    .bss                                     0x200010a4   Section      456  uart.o(.bss)
    uart1_dma_rt_buf                         0x200010a4   Data         256  uart.o(.bss)
    .bss                                     0x2000126c   Section      376  idle.o(.bss)
    idle                                     0x2000126c   Data         120  idle.o(.bss)
    rt_thread_stack                          0x200012e4   Data         256  idle.o(.bss)
    .bss                                     0x200013e4   Section      128  kservice.o(.bss)
    rt_log_buf                               0x200013e4   Data         128  kservice.o(.bss)
    .bss                                     0x20001464   Section       32  mem.o(.bss)
    heap_sem                                 0x20001464   Data          32  mem.o(.bss)
    .bss                                     0x20001484   Section      256  scheduler.o(.bss)
    .bss                                     0x20001584   Section       96  libspace.o(.bss)
    HEAP                                     0x200015e8   Section      512  startup_stm32f103xe.o(HEAP)
    Heap_Mem                                 0x200015e8   Data         512  startup_stm32f103xe.o(HEAP)
    STACK                                    0x200017e8   Section     1024  startup_stm32f103xe.o(STACK)
    Stack_Mem                                0x200017e8   Data        1024  startup_stm32f103xe.o(STACK)
    __initial_sp                             0x20001be8   Data           0  startup_stm32f103xe.o(STACK)

    Global Symbols

    Symbol Name                              Value     Ov Type        Size  Object(Section)

    BuildAttributes$$THM_ISAv4$P$D$K$B$S$PE$A:L22UL41UL21$X:L11$S22US41US21$IEEE1$IW$USESV6$~STKCKD$USESV7$~SHL$OTIME$ROPI$IEEEJ$EBA8$UX$STANDARDLIB$REQ8$PRES8$EABIv2 0x00000000   Number         0  anon$$obj.o ABSOLUTE
    __ARM_use_no_argv                        0x00000000   Number         0  main.o ABSOLUTE
    _printf_flags                            0x00000000   Number         0  printf_stubs.o ABSOLUTE
    _printf_return_value                     0x00000000   Number         0  printf_stubs.o ABSOLUTE
    _printf_sizespec                         0x00000000   Number         0  printf_stubs.o ABSOLUTE
    _printf_widthprec                        0x00000000   Number         0  printf_stubs.o ABSOLUTE
    __ARM_exceptions_init                     - Undefined Weak Reference
    __alloca_initialize                       - Undefined Weak Reference
    __arm_preinit_                            - Undefined Weak Reference
    __cpp_initialize__aeabi_                  - Undefined Weak Reference
    __cxa_finalize                            - Undefined Weak Reference
    __sigvec_lookup                           - Undefined Weak Reference
    _atexit_init                              - Undefined Weak Reference
    _call_atexit_fns                          - Undefined Weak Reference
    _clock_init                               - Undefined Weak Reference
    _fp_trap_init                             - Undefined Weak Reference
    _fp_trap_shutdown                         - Undefined Weak Reference
    _get_lc_collate                           - Undefined Weak Reference
    _get_lc_monetary                          - Undefined Weak Reference
    _get_lc_time                              - Undefined Weak Reference
    _getenv_init                              - Undefined Weak Reference
    _handle_redirection                       - Undefined Weak Reference
    _init_alloc                               - Undefined Weak Reference
    _init_user_alloc                          - Undefined Weak Reference
    _initio                                   - Undefined Weak Reference
    _printf_mbtowc                            - Undefined Weak Reference
    _printf_wc                                - Undefined Weak Reference
    _rand_init                                - Undefined Weak Reference
    _signal_finish                            - Undefined Weak Reference
    _signal_init                              - Undefined Weak Reference
    _terminate_alloc                          - Undefined Weak Reference
    _terminate_user_alloc                     - Undefined Weak Reference
    _terminateio                              - Undefined Weak Reference
    __Vectors_Size                           0x00000130   Number         0  startup_stm32f103xe.o ABSOLUTE
    __Vectors                                0x08000000   Data           4  startup_stm32f103xe.o(RESET)
    __Vectors_End                            0x08000130   Data           0  startup_stm32f103xe.o(RESET)
    __main                                   0x08000131   Thumb Code     8  __main.o(!!!main)
    __scatterload                            0x08000139   Thumb Code     0  __scatter.o(!!!scatter)
    __scatterload_rt2                        0x08000139   Thumb Code    44  __scatter.o(!!!scatter)
    __scatterload_rt2_thumb_only             0x08000139   Thumb Code     0  __scatter.o(!!!scatter)
    __scatterload_null                       0x08000147   Thumb Code     0  __scatter.o(!!!scatter)
    __scatterload_copy                       0x0800016d   Thumb Code    26  __scatter_copy.o(!!handler_copy)
    __scatterload_zeroinit                   0x08000189   Thumb Code    28  __scatter_zi.o(!!handler_zi)
    _printf_n                                0x080001a5   Thumb Code     0  _printf_n.o(.ARM.Collect$$_printf_percent$$00000001)
    _printf_percent                          0x080001a5   Thumb Code     0  _printf_percent.o(.ARM.Collect$$_printf_percent$$00000000)
    _printf_p                                0x080001ab   Thumb Code     0  _printf_p.o(.ARM.Collect$$_printf_percent$$00000002)
    _printf_f                                0x080001b1   Thumb Code     0  _printf_f.o(.ARM.Collect$$_printf_percent$$00000003)
    _printf_e                                0x080001b7   Thumb Code     0  _printf_e.o(.ARM.Collect$$_printf_percent$$00000004)
    _printf_g                                0x080001bd   Thumb Code     0  _printf_g.o(.ARM.Collect$$_printf_percent$$00000005)
    _printf_a                                0x080001c3   Thumb Code     0  _printf_a.o(.ARM.Collect$$_printf_percent$$00000006)
    _printf_ll                               0x080001c9   Thumb Code     0  _printf_ll.o(.ARM.Collect$$_printf_percent$$00000007)
    _printf_i                                0x080001d3   Thumb Code     0  _printf_i.o(.ARM.Collect$$_printf_percent$$00000008)
    _printf_d                                0x080001d9   Thumb Code     0  _printf_d.o(.ARM.Collect$$_printf_percent$$00000009)
    _printf_u                                0x080001df   Thumb Code     0  _printf_u.o(.ARM.Collect$$_printf_percent$$0000000A)
    _printf_o                                0x080001e5   Thumb Code     0  _printf_o.o(.ARM.Collect$$_printf_percent$$0000000B)
    _printf_x                                0x080001eb   Thumb Code     0  _printf_x.o(.ARM.Collect$$_printf_percent$$0000000C)
    _printf_lli                              0x080001f1   Thumb Code     0  _printf_lli.o(.ARM.Collect$$_printf_percent$$0000000D)
    _printf_lld                              0x080001f7   Thumb Code     0  _printf_lld.o(.ARM.Collect$$_printf_percent$$0000000E)
    _printf_llu                              0x080001fd   Thumb Code     0  _printf_llu.o(.ARM.Collect$$_printf_percent$$0000000F)
    _printf_llo                              0x08000203   Thumb Code     0  _printf_llo.o(.ARM.Collect$$_printf_percent$$00000010)
    _printf_llx                              0x08000209   Thumb Code     0  _printf_llx.o(.ARM.Collect$$_printf_percent$$00000011)
    _printf_l                                0x0800020f   Thumb Code     0  _printf_l.o(.ARM.Collect$$_printf_percent$$00000012)
    _printf_c                                0x08000219   Thumb Code     0  _printf_c.o(.ARM.Collect$$_printf_percent$$00000013)
    _printf_s                                0x0800021f   Thumb Code     0  _printf_s.o(.ARM.Collect$$_printf_percent$$00000014)
    _printf_lc                               0x08000225   Thumb Code     0  _printf_lc.o(.ARM.Collect$$_printf_percent$$00000015)
    _printf_ls                               0x0800022b   Thumb Code     0  _printf_ls.o(.ARM.Collect$$_printf_percent$$00000016)
    _printf_percent_end                      0x08000231   Thumb Code     0  _printf_percent_end.o(.ARM.Collect$$_printf_percent$$00000017)
    __rt_lib_init                            0x08000235   Thumb Code     0  libinit.o(.ARM.Collect$$libinit$$00000000)
    __rt_lib_init_fp_1                       0x08000237   Thumb Code     0  libinit2.o(.ARM.Collect$$libinit$$00000002)
    __rt_lib_init_heap_1                     0x08000237   Thumb Code     0  libinit2.o(.ARM.Collect$$libinit$$0000000A)
    __rt_lib_init_lc_common                  0x08000237   Thumb Code     0  libinit2.o(.ARM.Collect$$libinit$$0000000F)
    __rt_lib_init_preinit_1                  0x08000237   Thumb Code     0  libinit2.o(.ARM.Collect$$libinit$$00000004)
    __rt_lib_init_rand_1                     0x08000237   Thumb Code     0  libinit2.o(.ARM.Collect$$libinit$$0000000E)
    __rt_lib_init_user_alloc_1               0x08000237   Thumb Code     0  libinit2.o(.ARM.Collect$$libinit$$0000000C)
    __rt_lib_init_lc_collate_1               0x0800023d   Thumb Code     0  libinit2.o(.ARM.Collect$$libinit$$00000011)
    __rt_lib_init_lc_ctype_2                 0x0800023d   Thumb Code     0  libinit2.o(.ARM.Collect$$libinit$$00000012)
    __rt_lib_init_lc_ctype_1                 0x08000249   Thumb Code     0  libinit2.o(.ARM.Collect$$libinit$$00000013)
    __rt_lib_init_lc_monetary_1              0x08000249   Thumb Code     0  libinit2.o(.ARM.Collect$$libinit$$00000015)
    __rt_lib_init_lc_numeric_2               0x08000249   Thumb Code     0  libinit2.o(.ARM.Collect$$libinit$$00000016)
    __rt_lib_init_alloca_1                   0x08000253   Thumb Code     0  libinit2.o(.ARM.Collect$$libinit$$0000002E)
    __rt_lib_init_argv_1                     0x08000253   Thumb Code     0  libinit2.o(.ARM.Collect$$libinit$$0000002C)
    __rt_lib_init_atexit_1                   0x08000253   Thumb Code     0  libinit2.o(.ARM.Collect$$libinit$$0000001B)
    __rt_lib_init_clock_1                    0x08000253   Thumb Code     0  libinit2.o(.ARM.Collect$$libinit$$00000021)
    __rt_lib_init_cpp_1                      0x08000253   Thumb Code     0  libinit2.o(.ARM.Collect$$libinit$$00000032)
    __rt_lib_init_exceptions_1               0x08000253   Thumb Code     0  libinit2.o(.ARM.Collect$$libinit$$00000030)
    __rt_lib_init_fp_trap_1                  0x08000253   Thumb Code     0  libinit2.o(.ARM.Collect$$libinit$$0000001F)
    __rt_lib_init_getenv_1                   0x08000253   Thumb Code     0  libinit2.o(.ARM.Collect$$libinit$$00000023)
    __rt_lib_init_lc_numeric_1               0x08000253   Thumb Code     0  libinit2.o(.ARM.Collect$$libinit$$00000017)
    __rt_lib_init_lc_time_1                  0x08000253   Thumb Code     0  libinit2.o(.ARM.Collect$$libinit$$00000019)
    __rt_lib_init_return                     0x08000253   Thumb Code     0  libinit2.o(.ARM.Collect$$libinit$$00000033)
    __rt_lib_init_signal_1                   0x08000253   Thumb Code     0  libinit2.o(.ARM.Collect$$libinit$$0000001D)
    __rt_lib_init_stdio_1                    0x08000253   Thumb Code     0  libinit2.o(.ARM.Collect$$libinit$$00000025)
    __rt_lib_shutdown                        0x08000255   Thumb Code     0  libshutdown.o(.ARM.Collect$$libshutdown$$00000000)
    __rt_lib_shutdown_cpp_1                  0x08000257   Thumb Code     0  libshutdown2.o(.ARM.Collect$$libshutdown$$00000002)
    __rt_lib_shutdown_fp_trap_1              0x08000257   Thumb Code     0  libshutdown2.o(.ARM.Collect$$libshutdown$$00000007)
    __rt_lib_shutdown_heap_1                 0x08000257   Thumb Code     0  libshutdown2.o(.ARM.Collect$$libshutdown$$0000000F)
    __rt_lib_shutdown_return                 0x08000257   Thumb Code     0  libshutdown2.o(.ARM.Collect$$libshutdown$$00000010)
    __rt_lib_shutdown_signal_1               0x08000257   Thumb Code     0  libshutdown2.o(.ARM.Collect$$libshutdown$$0000000A)
    __rt_lib_shutdown_stdio_1                0x08000257   Thumb Code     0  libshutdown2.o(.ARM.Collect$$libshutdown$$00000004)
    __rt_lib_shutdown_user_alloc_1           0x08000257   Thumb Code     0  libshutdown2.o(.ARM.Collect$$libshutdown$$0000000C)
    __rt_entry                               0x08000259   Thumb Code     0  __rtentry.o(.ARM.Collect$$rtentry$$00000000)
    __rt_entry_presh_1                       0x08000259   Thumb Code     0  __rtentry2.o(.ARM.Collect$$rtentry$$00000002)
    __rt_entry_sh                            0x08000259   Thumb Code     0  __rtentry4.o(.ARM.Collect$$rtentry$$00000004)
    __rt_entry_li                            0x0800025f   Thumb Code     0  __rtentry2.o(.ARM.Collect$$rtentry$$0000000A)
    __rt_entry_postsh_1                      0x0800025f   Thumb Code     0  __rtentry2.o(.ARM.Collect$$rtentry$$00000009)
    __rt_entry_main                          0x08000263   Thumb Code     0  __rtentry2.o(.ARM.Collect$$rtentry$$0000000D)
    __rt_entry_postli_1                      0x08000263   Thumb Code     0  __rtentry2.o(.ARM.Collect$$rtentry$$0000000C)
    __rt_exit                                0x0800026b   Thumb Code     0  rtexit.o(.ARM.Collect$$rtexit$$00000000)
    __rt_exit_ls                             0x0800026d   Thumb Code     0  rtexit2.o(.ARM.Collect$$rtexit$$00000003)
    __rt_exit_prels_1                        0x0800026d   Thumb Code     0  rtexit2.o(.ARM.Collect$$rtexit$$00000002)
    __rt_exit_exit                           0x08000271   Thumb Code     0  rtexit2.o(.ARM.Collect$$rtexit$$00000004)
    rt_hw_interrupt_disable                  0x08000279   Thumb Code     8  context_rvds.o(.text)
    rt_hw_interrupt_enable                   0x08000281   Thumb Code     6  context_rvds.o(.text)
    rt_hw_context_switch                     0x08000287   Thumb Code    32  context_rvds.o(.text)
    rt_hw_context_switch_interrupt           0x08000287   Thumb Code     0  context_rvds.o(.text)
    PendSV_Handler                           0x080002a7   Thumb Code    60  context_rvds.o(.text)
    rt_hw_context_switch_to                  0x080002e3   Thumb Code    56  context_rvds.o(.text)
    rt_hw_interrupt_thread_switch            0x0800031b   Thumb Code     2  context_rvds.o(.text)
    HardFault_Handler                        0x0800031d   Thumb Code    52  context_rvds.o(.text)
    Reset_Handler                            0x0800036d   Thumb Code     8  startup_stm32f103xe.o(.text)
    SVC_Handler                              0x0800037f   Thumb Code     2  startup_stm32f103xe.o(.text)
    ADC1_2_IRQHandler                        0x08000387   Thumb Code     0  startup_stm32f103xe.o(.text)
    ADC3_IRQHandler                          0x08000387   Thumb Code     0  startup_stm32f103xe.o(.text)
    CAN1_RX1_IRQHandler                      0x08000387   Thumb Code     0  startup_stm32f103xe.o(.text)
    CAN1_SCE_IRQHandler                      0x08000387   Thumb Code     0  startup_stm32f103xe.o(.text)
    DMA1_Channel1_IRQHandler                 0x08000387   Thumb Code     0  startup_stm32f103xe.o(.text)
    DMA1_Channel2_IRQHandler                 0x08000387   Thumb Code     0  startup_stm32f103xe.o(.text)
    DMA1_Channel3_IRQHandler                 0x08000387   Thumb Code     0  startup_stm32f103xe.o(.text)
    DMA1_Channel6_IRQHandler                 0x08000387   Thumb Code     0  startup_stm32f103xe.o(.text)
    DMA1_Channel7_IRQHandler                 0x08000387   Thumb Code     0  startup_stm32f103xe.o(.text)
    DMA2_Channel1_IRQHandler                 0x08000387   Thumb Code     0  startup_stm32f103xe.o(.text)
    DMA2_Channel2_IRQHandler                 0x08000387   Thumb Code     0  startup_stm32f103xe.o(.text)
    DMA2_Channel3_IRQHandler                 0x08000387   Thumb Code     0  startup_stm32f103xe.o(.text)
    DMA2_Channel4_5_IRQHandler               0x08000387   Thumb Code     0  startup_stm32f103xe.o(.text)
    EXTI0_IRQHandler                         0x08000387   Thumb Code     0  startup_stm32f103xe.o(.text)
    EXTI15_10_IRQHandler                     0x08000387   Thumb Code     0  startup_stm32f103xe.o(.text)
    EXTI1_IRQHandler                         0x08000387   Thumb Code     0  startup_stm32f103xe.o(.text)
    EXTI2_IRQHandler                         0x08000387   Thumb Code     0  startup_stm32f103xe.o(.text)
    EXTI3_IRQHandler                         0x08000387   Thumb Code     0  startup_stm32f103xe.o(.text)
    EXTI4_IRQHandler                         0x08000387   Thumb Code     0  startup_stm32f103xe.o(.text)
    EXTI9_5_IRQHandler                       0x08000387   Thumb Code     0  startup_stm32f103xe.o(.text)
    FLASH_IRQHandler                         0x08000387   Thumb Code     0  startup_stm32f103xe.o(.text)
    FSMC_IRQHandler                          0x08000387   Thumb Code     0  startup_stm32f103xe.o(.text)
    I2C1_ER_IRQHandler                       0x08000387   Thumb Code     0  startup_stm32f103xe.o(.text)
    I2C1_EV_IRQHandler                       0x08000387   Thumb Code     0  startup_stm32f103xe.o(.text)
    I2C2_ER_IRQHandler                       0x08000387   Thumb Code     0  startup_stm32f103xe.o(.text)
    I2C2_EV_IRQHandler                       0x08000387   Thumb Code     0  startup_stm32f103xe.o(.text)
    PVD_IRQHandler                           0x08000387   Thumb Code     0  startup_stm32f103xe.o(.text)
    RCC_IRQHandler                           0x08000387   Thumb Code     0  startup_stm32f103xe.o(.text)
    RTC_Alarm_IRQHandler                     0x08000387   Thumb Code     0  startup_stm32f103xe.o(.text)
    RTC_IRQHandler                           0x08000387   Thumb Code     0  startup_stm32f103xe.o(.text)
    SDIO_IRQHandler                          0x08000387   Thumb Code     0  startup_stm32f103xe.o(.text)
    SPI1_IRQHandler                          0x08000387   Thumb Code     0  startup_stm32f103xe.o(.text)
    SPI2_IRQHandler                          0x08000387   Thumb Code     0  startup_stm32f103xe.o(.text)
    SPI3_IRQHandler                          0x08000387   Thumb Code     0  startup_stm32f103xe.o(.text)
    TAMPER_IRQHandler                        0x08000387   Thumb Code     0  startup_stm32f103xe.o(.text)
    TIM1_BRK_IRQHandler                      0x08000387   Thumb Code     0  startup_stm32f103xe.o(.text)
    TIM1_CC_IRQHandler                       0x08000387   Thumb Code     0  startup_stm32f103xe.o(.text)
    TIM1_TRG_COM_IRQHandler                  0x08000387   Thumb Code     0  startup_stm32f103xe.o(.text)
    TIM1_UP_IRQHandler                       0x08000387   Thumb Code     0  startup_stm32f103xe.o(.text)
    TIM2_IRQHandler                          0x08000387   Thumb Code     0  startup_stm32f103xe.o(.text)
    TIM3_IRQHandler                          0x08000387   Thumb Code     0  startup_stm32f103xe.o(.text)
    TIM4_IRQHandler                          0x08000387   Thumb Code     0  startup_stm32f103xe.o(.text)
    TIM5_IRQHandler                          0x08000387   Thumb Code     0  startup_stm32f103xe.o(.text)
    TIM6_IRQHandler                          0x08000387   Thumb Code     0  startup_stm32f103xe.o(.text)
    TIM7_IRQHandler                          0x08000387   Thumb Code     0  startup_stm32f103xe.o(.text)
    TIM8_BRK_IRQHandler                      0x08000387   Thumb Code     0  startup_stm32f103xe.o(.text)
    TIM8_CC_IRQHandler                       0x08000387   Thumb Code     0  startup_stm32f103xe.o(.text)
    TIM8_TRG_COM_IRQHandler                  0x08000387   Thumb Code     0  startup_stm32f103xe.o(.text)
    TIM8_UP_IRQHandler                       0x08000387   Thumb Code     0  startup_stm32f103xe.o(.text)
    UART4_IRQHandler                         0x08000387   Thumb Code     0  startup_stm32f103xe.o(.text)
    UART5_IRQHandler                         0x08000387   Thumb Code     0  startup_stm32f103xe.o(.text)
    USART2_IRQHandler                        0x08000387   Thumb Code     0  startup_stm32f103xe.o(.text)
    USART3_IRQHandler                        0x08000387   Thumb Code     0  startup_stm32f103xe.o(.text)
    USBWakeUp_IRQHandler                     0x08000387   Thumb Code     0  startup_stm32f103xe.o(.text)
    USB_HP_CAN1_TX_IRQHandler                0x08000387   Thumb Code     0  startup_stm32f103xe.o(.text)
    USB_LP_CAN1_RX0_IRQHandler               0x08000387   Thumb Code     0  startup_stm32f103xe.o(.text)
    WWDG_IRQHandler                          0x08000387   Thumb Code     0  startup_stm32f103xe.o(.text)
    __user_initial_stackheap                 0x08000389   Thumb Code     0  startup_stm32f103xe.o(.text)
    vsprintf                                 0x080003ad   Thumb Code    32  vsprintf.o(.text)
    strlen                                   0x080003d1   Thumb Code    62  strlen.o(.text)
    __aeabi_memclr4                          0x0800040f   Thumb Code     0  rt_memclr_w.o(.text)
    __aeabi_memclr8                          0x0800040f   Thumb Code     0  rt_memclr_w.o(.text)
    __rt_memclr_w                            0x0800040f   Thumb Code    78  rt_memclr_w.o(.text)
    _memset_w                                0x08000413   Thumb Code     0  rt_memclr_w.o(.text)
    __use_two_region_memory                  0x0800045d   Thumb Code     2  heapauxi.o(.text)
    __rt_heap_escrow$2region                 0x0800045f   Thumb Code     2  heapauxi.o(.text)
    __rt_heap_expand$2region                 0x08000461   Thumb Code     2  heapauxi.o(.text)
    _printf_pre_padding                      0x08000463   Thumb Code    44  _printf_pad.o(.text)
    _printf_post_padding                     0x0800048f   Thumb Code    34  _printf_pad.o(.text)
    _printf_truncate_signed                  0x080004b1   Thumb Code    18  _printf_truncate.o(.text)
    _printf_truncate_unsigned                0x080004c3   Thumb Code    18  _printf_truncate.o(.text)
    _printf_str                              0x080004d5   Thumb Code    82  _printf_str.o(.text)
    _printf_int_dec                          0x08000529   Thumb Code   104  _printf_dec.o(.text)
    _printf_charcount                        0x080005a1   Thumb Code    40  _printf_charcount.o(.text)
    _printf_char_common                      0x080005d3   Thumb Code    32  _printf_char_common.o(.text)
    _sputc                                   0x080005f9   Thumb Code    10  _sputc.o(.text)
    _printf_wctomb                           0x08000605   Thumb Code   182  _printf_wctomb.o(.text)
    _printf_longlong_dec                     0x080006c1   Thumb Code   108  _printf_longlong_dec.o(.text)
    _printf_longlong_oct                     0x0800073d   Thumb Code    66  _printf_oct_int_ll.o(.text)
    _printf_int_oct                          0x0800077f   Thumb Code    24  _printf_oct_int_ll.o(.text)
    _printf_ll_oct                           0x08000797   Thumb Code    12  _printf_oct_int_ll.o(.text)
    _printf_longlong_hex                     0x080007ad   Thumb Code    86  _printf_hex_int_ll_ptr.o(.text)
    _printf_int_hex                          0x08000803   Thumb Code    28  _printf_hex_int_ll_ptr.o(.text)
    _printf_ll_hex                           0x0800081f   Thumb Code    12  _printf_hex_int_ll_ptr.o(.text)
    _printf_hex_ptr                          0x0800082b   Thumb Code    18  _printf_hex_int_ll_ptr.o(.text)
    __printf                                 0x08000841   Thumb Code   388  __printf_flags_ss_wp.o(.text)
    _ll_udiv10                               0x080009c9   Thumb Code   138  lludiv10.o(.text)
    _printf_int_common                       0x08000a53   Thumb Code   178  _printf_intcommon.o(.text)
    __lib_sel_fp_printf                      0x08000b05   Thumb Code     2  _printf_fp_dec.o(.text)
    _printf_fp_dec_real                      0x08000cb7   Thumb Code   620  _printf_fp_dec.o(.text)
    _printf_fp_hex_real                      0x08000f25   Thumb Code   756  _printf_fp_hex.o(.text)
    _printf_cs_common                        0x08001221   Thumb Code    20  _printf_char.o(.text)
    _printf_char                             0x08001235   Thumb Code    16  _printf_char.o(.text)
    _printf_string                           0x08001245   Thumb Code     8  _printf_char.o(.text)
    _printf_lcs_common                       0x0800124d   Thumb Code    20  _printf_wchar.o(.text)
    _printf_wchar                            0x08001261   Thumb Code    16  _printf_wchar.o(.text)
    _printf_wstring                          0x08001271   Thumb Code     8  _printf_wchar.o(.text)
    _wcrtomb                                 0x08001279   Thumb Code    64  _wcrtomb.o(.text)
    __user_setup_stackheap                   0x080012b9   Thumb Code    74  sys_stackheap_outer.o(.text)
    __rt_ctype_table                         0x08001305   Thumb Code    16  rt_ctype_table.o(.text)
    __rt_locale                              0x08001315   Thumb Code     8  rt_locale_intlibspace.o(.text)
    _printf_fp_infnan                        0x0800131d   Thumb Code   112  _printf_fp_infnan.o(.text)
    _btod_etento                             0x0800139d   Thumb Code   224  bigflt0.o(.text)
    exit                                     0x08001481   Thumb Code    18  exit.o(.text)
    __user_libspace                          0x08001495   Thumb Code     8  libspace.o(.text)
    __user_perproc_libspace                  0x08001495   Thumb Code     0  libspace.o(.text)
    __user_perthread_libspace                0x08001495   Thumb Code     0  libspace.o(.text)
    strcmp                                   0x0800149d   Thumb Code   128  strcmpv7m.o(.text)
    _sys_exit                                0x0800151d   Thumb Code     8  sys_exit.o(.text)
    __I$use$semihosting                      0x08001529   Thumb Code     0  use_no_semi.o(.text)
    __use_no_semihosting_swi                 0x08001529   Thumb Code     2  use_no_semi.o(.text)
    __semihosting_library_function           0x0800152b   Thumb Code     0  indicate_semi.o(.text)
    _btod_d2e                                0x0800152b   Thumb Code    62  btod.o(CL$$btod_d2e)
    _d2e_denorm_low                          0x08001569   Thumb Code    70  btod.o(CL$$btod_d2e_denorm_low)
    _d2e_norm_op1                            0x080015af   Thumb Code    96  btod.o(CL$$btod_d2e_norm_op1)
    __btod_div_common                        0x0800160f   Thumb Code   696  btod.o(CL$$btod_div_common)
    _e2e                                     0x08001947   Thumb Code   220  btod.o(CL$$btod_e2e)
    _btod_ediv                               0x08001a23   Thumb Code    42  btod.o(CL$$btod_ediv)
    _btod_emul                               0x08001a4d   Thumb Code    42  btod.o(CL$$btod_emul)
    __btod_mult_common                       0x08001a77   Thumb Code   580  btod.o(CL$$btod_mult_common)
    main                                     0x08001cbb   Thumb Code    10  components.o(i.$Sub$$main)
    BusFault_Handler                         0x08001cc5   Thumb Code     2  stm32f1xx_it.o(i.BusFault_Handler)
    DMA1_Channel4_IRQHandler                 0x08001cc9   Thumb Code     6  uart.o(i.DMA1_Channel4_IRQHandler)
    DMA1_Channel5_IRQHandler                 0x08001cd5   Thumb Code   106  uart.o(i.DMA1_Channel5_IRQHandler)
    DebugMon_Handler                         0x08001d7b   Thumb Code     2  stm32f1xx_it.o(i.DebugMon_Handler)
    HAL_DMA_IRQHandler                       0x08001d7d   Thumb Code   552  stm32f1xx_hal_dma.o(i.HAL_DMA_IRQHandler)
    HAL_DMA_Init                             0x08001fc5   Thumb Code   112  stm32f1xx_hal_dma.o(i.HAL_DMA_Init)
    HAL_DMA_Start_IT                         0x08002041   Thumb Code   112  stm32f1xx_hal_dma.o(i.HAL_DMA_Start_IT)
    HAL_GPIO_Init                            0x080020b1   Thumb Code   454  stm32f1xx_hal_gpio.o(i.HAL_GPIO_Init)
    HAL_GPIO_WritePin                        0x080022a1   Thumb Code    10  stm32f1xx_hal_gpio.o(i.HAL_GPIO_WritePin)
    HAL_GetTick                              0x080022ad   Thumb Code     6  stm32f1xx_hal.o(i.HAL_GetTick)
    HAL_Init                                 0x080022b9   Thumb Code    32  stm32f1xx_hal.o(i.HAL_Init)
    HAL_InitTick                             0x080022dd   Thumb Code    54  stm32f1xx_hal.o(i.HAL_InitTick)
    HAL_MspInit                              0x0800231d   Thumb Code     2  stm32f1xx_hal_msp.o(i.HAL_MspInit)
    HAL_NVIC_SetPriority                     0x08002321   Thumb Code    60  stm32f1xx_hal_cortex.o(i.HAL_NVIC_SetPriority)
    HAL_NVIC_SetPriorityGrouping             0x08002361   Thumb Code    26  stm32f1xx_hal_cortex.o(i.HAL_NVIC_SetPriorityGrouping)
    HAL_RCC_ClockConfig                      0x08002385   Thumb Code   292  stm32f1xx_hal_rcc.o(i.HAL_RCC_ClockConfig)
    HAL_RCC_GetPCLK1Freq                     0x080024bd   Thumb Code    20  stm32f1xx_hal_rcc.o(i.HAL_RCC_GetPCLK1Freq)
    HAL_RCC_GetPCLK2Freq                     0x080024dd   Thumb Code    20  stm32f1xx_hal_rcc.o(i.HAL_RCC_GetPCLK2Freq)
    HAL_RCC_GetSysClockFreq                  0x080024fd   Thumb Code    74  stm32f1xx_hal_rcc.o(i.HAL_RCC_GetSysClockFreq)
    HAL_RCC_OscConfig                        0x08002569   Thumb Code   770  stm32f1xx_hal_rcc.o(i.HAL_RCC_OscConfig)
    HAL_SYSTICK_Config                       0x08002881   Thumb Code    40  stm32f1xx_hal_cortex.o(i.HAL_SYSTICK_Config)
    HAL_UART_ErrorCallback                   0x080028a9   Thumb Code     2  stm32f1xx_hal_uart.o(i.HAL_UART_ErrorCallback)
    HAL_UART_Init                            0x080028ab   Thumb Code    98  stm32f1xx_hal_uart.o(i.HAL_UART_Init)
    HAL_UART_MspInit                         0x0800290d   Thumb Code     2  stm32f1xx_hal_uart.o(i.HAL_UART_MspInit)
    HAL_UART_Receive_DMA                     0x08002911   Thumb Code   138  stm32f1xx_hal_uart.o(i.HAL_UART_Receive_DMA)
    HAL_UART_RxCpltCallback                  0x080029a9   Thumb Code     2  stm32f1xx_hal_uart.o(i.HAL_UART_RxCpltCallback)
    HAL_UART_RxHalfCpltCallback              0x080029ab   Thumb Code     2  stm32f1xx_hal_uart.o(i.HAL_UART_RxHalfCpltCallback)
    HAL_UART_Transmit                        0x080029ad   Thumb Code   186  stm32f1xx_hal_uart.o(i.HAL_UART_Transmit)
    LED_thread                               0x08002a69   Thumb Code    62  main.o(i.LED_thread)
    MX_GPIO_Init                             0x08002ab1   Thumb Code   138  main.o(i.MX_GPIO_Init)
    MX_USART1_UART_Init                      0x08002b49   Thumb Code   316  uart.o(i.MX_USART1_UART_Init)
    MemManage_Handler                        0x08002c99   Thumb Code     2  stm32f1xx_it.o(i.MemManage_Handler)
    NMI_Handler                              0x08002c9b   Thumb Code     2  stm32f1xx_it.o(i.NMI_Handler)
    SysTick_Handler                          0x08002c9d   Thumb Code    18  board.o(i.SysTick_Handler)
    SystemInit                               0x08002cb1   Thumb Code    56  system_stm32f1xx.o(i.SystemInit)
    USART1_IRQHandler                        0x08002ed5   Thumb Code    54  uart.o(i.USART1_IRQHandler)
    UsageFault_Handler                       0x08002f11   Thumb Code     2  stm32f1xx_it.o(i.UsageFault_Handler)
    __ARM_fpclassify                         0x08002f13   Thumb Code    40  fpclassify.o(i.__ARM_fpclassify)
    __rt_ffs                                 0x08002f75   Thumb Code    62  kservice.o(i.__rt_ffs)
    _is_digit                                0x08002fb9   Thumb Code    14  __printf_wp.o(i._is_digit)
    init_all                                 0x080030a3   Thumb Code    14  main.o(i.init_all)
    log_printf                               0x080030b1   Thumb Code    48  log.o(i.log_printf)
    $Super$$main                             0x080030e5   Thumb Code    34  main.o(i.main)
    main_thread_entry                        0x08003115   Thumb Code    14  components.o(i.main_thread_entry)
    rt_application_init                      0x080032a5   Thumb Code    32  components.o(i.rt_application_init)
    rt_components_board_init                 0x080032d1   Thumb Code    20  components.o(i.rt_components_board_init)
    rt_components_init                       0x080032ed   Thumb Code    20  components.o(i.rt_components_init)
    rt_enter_critical                        0x08003309   Thumb Code    22  scheduler.o(i.rt_enter_critical)
    rt_exit_critical                         0x08003325   Thumb Code    52  scheduler.o(i.rt_exit_critical)
    rt_free                                  0x0800335d   Thumb Code   112  mem.o(i.rt_free)
    rt_heap_begin_get                        0x08003421   Thumb Code     4  board.o(i.rt_heap_begin_get)
    rt_heap_end_get                          0x08003429   Thumb Code     4  board.o(i.rt_heap_end_get)
    rt_hw_board_init                         0x08003431   Thumb Code   134  board.o(i.rt_hw_board_init)
    rt_hw_console_output                     0x080034c1   Thumb Code     2  kservice.o(i.rt_hw_console_output)
    rt_hw_hard_fault_exception               0x080034c5   Thumb Code   178  cpuport.o(i.rt_hw_hard_fault_exception)
    rt_hw_stack_init                         0x080036b9   Thumb Code    54  cpuport.o(i.rt_hw_stack_init)
    rt_interrupt_enter                       0x080036f5   Thumb Code    22  irq.o(i.rt_interrupt_enter)
    rt_interrupt_leave                       0x08003711   Thumb Code    22  irq.o(i.rt_interrupt_leave)
    rt_kprintf                               0x0800377d   Thumb Code    28  kservice.o(i.rt_kprintf)
    rt_malloc                                0x08003829   Thumb Code   232  mem.o(i.rt_malloc)
    rt_memset                                0x08003919   Thumb Code    68  kservice.o(i.rt_memset)
    rt_object_allocate                       0x0800395d   Thumb Code    76  object.o(i.rt_object_allocate)
    rt_object_delete                         0x080039a9   Thumb Code    38  object.o(i.rt_object_delete)
    rt_object_detach                         0x080039cf   Thumb Code    32  object.o(i.rt_object_detach)
    rt_object_get_information                0x080039f1   Thumb Code    30  object.o(i.rt_object_get_information)
    rt_object_init                           0x08003a15   Thumb Code    80  object.o(i.rt_object_init)
    rt_object_is_systemobject                0x08003a65   Thumb Code    14  object.o(i.rt_object_is_systemobject)
    rt_schedule                              0x08003a75   Thumb Code    76  scheduler.o(i.rt_schedule)
    rt_schedule_insert_thread                0x08003acd   Thumb Code    70  scheduler.o(i.rt_schedule_insert_thread)
    rt_schedule_remove_thread                0x08003b1d   Thumb Code    66  scheduler.o(i.rt_schedule_remove_thread)
    rt_sem_init                              0x08003b69   Thumb Code    36  ipc.o(i.rt_sem_init)
    rt_sem_release                           0x08003b8d   Thumb Code    76  ipc.o(i.rt_sem_release)
    rt_sem_take                              0x08003bd9   Thumb Code   110  ipc.o(i.rt_sem_take)
    rt_show_version                          0x08003c49   Thumb Code    40  kservice.o(i.rt_show_version)
    rt_strncpy                               0x08003cf9   Thumb Code    38  kservice.o(i.rt_strncpy)
    rt_system_heap_init                      0x08003d21   Thumb Code    98  mem.o(i.rt_system_heap_init)
    rt_system_scheduler_init                 0x08003dd1   Thumb Code    44  scheduler.o(i.rt_system_scheduler_init)
    rt_system_scheduler_start                0x08003e05   Thumb Code    32  scheduler.o(i.rt_system_scheduler_start)
    rt_system_timer_init                     0x08003e2d   Thumb Code    18  timer.o(i.rt_system_timer_init)
    rt_system_timer_thread_init              0x08003e45   Thumb Code     2  timer.o(i.rt_system_timer_thread_init)
    rt_thread_create                         0x08003e47   Thumb Code    72  thread.o(i.rt_thread_create)
    rt_thread_delay                          0x08003e8f   Thumb Code     4  thread.o(i.rt_thread_delay)
    rt_thread_exit                           0x08003e95   Thumb Code    80  thread.o(i.rt_thread_exit)
    rt_thread_idle_excute                    0x08003ef5   Thumb Code    68  idle.o(i.rt_thread_idle_excute)
    rt_thread_idle_init                      0x08003f3d   Thumb Code    40  idle.o(i.rt_thread_idle_init)
    rt_thread_init                           0x08003f75   Thumb Code    48  thread.o(i.rt_thread_init)
    rt_thread_resume                         0x08003fa5   Thumb Code    60  thread.o(i.rt_thread_resume)
    rt_thread_self                           0x08003fe1   Thumb Code     6  thread.o(i.rt_thread_self)
    rt_thread_sleep                          0x08003fed   Thumb Code    60  thread.o(i.rt_thread_sleep)
    rt_thread_startup                        0x0800402d   Thumb Code    40  thread.o(i.rt_thread_startup)
    rt_thread_suspend                        0x08004059   Thumb Code    66  thread.o(i.rt_thread_suspend)
    rt_thread_timeout                        0x0800409b   Thumb Code    32  thread.o(i.rt_thread_timeout)
    rt_thread_yield                          0x080040bd   Thumb Code    86  thread.o(i.rt_thread_yield)
    rt_tick_get                              0x0800411d   Thumb Code     6  clock.o(i.rt_tick_get)
    rt_tick_increase                         0x08004129   Thumb Code    38  clock.o(i.rt_tick_increase)
    rt_timer_check                           0x08004155   Thumb Code   142  timer.o(i.rt_timer_check)
    rt_timer_control                         0x080041e9   Thumb Code    72  timer.o(i.rt_timer_control)
    rt_timer_detach                          0x08004231   Thumb Code    40  timer.o(i.rt_timer_detach)
    rt_timer_init                            0x08004259   Thumb Code    40  timer.o(i.rt_timer_init)
    rt_timer_start                           0x08004281   Thumb Code   140  timer.o(i.rt_timer_start)
    rt_timer_stop                            0x08004311   Thumb Code    46  timer.o(i.rt_timer_stop)
    rt_vsnprintf                             0x08004341   Thumb Code   600  kservice.o(i.rt_vsnprintf)
    rtthread_startup                         0x080045b1   Thumb Code    42  components.o(i.rtthread_startup)
    usart_process_data                       0x08004605   Thumb Code     8  uart.o(i.usart_process_data)
    usart_rx_check                           0x08004619   Thumb Code    56  uart.o(i.usart_rx_check)
    _get_lc_numeric                          0x0800465d   Thumb Code    44  lc_numeric_c.o(locale$$code)
    _get_lc_ctype                            0x08004689   Thumb Code    44  lc_ctype_c.o(locale$$code)
    _printf_fp_dec                           0x080046b5   Thumb Code     4  printf1.o(x$fpl$printf1)
    _printf_fp_hex                           0x080046b9   Thumb Code     4  printf2.o(x$fpl$printf2)
    __I$use$fp                               0x080046bc   Number         0  usenofp.o(x$fpl$usenofp)
    __lowest_bit_bitmap                      0x080046bc   Data         256  kservice.o(.constdata)
    AHBPrescTable                            0x080047de   Data          16  system_stm32f1xx.o(.constdata)
    APBPrescTable                            0x080047ee   Data           8  system_stm32f1xx.o(.constdata)
    __rt_init_rti_start                      0x080048f4   Data           4  components.o(.rti_fn.0)
    __rt_init_rti_board_start                0x080048f8   Data           4  components.o(.rti_fn.0.end)
    __rt_init_rti_board_end                  0x080048fc   Data           4  components.o(.rti_fn.1.end)
    __rt_init_init_all                       0x08004900   Data           4  main.o(.rti_fn.3)
    __rt_init_rti_end                        0x08004904   Data           4  components.o(.rti_fn.6.end)
    Region$$Table$$Base                      0x08004908   Number         0  anon$$obj.o(Region$$Table)
    Region$$Table$$Limit                     0x08004928   Number         0  anon$$obj.o(Region$$Table)
    __ctype                                  0x08004951   Data           0  lc_ctype_c.o(locale$$data)
    rt_interrupt_nest                        0x20000008   Data           1  irq.o(.data)
    rt_current_priority                      0x20000064   Data           1  scheduler.o(.data)
    rt_current_thread                        0x20000068   Data           4  scheduler.o(.data)
    rt_thread_ready_priority_group           0x2000006c   Data           4  scheduler.o(.data)
    rt_thread_defunct                        0x20000070   Data           8  scheduler.o(.data)
    rt_interrupt_from_thread                 0x20000088   Data           4  cpuport.o(.data)
    rt_interrupt_to_thread                   0x2000008c   Data           4  cpuport.o(.data)
    rt_thread_switch_interrupt_flag          0x20000090   Data           4  cpuport.o(.data)
    uwTickFreq                               0x20000094   Data           1  stm32f1xx_hal.o(.data)
    uwTickPrio                               0x20000098   Data           4  stm32f1xx_hal.o(.data)
    uwTick                                   0x2000009c   Data           4  stm32f1xx_hal.o(.data)
    SystemCoreClock                          0x200000a0   Data           4  system_stm32f1xx.o(.data)
    huart1                                   0x200011a4   Data          64  uart.o(.bss)
    hdma_usart1_rx                           0x200011e4   Data          68  uart.o(.bss)
    hdma_usart1_tx                           0x20001228   Data          68  uart.o(.bss)
    rt_thread_priority_table                 0x20001484   Data         256  scheduler.o(.bss)
    __libspace_start                         0x20001584   Data          96  libspace.o(.bss)
    __temporary_stack_top$libspace           0x200015e4   Data           0  libspace.o(.bss)



==============================================================================

Memory Map of the image

  Image Entry point : 0x08000131

  Load Region LR_IROM1 (Base: 0x08000000, Size: 0x00004af8, Max: 0x01000000, ABSOLUTE)

    Execution Region ER_IROM1 (Exec base: 0x08000000, Load base: 0x08000000, Size: 0x00004a54, Max: 0x01000000, ABSOLUTE)

    Exec Addr    Load Addr    Size         Type   Attr      Idx    E Section Name        Object

    0x08000000   0x08000000   0x00000130   Data   RO         8745    RESET               startup_stm32f103xe.o
    0x08000130   0x08000130   0x00000008   Code   RO         8764  * !!!main             c_w.l(__main.o)
    0x08000138   0x08000138   0x00000034   Code   RO         9105    !!!scatter          c_w.l(__scatter.o)
    0x0800016c   0x0800016c   0x0000001a   Code   RO         9107    !!handler_copy      c_w.l(__scatter_copy.o)
    0x08000186   0x08000186   0x00000002   PAD
    0x08000188   0x08000188   0x0000001c   Code   RO         9109    !!handler_zi        c_w.l(__scatter_zi.o)
    0x080001a4   0x080001a4   0x00000000   Code   RO         8864    .ARM.Collect$$_printf_percent$$00000000  c_w.l(_printf_percent.o)
    0x080001a4   0x080001a4   0x00000006   Code   RO         8853    .ARM.Collect$$_printf_percent$$00000001  c_w.l(_printf_n.o)
    0x080001aa   0x080001aa   0x00000006   Code   RO         8855    .ARM.Collect$$_printf_percent$$00000002  c_w.l(_printf_p.o)
    0x080001b0   0x080001b0   0x00000006   Code   RO         8860    .ARM.Collect$$_printf_percent$$00000003  c_w.l(_printf_f.o)
    0x080001b6   0x080001b6   0x00000006   Code   RO         8861    .ARM.Collect$$_printf_percent$$00000004  c_w.l(_printf_e.o)
    0x080001bc   0x080001bc   0x00000006   Code   RO         8862    .ARM.Collect$$_printf_percent$$00000005  c_w.l(_printf_g.o)
    0x080001c2   0x080001c2   0x00000006   Code   RO         8863    .ARM.Collect$$_printf_percent$$00000006  c_w.l(_printf_a.o)
    0x080001c8   0x080001c8   0x0000000a   Code   RO         8868    .ARM.Collect$$_printf_percent$$00000007  c_w.l(_printf_ll.o)
    0x080001d2   0x080001d2   0x00000006   Code   RO         8857    .ARM.Collect$$_printf_percent$$00000008  c_w.l(_printf_i.o)
    0x080001d8   0x080001d8   0x00000006   Code   RO         8858    .ARM.Collect$$_printf_percent$$00000009  c_w.l(_printf_d.o)
    0x080001de   0x080001de   0x00000006   Code   RO         8859    .ARM.Collect$$_printf_percent$$0000000A  c_w.l(_printf_u.o)
    0x080001e4   0x080001e4   0x00000006   Code   RO         8856    .ARM.Collect$$_printf_percent$$0000000B  c_w.l(_printf_o.o)
    0x080001ea   0x080001ea   0x00000006   Code   RO         8854    .ARM.Collect$$_printf_percent$$0000000C  c_w.l(_printf_x.o)
    0x080001f0   0x080001f0   0x00000006   Code   RO         8865    .ARM.Collect$$_printf_percent$$0000000D  c_w.l(_printf_lli.o)
    0x080001f6   0x080001f6   0x00000006   Code   RO         8866    .ARM.Collect$$_printf_percent$$0000000E  c_w.l(_printf_lld.o)
    0x080001fc   0x080001fc   0x00000006   Code   RO         8867    .ARM.Collect$$_printf_percent$$0000000F  c_w.l(_printf_llu.o)
    0x08000202   0x08000202   0x00000006   Code   RO         8872    .ARM.Collect$$_printf_percent$$00000010  c_w.l(_printf_llo.o)
    0x08000208   0x08000208   0x00000006   Code   RO         8873    .ARM.Collect$$_printf_percent$$00000011  c_w.l(_printf_llx.o)
    0x0800020e   0x0800020e   0x0000000a   Code   RO         8869    .ARM.Collect$$_printf_percent$$00000012  c_w.l(_printf_l.o)
    0x08000218   0x08000218   0x00000006   Code   RO         8851    .ARM.Collect$$_printf_percent$$00000013  c_w.l(_printf_c.o)
    0x0800021e   0x0800021e   0x00000006   Code   RO         8852    .ARM.Collect$$_printf_percent$$00000014  c_w.l(_printf_s.o)
    0x08000224   0x08000224   0x00000006   Code   RO         8870    .ARM.Collect$$_printf_percent$$00000015  c_w.l(_printf_lc.o)
    0x0800022a   0x0800022a   0x00000006   Code   RO         8871    .ARM.Collect$$_printf_percent$$00000016  c_w.l(_printf_ls.o)
    0x08000230   0x08000230   0x00000004   Code   RO         8917    .ARM.Collect$$_printf_percent$$00000017  c_w.l(_printf_percent_end.o)
    0x08000234   0x08000234   0x00000002   Code   RO         8966    .ARM.Collect$$libinit$$00000000  c_w.l(libinit.o)
    0x08000236   0x08000236   0x00000000   Code   RO         8982    .ARM.Collect$$libinit$$00000002  c_w.l(libinit2.o)
    0x08000236   0x08000236   0x00000000   Code   RO         8984    .ARM.Collect$$libinit$$00000004  c_w.l(libinit2.o)
    0x08000236   0x08000236   0x00000000   Code   RO         8987    .ARM.Collect$$libinit$$0000000A  c_w.l(libinit2.o)
    0x08000236   0x08000236   0x00000000   Code   RO         8989    .ARM.Collect$$libinit$$0000000C  c_w.l(libinit2.o)
    0x08000236   0x08000236   0x00000000   Code   RO         8991    .ARM.Collect$$libinit$$0000000E  c_w.l(libinit2.o)
    0x08000236   0x08000236   0x00000006   Code   RO         8992    .ARM.Collect$$libinit$$0000000F  c_w.l(libinit2.o)
    0x0800023c   0x0800023c   0x00000000   Code   RO         8994    .ARM.Collect$$libinit$$00000011  c_w.l(libinit2.o)
    0x0800023c   0x0800023c   0x0000000c   Code   RO         8995    .ARM.Collect$$libinit$$00000012  c_w.l(libinit2.o)
    0x08000248   0x08000248   0x00000000   Code   RO         8996    .ARM.Collect$$libinit$$00000013  c_w.l(libinit2.o)
    0x08000248   0x08000248   0x00000000   Code   RO         8998    .ARM.Collect$$libinit$$00000015  c_w.l(libinit2.o)
    0x08000248   0x08000248   0x0000000a   Code   RO         8999    .ARM.Collect$$libinit$$00000016  c_w.l(libinit2.o)
    0x08000252   0x08000252   0x00000000   Code   RO         9000    .ARM.Collect$$libinit$$00000017  c_w.l(libinit2.o)
    0x08000252   0x08000252   0x00000000   Code   RO         9002    .ARM.Collect$$libinit$$00000019  c_w.l(libinit2.o)
    0x08000252   0x08000252   0x00000000   Code   RO         9004    .ARM.Collect$$libinit$$0000001B  c_w.l(libinit2.o)
    0x08000252   0x08000252   0x00000000   Code   RO         9006    .ARM.Collect$$libinit$$0000001D  c_w.l(libinit2.o)
    0x08000252   0x08000252   0x00000000   Code   RO         9008    .ARM.Collect$$libinit$$0000001F  c_w.l(libinit2.o)
    0x08000252   0x08000252   0x00000000   Code   RO         9010    .ARM.Collect$$libinit$$00000021  c_w.l(libinit2.o)
    0x08000252   0x08000252   0x00000000   Code   RO         9012    .ARM.Collect$$libinit$$00000023  c_w.l(libinit2.o)
    0x08000252   0x08000252   0x00000000   Code   RO         9014    .ARM.Collect$$libinit$$00000025  c_w.l(libinit2.o)
    0x08000252   0x08000252   0x00000000   Code   RO         9018    .ARM.Collect$$libinit$$0000002C  c_w.l(libinit2.o)
    0x08000252   0x08000252   0x00000000   Code   RO         9020    .ARM.Collect$$libinit$$0000002E  c_w.l(libinit2.o)
    0x08000252   0x08000252   0x00000000   Code   RO         9022    .ARM.Collect$$libinit$$00000030  c_w.l(libinit2.o)
    0x08000252   0x08000252   0x00000000   Code   RO         9024    .ARM.Collect$$libinit$$00000032  c_w.l(libinit2.o)
    0x08000252   0x08000252   0x00000002   Code   RO         9025    .ARM.Collect$$libinit$$00000033  c_w.l(libinit2.o)
    0x08000254   0x08000254   0x00000002   Code   RO         9045    .ARM.Collect$$libshutdown$$00000000  c_w.l(libshutdown.o)
    0x08000256   0x08000256   0x00000000   Code   RO         9058    .ARM.Collect$$libshutdown$$00000002  c_w.l(libshutdown2.o)
    0x08000256   0x08000256   0x00000000   Code   RO         9060    .ARM.Collect$$libshutdown$$00000004  c_w.l(libshutdown2.o)
    0x08000256   0x08000256   0x00000000   Code   RO         9063    .ARM.Collect$$libshutdown$$00000007  c_w.l(libshutdown2.o)
    0x08000256   0x08000256   0x00000000   Code   RO         9066    .ARM.Collect$$libshutdown$$0000000A  c_w.l(libshutdown2.o)
    0x08000256   0x08000256   0x00000000   Code   RO         9068    .ARM.Collect$$libshutdown$$0000000C  c_w.l(libshutdown2.o)
    0x08000256   0x08000256   0x00000000   Code   RO         9071    .ARM.Collect$$libshutdown$$0000000F  c_w.l(libshutdown2.o)
    0x08000256   0x08000256   0x00000002   Code   RO         9072    .ARM.Collect$$libshutdown$$00000010  c_w.l(libshutdown2.o)
    0x08000258   0x08000258   0x00000000   Code   RO         8782    .ARM.Collect$$rtentry$$00000000  c_w.l(__rtentry.o)
    0x08000258   0x08000258   0x00000000   Code   RO         8888    .ARM.Collect$$rtentry$$00000002  c_w.l(__rtentry2.o)
    0x08000258   0x08000258   0x00000006   Code   RO         8900    .ARM.Collect$$rtentry$$00000004  c_w.l(__rtentry4.o)
    0x0800025e   0x0800025e   0x00000000   Code   RO         8890    .ARM.Collect$$rtentry$$00000009  c_w.l(__rtentry2.o)
    0x0800025e   0x0800025e   0x00000004   Code   RO         8891    .ARM.Collect$$rtentry$$0000000A  c_w.l(__rtentry2.o)
    0x08000262   0x08000262   0x00000000   Code   RO         8893    .ARM.Collect$$rtentry$$0000000C  c_w.l(__rtentry2.o)
    0x08000262   0x08000262   0x00000008   Code   RO         8894    .ARM.Collect$$rtentry$$0000000D  c_w.l(__rtentry2.o)
    0x0800026a   0x0800026a   0x00000002   Code   RO         8974    .ARM.Collect$$rtexit$$00000000  c_w.l(rtexit.o)
    0x0800026c   0x0800026c   0x00000000   Code   RO         9027    .ARM.Collect$$rtexit$$00000002  c_w.l(rtexit2.o)
    0x0800026c   0x0800026c   0x00000004   Code   RO         9028    .ARM.Collect$$rtexit$$00000003  c_w.l(rtexit2.o)
    0x08000270   0x08000270   0x00000006   Code   RO         9029    .ARM.Collect$$rtexit$$00000004  c_w.l(rtexit2.o)
    0x08000276   0x08000276   0x00000002   PAD
    0x08000278   0x08000278   0x000000f4   Code   RO         1526    .text               context_rvds.o
    0x0800036c   0x0800036c   0x00000040   Code   RO         8746    .text               startup_stm32f103xe.o
    0x080003ac   0x080003ac   0x00000024   Code   RO         8754    .text               c_w.l(vsprintf.o)
    0x080003d0   0x080003d0   0x0000003e   Code   RO         8756    .text               c_w.l(strlen.o)
    0x0800040e   0x0800040e   0x0000004e   Code   RO         8760    .text               c_w.l(rt_memclr_w.o)
    0x0800045c   0x0800045c   0x00000006   Code   RO         8762    .text               c_w.l(heapauxi.o)
    0x08000462   0x08000462   0x0000004e   Code   RO         8785    .text               c_w.l(_printf_pad.o)
    0x080004b0   0x080004b0   0x00000024   Code   RO         8787    .text               c_w.l(_printf_truncate.o)
    0x080004d4   0x080004d4   0x00000052   Code   RO         8789    .text               c_w.l(_printf_str.o)
    0x08000526   0x08000526   0x00000002   PAD
    0x08000528   0x08000528   0x00000078   Code   RO         8791    .text               c_w.l(_printf_dec.o)
    0x080005a0   0x080005a0   0x00000028   Code   RO         8793    .text               c_w.l(_printf_charcount.o)
    0x080005c8   0x080005c8   0x00000030   Code   RO         8795    .text               c_w.l(_printf_char_common.o)
    0x080005f8   0x080005f8   0x0000000a   Code   RO         8797    .text               c_w.l(_sputc.o)
    0x08000602   0x08000602   0x00000002   PAD
    0x08000604   0x08000604   0x000000bc   Code   RO         8799    .text               c_w.l(_printf_wctomb.o)
    0x080006c0   0x080006c0   0x0000007c   Code   RO         8802    .text               c_w.l(_printf_longlong_dec.o)
    0x0800073c   0x0800073c   0x00000070   Code   RO         8808    .text               c_w.l(_printf_oct_int_ll.o)
    0x080007ac   0x080007ac   0x00000094   Code   RO         8828    .text               c_w.l(_printf_hex_int_ll_ptr.o)
    0x08000840   0x08000840   0x00000188   Code   RO         8848    .text               c_w.l(__printf_flags_ss_wp.o)
    0x080009c8   0x080009c8   0x0000008a   Code   RO         8902    .text               c_w.l(lludiv10.o)
    0x08000a52   0x08000a52   0x000000b2   Code   RO         8904    .text               c_w.l(_printf_intcommon.o)
    0x08000b04   0x08000b04   0x0000041e   Code   RO         8906    .text               c_w.l(_printf_fp_dec.o)
    0x08000f22   0x08000f22   0x00000002   PAD
    0x08000f24   0x08000f24   0x000002fc   Code   RO         8908    .text               c_w.l(_printf_fp_hex.o)
    0x08001220   0x08001220   0x0000002c   Code   RO         8913    .text               c_w.l(_printf_char.o)
    0x0800124c   0x0800124c   0x0000002c   Code   RO         8915    .text               c_w.l(_printf_wchar.o)
    0x08001278   0x08001278   0x00000040   Code   RO         8918    .text               c_w.l(_wcrtomb.o)
    0x080012b8   0x080012b8   0x0000004a   Code   RO         8920    .text               c_w.l(sys_stackheap_outer.o)
    0x08001302   0x08001302   0x00000002   PAD
    0x08001304   0x08001304   0x00000010   Code   RO         8922    .text               c_w.l(rt_ctype_table.o)
    0x08001314   0x08001314   0x00000008   Code   RO         8927    .text               c_w.l(rt_locale_intlibspace.o)
    0x0800131c   0x0800131c   0x00000080   Code   RO         8929    .text               c_w.l(_printf_fp_infnan.o)
    0x0800139c   0x0800139c   0x000000e4   Code   RO         8931    .text               c_w.l(bigflt0.o)
    0x08001480   0x08001480   0x00000012   Code   RO         8959    .text               c_w.l(exit.o)
    0x08001492   0x08001492   0x00000002   PAD
    0x08001494   0x08001494   0x00000008   Code   RO         8971    .text               c_w.l(libspace.o)
    0x0800149c   0x0800149c   0x00000080   Code   RO         8979    .text               c_w.l(strcmpv7m.o)
    0x0800151c   0x0800151c   0x0000000c   Code   RO         9037    .text               c_w.l(sys_exit.o)
    0x08001528   0x08001528   0x00000002   Code   RO         9048    .text               c_w.l(use_no_semi.o)
    0x0800152a   0x0800152a   0x00000000   Code   RO         9050    .text               c_w.l(indicate_semi.o)
    0x0800152a   0x0800152a   0x0000003e   Code   RO         8934    CL$$btod_d2e        c_w.l(btod.o)
    0x08001568   0x08001568   0x00000046   Code   RO         8936    CL$$btod_d2e_denorm_low  c_w.l(btod.o)
    0x080015ae   0x080015ae   0x00000060   Code   RO         8935    CL$$btod_d2e_norm_op1  c_w.l(btod.o)
    0x0800160e   0x0800160e   0x00000338   Code   RO         8944    CL$$btod_div_common  c_w.l(btod.o)
    0x08001946   0x08001946   0x000000dc   Code   RO         8941    CL$$btod_e2e        c_w.l(btod.o)
    0x08001a22   0x08001a22   0x0000002a   Code   RO         8938    CL$$btod_ediv       c_w.l(btod.o)
    0x08001a4c   0x08001a4c   0x0000002a   Code   RO         8937    CL$$btod_emul       c_w.l(btod.o)
    0x08001a76   0x08001a76   0x00000244   Code   RO         8943    CL$$btod_mult_common  c_w.l(btod.o)
    0x08001cba   0x08001cba   0x0000000a   Code   RO          643    i.$Sub$$main        components.o
    0x08001cc4   0x08001cc4   0x00000002   Code   RO          251    i.BusFault_Handler  stm32f1xx_it.o
    0x08001cc6   0x08001cc6   0x00000002   PAD
    0x08001cc8   0x08001cc8   0x0000000c   Code   RO          485    i.DMA1_Channel4_IRQHandler  uart.o
    0x08001cd4   0x08001cd4   0x0000007c   Code   RO          486    i.DMA1_Channel5_IRQHandler  uart.o
    0x08001d50   0x08001d50   0x0000002a   Code   RO         2682    i.DMA_SetConfig     stm32f1xx_hal_dma.o
    0x08001d7a   0x08001d7a   0x00000002   Code   RO          252    i.DebugMon_Handler  stm32f1xx_it.o
    0x08001d7c   0x08001d7c   0x00000248   Code   RO         2688    i.HAL_DMA_IRQHandler  stm32f1xx_hal_dma.o
    0x08001fc4   0x08001fc4   0x0000007c   Code   RO         2689    i.HAL_DMA_Init      stm32f1xx_hal_dma.o
    0x08002040   0x08002040   0x00000070   Code   RO         2693    i.HAL_DMA_Start_IT  stm32f1xx_hal_dma.o
    0x080020b0   0x080020b0   0x000001f0   Code   RO         3058    i.HAL_GPIO_Init     stm32f1xx_hal_gpio.o
    0x080022a0   0x080022a0   0x0000000a   Code   RO         3062    i.HAL_GPIO_WritePin  stm32f1xx_hal_gpio.o
    0x080022aa   0x080022aa   0x00000002   PAD
    0x080022ac   0x080022ac   0x0000000c   Code   RO         1586    i.HAL_GetTick       stm32f1xx_hal.o
    0x080022b8   0x080022b8   0x00000024   Code   RO         1593    i.HAL_Init          stm32f1xx_hal.o
    0x080022dc   0x080022dc   0x00000040   Code   RO         1594    i.HAL_InitTick      stm32f1xx_hal.o
    0x0800231c   0x0800231c   0x00000002   Code   RO         8679    i.HAL_MspInit       stm32f1xx_hal_msp.o
    0x0800231e   0x0800231e   0x00000002   PAD
    0x08002320   0x08002320   0x00000040   Code   RO         2285    i.HAL_NVIC_SetPriority  stm32f1xx_hal_cortex.o
    0x08002360   0x08002360   0x00000024   Code   RO         2286    i.HAL_NVIC_SetPriorityGrouping  stm32f1xx_hal_cortex.o
    0x08002384   0x08002384   0x00000138   Code   RO         5058    i.HAL_RCC_ClockConfig  stm32f1xx_hal_rcc.o
    0x080024bc   0x080024bc   0x00000020   Code   RO         5065    i.HAL_RCC_GetPCLK1Freq  stm32f1xx_hal_rcc.o
    0x080024dc   0x080024dc   0x00000020   Code   RO         5066    i.HAL_RCC_GetPCLK2Freq  stm32f1xx_hal_rcc.o
    0x080024fc   0x080024fc   0x0000006c   Code   RO         5067    i.HAL_RCC_GetSysClockFreq  stm32f1xx_hal_rcc.o
    0x08002568   0x08002568   0x00000318   Code   RO         5070    i.HAL_RCC_OscConfig  stm32f1xx_hal_rcc.o
    0x08002880   0x08002880   0x00000028   Code   RO         2290    i.HAL_SYSTICK_Config  stm32f1xx_hal_cortex.o
    0x080028a8   0x080028a8   0x00000002   Code   RO         7352    i.HAL_UART_ErrorCallback  stm32f1xx_hal_uart.o
    0x080028aa   0x080028aa   0x00000062   Code   RO         7356    i.HAL_UART_Init     stm32f1xx_hal_uart.o
    0x0800290c   0x0800290c   0x00000002   Code   RO         7358    i.HAL_UART_MspInit  stm32f1xx_hal_uart.o
    0x0800290e   0x0800290e   0x00000002   PAD
    0x08002910   0x08002910   0x00000098   Code   RO         7360    i.HAL_UART_Receive_DMA  stm32f1xx_hal_uart.o
    0x080029a8   0x080029a8   0x00000002   Code   RO         7362    i.HAL_UART_RxCpltCallback  stm32f1xx_hal_uart.o
    0x080029aa   0x080029aa   0x00000002   Code   RO         7363    i.HAL_UART_RxHalfCpltCallback  stm32f1xx_hal_uart.o
    0x080029ac   0x080029ac   0x000000ba   Code   RO         7364    i.HAL_UART_Transmit  stm32f1xx_hal_uart.o
    0x08002a66   0x08002a66   0x00000002   PAD
    0x08002a68   0x08002a68   0x00000048   Code   RO            4    i.LED_thread        main.o
    0x08002ab0   0x08002ab0   0x00000098   Code   RO            5    i.MX_GPIO_Init      main.o
    0x08002b48   0x08002b48   0x00000150   Code   RO          487    i.MX_USART1_UART_Init  uart.o
    0x08002c98   0x08002c98   0x00000002   Code   RO          253    i.MemManage_Handler  stm32f1xx_it.o
    0x08002c9a   0x08002c9a   0x00000002   Code   RO          254    i.NMI_Handler       stm32f1xx_it.o
    0x08002c9c   0x08002c9c   0x00000012   Code   RO          438    i.SysTick_Handler   board.o
    0x08002cae   0x08002cae   0x00000002   PAD
    0x08002cb0   0x08002cb0   0x00000048   Code   RO         8709    i.SystemInit        system_stm32f1xx.o
    0x08002cf8   0x08002cf8   0x0000004a   Code   RO         7370    i.UART_DMAError     stm32f1xx_hal_uart.o
    0x08002d42   0x08002d42   0x0000003c   Code   RO         7371    i.UART_DMAReceiveCplt  stm32f1xx_hal_uart.o
    0x08002d7e   0x08002d7e   0x0000000a   Code   RO         7373    i.UART_DMARxHalfCplt  stm32f1xx_hal_uart.o
    0x08002d88   0x08002d88   0x0000001c   Code   RO         7379    i.UART_EndRxTransfer  stm32f1xx_hal_uart.o
    0x08002da4   0x08002da4   0x00000012   Code   RO         7380    i.UART_EndTxTransfer  stm32f1xx_hal_uart.o
    0x08002db6   0x08002db6   0x00000002   PAD
    0x08002db8   0x08002db8   0x000000b8   Code   RO         7382    i.UART_SetConfig    stm32f1xx_hal_uart.o
    0x08002e70   0x08002e70   0x00000062   Code   RO         7384    i.UART_WaitOnFlagUntilTimeout  stm32f1xx_hal_uart.o
    0x08002ed2   0x08002ed2   0x00000002   PAD
    0x08002ed4   0x08002ed4   0x0000003c   Code   RO          488    i.USART1_IRQHandler  uart.o
    0x08002f10   0x08002f10   0x00000002   Code   RO          255    i.UsageFault_Handler  stm32f1xx_it.o
    0x08002f12   0x08002f12   0x00000028   Code   RO         8969    i.__ARM_fpclassify  m_ws.l(fpclassify.o)
    0x08002f3a   0x08002f3a   0x0000001a   Code   RO          489    i.__NVIC_EnableIRQ  uart.o
    0x08002f54   0x08002f54   0x00000020   Code   RO         2292    i.__NVIC_SetPriority  stm32f1xx_hal_cortex.o
    0x08002f74   0x08002f74   0x00000044   Code   RO          903    i.__rt_ffs          kservice.o
    0x08002fb8   0x08002fb8   0x0000000e   Code   RO         8841    i._is_digit         c_w.l(__printf_wp.o)
    0x08002fc6   0x08002fc6   0x00000002   PAD
    0x08002fc8   0x08002fc8   0x00000080   Code   RO         1294    i._rt_thread_init   thread.o
    0x08003048   0x08003048   0x00000026   Code   RO         1424    i._rt_timer_init    timer.o
    0x0800306e   0x0800306e   0x00000018   Code   RO         1425    i._rt_timer_remove  timer.o
    0x08003086   0x08003086   0x0000001c   Code   RO         1295    i._thread_cleanup_execute  thread.o
    0x080030a2   0x080030a2   0x0000000e   Code   RO            6    i.init_all          main.o
    0x080030b0   0x080030b0   0x00000034   Code   RO          560    i.log_printf        log.o
    0x080030e4   0x080030e4   0x00000030   Code   RO            7    i.main              main.o
    0x08003114   0x08003114   0x0000000e   Code   RO          644    i.main_thread_entry  components.o
    0x08003122   0x08003122   0x00000002   PAD
    0x08003124   0x08003124   0x00000054   Code   RO         1077    i.plug_holes        mem.o
    0x08003178   0x08003178   0x0000012c   Code   RO          905    i.print_number      kservice.o
    0x080032a4   0x080032a4   0x0000002c   Code   RO          645    i.rt_application_init  components.o
    0x080032d0   0x080032d0   0x0000001c   Code   RO          646    i.rt_components_board_init  components.o
    0x080032ec   0x080032ec   0x0000001c   Code   RO          647    i.rt_components_init  components.o
    0x08003308   0x08003308   0x0000001c   Code   RO         1227    i.rt_enter_critical  scheduler.o
    0x08003324   0x08003324   0x00000038   Code   RO         1228    i.rt_exit_critical  scheduler.o
    0x0800335c   0x0800335c   0x000000c4   Code   RO         1079    i.rt_free           mem.o
    0x08003420   0x08003420   0x00000008   Code   RO          439    i.rt_heap_begin_get  board.o
    0x08003428   0x08003428   0x00000008   Code   RO          440    i.rt_heap_end_get   board.o
    0x08003430   0x08003430   0x00000090   Code   RO          441    i.rt_hw_board_init  board.o
    0x080034c0   0x080034c0   0x00000002   Code   RO          908    i.rt_hw_console_output  kservice.o
    0x080034c2   0x080034c2   0x00000002   PAD
    0x080034c4   0x080034c4   0x000001f4   Code   RO         1533    i.rt_hw_hard_fault_exception  cpuport.o
    0x080036b8   0x080036b8   0x0000003c   Code   RO         1534    i.rt_hw_stack_init  cpuport.o
    0x080036f4   0x080036f4   0x0000001c   Code   RO          876    i.rt_interrupt_enter  irq.o
    0x08003710   0x08003710   0x0000001c   Code   RO          878    i.rt_interrupt_leave  irq.o
    0x0800372c   0x0800372c   0x00000050   Code   RO          752    i.rt_ipc_list_suspend  ipc.o
    0x0800377c   0x0800377c   0x00000020   Code   RO          909    i.rt_kprintf        kservice.o
    0x0800379c   0x0800379c   0x0000000e   Code   RO         1139    i.rt_list_insert_after  object.o
    0x080037aa   0x080037aa   0x0000000e   Code   RO         1296    i.rt_list_insert_after  thread.o
    0x080037b8   0x080037b8   0x0000000e   Code   RO         1426    i.rt_list_insert_after  timer.o
    0x080037c6   0x080037c6   0x0000000e   Code   RO          753    i.rt_list_insert_before  ipc.o
    0x080037d4   0x080037d4   0x0000000e   Code   RO          754    i.rt_list_isempty   ipc.o
    0x080037e2   0x080037e2   0x0000000e   Code   RO         1427    i.rt_list_isempty   timer.o
    0x080037f0   0x080037f0   0x00000012   Code   RO         1140    i.rt_list_remove    object.o
    0x08003802   0x08003802   0x00000012   Code   RO         1297    i.rt_list_remove    thread.o
    0x08003814   0x08003814   0x00000012   Code   RO         1428    i.rt_list_remove    timer.o
    0x08003826   0x08003826   0x00000002   PAD
    0x08003828   0x08003828   0x000000f0   Code   RO         1080    i.rt_malloc         mem.o
    0x08003918   0x08003918   0x00000044   Code   RO          915    i.rt_memset         kservice.o
    0x0800395c   0x0800395c   0x0000004c   Code   RO         1141    i.rt_object_allocate  object.o
    0x080039a8   0x080039a8   0x00000026   Code   RO         1142    i.rt_object_delete  object.o
    0x080039ce   0x080039ce   0x00000020   Code   RO         1143    i.rt_object_detach  object.o
    0x080039ee   0x080039ee   0x00000002   PAD
    0x080039f0   0x080039f0   0x00000024   Code   RO         1145    i.rt_object_get_information  object.o
    0x08003a14   0x08003a14   0x00000050   Code   RO         1149    i.rt_object_init    object.o
    0x08003a64   0x08003a64   0x0000000e   Code   RO         1150    i.rt_object_is_systemobject  object.o
    0x08003a72   0x08003a72   0x00000002   PAD
    0x08003a74   0x08003a74   0x00000058   Code   RO         1229    i.rt_schedule       scheduler.o
    0x08003acc   0x08003acc   0x00000050   Code   RO         1230    i.rt_schedule_insert_thread  scheduler.o
    0x08003b1c   0x08003b1c   0x0000004c   Code   RO         1231    i.rt_schedule_remove_thread  scheduler.o
    0x08003b68   0x08003b68   0x00000024   Code   RO          767    i.rt_sem_init       ipc.o
    0x08003b8c   0x08003b8c   0x0000004c   Code   RO          768    i.rt_sem_release    ipc.o
    0x08003bd8   0x08003bd8   0x0000006e   Code   RO          769    i.rt_sem_take       ipc.o
    0x08003c46   0x08003c46   0x00000002   PAD
    0x08003c48   0x08003c48   0x000000b0   Code   RO          917    i.rt_show_version   kservice.o
    0x08003cf8   0x08003cf8   0x00000026   Code   RO          925    i.rt_strncpy        kservice.o
    0x08003d1e   0x08003d1e   0x00000002   PAD
    0x08003d20   0x08003d20   0x000000b0   Code   RO         1083    i.rt_system_heap_init  mem.o
    0x08003dd0   0x08003dd0   0x00000034   Code   RO         1232    i.rt_system_scheduler_init  scheduler.o
    0x08003e04   0x08003e04   0x00000028   Code   RO         1233    i.rt_system_scheduler_start  scheduler.o
    0x08003e2c   0x08003e2c   0x00000018   Code   RO         1429    i.rt_system_timer_init  timer.o
    0x08003e44   0x08003e44   0x00000002   Code   RO         1430    i.rt_system_timer_thread_init  timer.o
    0x08003e46   0x08003e46   0x00000048   Code   RO         1299    i.rt_thread_create  thread.o
    0x08003e8e   0x08003e8e   0x00000004   Code   RO         1300    i.rt_thread_delay   thread.o
    0x08003e92   0x08003e92   0x00000002   PAD
    0x08003e94   0x08003e94   0x00000058   Code   RO         1304    i.rt_thread_exit    thread.o
    0x08003eec   0x08003eec   0x00000006   Code   RO          716    i.rt_thread_idle_entry  idle.o
    0x08003ef2   0x08003ef2   0x00000002   PAD
    0x08003ef4   0x08003ef4   0x00000048   Code   RO          717    i.rt_thread_idle_excute  idle.o
    0x08003f3c   0x08003f3c   0x00000038   Code   RO          719    i.rt_thread_idle_init  idle.o
    0x08003f74   0x08003f74   0x00000030   Code   RO         1306    i.rt_thread_init    thread.o
    0x08003fa4   0x08003fa4   0x0000003c   Code   RO         1308    i.rt_thread_resume  thread.o
    0x08003fe0   0x08003fe0   0x0000000c   Code   RO         1309    i.rt_thread_self    thread.o
    0x08003fec   0x08003fec   0x00000040   Code   RO         1310    i.rt_thread_sleep   thread.o
    0x0800402c   0x0800402c   0x0000002c   Code   RO         1311    i.rt_thread_startup  thread.o
    0x08004058   0x08004058   0x00000042   Code   RO         1312    i.rt_thread_suspend  thread.o
    0x0800409a   0x0800409a   0x00000020   Code   RO         1313    i.rt_thread_timeout  thread.o
    0x080040ba   0x080040ba   0x00000002   PAD
    0x080040bc   0x080040bc   0x00000060   Code   RO         1314    i.rt_thread_yield   thread.o
    0x0800411c   0x0800411c   0x0000000c   Code   RO          607    i.rt_tick_get       clock.o
    0x08004128   0x08004128   0x0000002c   Code   RO          608    i.rt_tick_increase  clock.o
    0x08004154   0x08004154   0x00000094   Code   RO         1431    i.rt_timer_check    timer.o
    0x080041e8   0x080041e8   0x00000048   Code   RO         1432    i.rt_timer_control  timer.o
    0x08004230   0x08004230   0x00000028   Code   RO         1435    i.rt_timer_detach   timer.o
    0x08004258   0x08004258   0x00000028   Code   RO         1436    i.rt_timer_init     timer.o
    0x08004280   0x08004280   0x00000090   Code   RO         1438    i.rt_timer_start    timer.o
    0x08004310   0x08004310   0x0000002e   Code   RO         1439    i.rt_timer_stop     timer.o
    0x0800433e   0x0800433e   0x00000002   PAD
    0x08004340   0x08004340   0x00000260   Code   RO          928    i.rt_vsnprintf      kservice.o
    0x080045a0   0x080045a0   0x00000004   Code   RO          648    i.rti_board_end     components.o
    0x080045a4   0x080045a4   0x00000004   Code   RO          649    i.rti_board_start   components.o
    0x080045a8   0x080045a8   0x00000004   Code   RO          650    i.rti_end           components.o
    0x080045ac   0x080045ac   0x00000004   Code   RO          651    i.rti_start         components.o
    0x080045b0   0x080045b0   0x0000002a   Code   RO          652    i.rtthread_startup  components.o
    0x080045da   0x080045da   0x00000028   Code   RO          930    i.skip_atoi         kservice.o
    0x08004602   0x08004602   0x00000002   PAD
    0x08004604   0x08004604   0x00000014   Code   RO          490    i.usart_process_data  uart.o
    0x08004618   0x08004618   0x00000044   Code   RO          491    i.usart_rx_check    uart.o
    0x0800465c   0x0800465c   0x0000002c   Code   RO         8957    locale$$code        c_w.l(lc_numeric_c.o)
    0x08004688   0x08004688   0x0000002c   Code   RO         8977    locale$$code        c_w.l(lc_ctype_c.o)
    0x080046b4   0x080046b4   0x00000004   Code   RO         8878    x$fpl$printf1       fz_ws.l(printf1.o)
    0x080046b8   0x080046b8   0x00000004   Code   RO         8880    x$fpl$printf2       fz_ws.l(printf2.o)
    0x080046bc   0x080046bc   0x00000000   Code   RO         8886    x$fpl$usenofp       fz_ws.l(usenofp.o)
    0x080046bc   0x080046bc   0x00000122   Data   RO          932    .constdata          kservice.o
    0x080047de   0x080047de   0x00000010   Data   RO         8710    .constdata          system_stm32f1xx.o
    0x080047ee   0x080047ee   0x00000008   Data   RO         8711    .constdata          system_stm32f1xx.o
    0x080047f6   0x080047f6   0x00000002   PAD
    0x080047f8   0x080047f8   0x00000008   Data   RO         8800    .constdata          c_w.l(_printf_wctomb.o)
    0x08004800   0x08004800   0x00000028   Data   RO         8829    .constdata          c_w.l(_printf_hex_int_ll_ptr.o)
    0x08004828   0x08004828   0x00000011   Data   RO         8849    .constdata          c_w.l(__printf_flags_ss_wp.o)
    0x08004839   0x08004839   0x00000026   Data   RO         8909    .constdata          c_w.l(_printf_fp_hex.o)
    0x0800485f   0x0800485f   0x00000001   PAD
    0x08004860   0x08004860   0x00000094   Data   RO         8932    .constdata          c_w.l(bigflt0.o)
    0x080048f4   0x080048f4   0x00000004   Data   RO          653    .rti_fn.0           components.o
    0x080048f8   0x080048f8   0x00000004   Data   RO          654    .rti_fn.0.end       components.o
    0x080048fc   0x080048fc   0x00000004   Data   RO          655    .rti_fn.1.end       components.o
    0x08004900   0x08004900   0x00000004   Data   RO            8    .rti_fn.3           main.o
    0x08004904   0x08004904   0x00000004   Data   RO          656    .rti_fn.6.end       components.o
    0x08004908   0x08004908   0x00000020   Data   RO         9103    Region$$Table       anon$$obj.o
    0x08004928   0x08004928   0x0000001c   Data   RO         8956    locale$$data        c_w.l(lc_numeric_c.o)
    0x08004944   0x08004944   0x00000110   Data   RO         8976    locale$$data        c_w.l(lc_ctype_c.o)


    Execution Region RW_IRAM1 (Exec base: 0x20000000, Load base: 0x08004a54, Size: 0x00001be8, Max: 0x00010000, ABSOLUTE)

    Exec Addr    Load Addr    Size         Type   Attr      Idx    E Section Name        Object

    0x20000000   0x08004a54   0x00000002   Data   RW          493    .data               uart.o
    0x20000002   0x08004a56   0x00000002   PAD
    0x20000004   0x08004a58   0x00000004   Data   RW          610    .data               clock.o
    0x20000008   0x08004a5c   0x00000001   Data   RW          879    .data               irq.o
    0x20000009   0x08004a5d   0x00000003   PAD
    0x2000000c   0x08004a60   0x00000018   Data   RW         1085    .data               mem.o
    0x20000024   0x08004a78   0x00000040   Data   RW         1152    .data               object.o
    0x20000064   0x08004ab8   0x00000014   Data   RW         1235    .data               scheduler.o
    0x20000078   0x08004acc   0x0000000c   Data   RW         1440    .data               timer.o
    0x20000084   0x08004ad8   0x00000004   Data   RW         1535    .data               cpuport.o
    0x20000088   0x08004adc   0x00000004   Data   RW         1536    .data               cpuport.o
    0x2000008c   0x08004ae0   0x00000004   Data   RW         1537    .data               cpuport.o
    0x20000090   0x08004ae4   0x00000004   Data   RW         1538    .data               cpuport.o
    0x20000094   0x08004ae8   0x0000000c   Data   RW         1600    .data               stm32f1xx_hal.o
    0x200000a0   0x08004af4   0x00000004   Data   RW         8712    .data               system_stm32f1xx.o
    0x200000a4        -       0x00001000   Zero   RW          442    .bss                board.o
    0x200010a4        -       0x000001c8   Zero   RW          492    .bss                uart.o
    0x2000126c        -       0x00000178   Zero   RW          720    .bss                idle.o
    0x200013e4        -       0x00000080   Zero   RW          931    .bss                kservice.o
    0x20001464        -       0x00000020   Zero   RW         1084    .bss                mem.o
    0x20001484        -       0x00000100   Zero   RW         1234    .bss                scheduler.o
    0x20001584        -       0x00000060   Zero   RW         8972    .bss                c_w.l(libspace.o)
    0x200015e4   0x08004af8   0x00000004   PAD
    0x200015e8        -       0x00000200   Zero   RW         8744    HEAP                startup_stm32f103xe.o
    0x200017e8        -       0x00000400   Zero   RW         8743    STACK               startup_stm32f103xe.o


==============================================================================

Image component sizes


      Code (inc. data)   RO Data    RW Data    ZI Data      Debug   Object Name

       178         18          0          0       4096       3051   board.o
        56         12          0          4          0       1149   clock.o
       182         28         16          0          0       5562   components.o
       244         28          0          0          0        748   context_rvds.o
       560        328          0         16          0       3086   cpuport.o
       134         20          0          0        376       4818   idle.o
       330          0          0          0          0       6913   ipc.o
        56         12          0          1          0       1506   irq.o
      1332        160        290          0        128      10163   kservice.o
        52          4          0          0          0        549   log.o
       286         38          4          0          0     447871   main.o
       696        174          0         24         32       3792   mem.o
       308          6          0         64          0       8036   object.o
       420         58          0         20        256       7902   scheduler.o
        64         26        304          0       1536        800   startup_stm32f103xe.o
       112         20          0         12          0       5475   stm32f1xx_hal.o
       172         14          0          0          0      28194   stm32f1xx_hal_cortex.o
       862         44          0          0          0       3675   stm32f1xx_hal_dma.o
       506         42          0          0          0       2872   stm32f1xx_hal_gpio.o
         2          0          0          0          0        418   stm32f1xx_hal_msp.o
      1276        100          0          0          0       5432   stm32f1xx_hal_rcc.o
       916         20          0          0          0       9815   stm32f1xx_hal_uart.o
        10          0          0          0          0      59589   stm32f1xx_it.o
        72         16         24          4          0       1099   system_stm32f1xx.o
       774         42          0          0          0      11946   thread.o
       624         22          0         12          0      11096   timer.o
       646         74          0          2        456      29708   uart.o

    ----------------------------------------------------------------------
     10910       1306        672        164       6880     675265   Object Totals
         0          0         32          0          0          0   (incl. Generated)
        40          0          2          5          0          0   (incl. Padding)

    ----------------------------------------------------------------------

      Code (inc. data)   RO Data    RW Data    ZI Data      Debug   Library Member Name

         8          0          0          0          0         68   __main.o
       392          4         17          0          0         92   __printf_flags_ss_wp.o
        14          0          0          0          0         68   __printf_wp.o
         0          0          0          0          0          0   __rtentry.o
        12          0          0          0          0          0   __rtentry2.o
         6          0          0          0          0          0   __rtentry4.o
        52          8          0          0          0          0   __scatter.o
        26          0          0          0          0          0   __scatter_copy.o
        28          0          0          0          0          0   __scatter_zi.o
         6          0          0          0          0          0   _printf_a.o
         6          0          0          0          0          0   _printf_c.o
        44          0          0          0          0        108   _printf_char.o
        48          6          0          0          0         96   _printf_char_common.o
        40          0          0          0          0         68   _printf_charcount.o
         6          0          0          0          0          0   _printf_d.o
       120         16          0          0          0         92   _printf_dec.o
         6          0          0          0          0          0   _printf_e.o
         6          0          0          0          0          0   _printf_f.o
      1054          0          0          0          0        216   _printf_fp_dec.o
       764          8         38          0          0        100   _printf_fp_hex.o
       128         16          0          0          0         84   _printf_fp_infnan.o
         6          0          0          0          0          0   _printf_g.o
       148          4         40          0          0        160   _printf_hex_int_ll_ptr.o
         6          0          0          0          0          0   _printf_i.o
       178          0          0          0          0         88   _printf_intcommon.o
        10          0          0          0          0          0   _printf_l.o
         6          0          0          0          0          0   _printf_lc.o
        10          0          0          0          0          0   _printf_ll.o
         6          0          0          0          0          0   _printf_lld.o
         6          0          0          0          0          0   _printf_lli.o
         6          0          0          0          0          0   _printf_llo.o
         6          0          0          0          0          0   _printf_llu.o
         6          0          0          0          0          0   _printf_llx.o
       124         16          0          0          0         92   _printf_longlong_dec.o
         6          0          0          0          0          0   _printf_ls.o
         6          0          0          0          0          0   _printf_n.o
         6          0          0          0          0          0   _printf_o.o
       112         10          0          0          0        124   _printf_oct_int_ll.o
         6          0          0          0          0          0   _printf_p.o
        78          0          0          0          0        108   _printf_pad.o
         0          0          0          0          0          0   _printf_percent.o
         4          0          0          0          0          0   _printf_percent_end.o
         6          0          0          0          0          0   _printf_s.o
        82          0          0          0          0         80   _printf_str.o
        36          0          0          0          0         84   _printf_truncate.o
         6          0          0          0          0          0   _printf_u.o
        44          0          0          0          0        108   _printf_wchar.o
       188          6          8          0          0         92   _printf_wctomb.o
         6          0          0          0          0          0   _printf_x.o
        10          0          0          0          0         68   _sputc.o
        64          0          0          0          0         92   _wcrtomb.o
       228          4        148          0          0         96   bigflt0.o
      1936        128          0          0          0        672   btod.o
        18          0          0          0          0         80   exit.o
         6          0          0          0          0        152   heapauxi.o
         0          0          0          0          0          0   indicate_semi.o
        44         10        272          0          0         76   lc_ctype_c.o
        44         10         28          0          0         76   lc_numeric_c.o
         2          0          0          0          0          0   libinit.o
        30          0          0          0          0          0   libinit2.o
         2          0          0          0          0          0   libshutdown.o
         2          0          0          0          0          0   libshutdown2.o
         8          4          0          0         96         68   libspace.o
       138          0          0          0          0         80   lludiv10.o
        16          4          0          0          0         76   rt_ctype_table.o
         8          4          0          0          0         68   rt_locale_intlibspace.o
        78          0          0          0          0         80   rt_memclr_w.o
         2          0          0          0          0          0   rtexit.o
        10          0          0          0          0          0   rtexit2.o
       128          0          0          0          0         68   strcmpv7m.o
        62          0          0          0          0         76   strlen.o
        12          4          0          0          0         68   sys_exit.o
        74          0          0          0          0         80   sys_stackheap_outer.o
         2          0          0          0          0         68   use_no_semi.o
        36          4          0          0          0         76   vsprintf.o
         4          0          0          0          0         68   printf1.o
         4          0          0          0          0         68   printf2.o
         0          0          0          0          0          0   usenofp.o
        40          0          0          0          0         68   fpclassify.o

    ----------------------------------------------------------------------
      6894        266        552          0        100       4252   Library Totals
        16          0          1          0          4          0   (incl. Padding)

    ----------------------------------------------------------------------

      Code (inc. data)   RO Data    RW Data    ZI Data      Debug   Library Name

      6830        266        551          0         96       4048   c_w.l
         8          0          0          0          0        136   fz_ws.l
        40          0          0          0          0         68   m_ws.l

    ----------------------------------------------------------------------
      6894        266        552          0        100       4252   Library Totals

    ----------------------------------------------------------------------

==============================================================================


      Code (inc. data)   RO Data    RW Data    ZI Data      Debug   

     17804       1572       1224        164       6980     670257   Grand Totals
     17804       1572       1224        164       6980     670257   ELF Image Totals
     17804       1572       1224        164          0          0   ROM Totals

==============================================================================

    Total RO  Size (Code + RO Data)                19028 (  18.58kB)
    Total RW  Size (RW Data + ZI Data)              7144 (   6.98kB)
    Total ROM Size (Code + RO Data + RW Data)      19192 (  18.74kB)

==============================================================================

