<html>
<body>
<pre>
<h1>µVision Build Log</h1>
<h2>Tool Versions:</h2>
IDE-Version: ¦ÌVision V5.25.2.0
Copyright (C) 2018 ARM Ltd and ARM Germany GmbH. All rights reserved.
License Information: HYJ HYJ, HYJ, LIC=IK1BF-6JDZS-SB4EJ-UK27K-L82H2-52FLT
 
Tool Versions:
Toolchain:       MDK-ARM Plus  Version: 5.25.2.0
Toolchain Path:  D:\SoftWare\InstallDirect\Keil\ARM\ARMCC\Bin
C Compiler:      Armcc.exe V5.06 update 6 (build 750)
Assembler:       Armasm.exe V5.06 update 6 (build 750)
Linker/Locator:  ArmLink.exe V5.06 update 6 (build 750)
Library Manager: ArmAr.exe V5.06 update 6 (build 750)
Hex Converter:   FromElf.exe V5.06 update 6 (build 750)
CPU DLL:         SARMCM3.DLL V5.25.2.0
Dialog DLL:      DARMSTM.DLL V1.68.0.0
Target DLL:      Segger\JL2CM3.dll V2.99.29.0
Dialog DLL:      TARMSTM.DLL V1.66.0.0
 
<h2>Project:</h2>
D:\Project\03_STM32F103ZE_rtthread\Build\workspace.uvprojx
Project File Date:  08/13/2024

<h2>Output:</h2>
*** Using Compiler 'V5.06 update 6 (build 750)', folder: 'D:\SoftWare\InstallDirect\Keil\ARM\ARMCC\Bin'
Build target 'workspace'
compiling uart.c...
..\Source\APP\Inc\uart.h(29): warning:  #1-D: last line of file ends without a newline
  #endif
..\Source\APP\Inc\log.h(23): warning:  #1-D: last line of file ends without a newline
  #endif
..\Source\APP\Src\uart.c(208): warning:  #1-D: last line of file ends without a newline
  }
..\Source\APP\Src\uart.c: 3 warnings, 0 errors
linking...
Program Size: Code=17804 RO-data=1224 RW-data=164 ZI-data=6980  
FromELF: creating hex file...
".\Objects\workspace.axf" - 0 Error(s), 3 Warning(s).

<h2>Software Packages used:</h2>

Package Vendor: Keil
                http://www.keil.com/pack/Keil.STM32F1xx_DFP.2.2.0.pack
                Keil.STM32F1xx_DFP.2.2.0
                STMicroelectronics STM32F1 Series Device Support, Drivers and Examples

<h2>Collection of Component include folders:</h2>
  .\RTE\_workspace
  D:\SoftWare\InstallDirect\Keil\ARM\PACK\Keil\STM32F1xx_DFP\2.2.0\Device\Include

<h2>Collection of Component Files used:</h2>
Build Time Elapsed:  00:00:02
</pre>
</body>
</html>
